Component: ARM Compiler 5.06 update 6 (build 750) Tool: armlink [4d35ed]

==============================================================================

Section Cross References

    main.o(i.advertising_start) refers to nrf_log_frontend.o(i.nrf_log_frontend_std_0) for nrf_log_frontend_std_0
    main.o(i.advertising_start) refers to peer_manager.o(i.pm_peers_delete) for pm_peers_delete
    main.o(i.advertising_start) refers to ble_advertising.o(i.ble_advertising_start) for ble_advertising_start
    main.o(i.advertising_start) refers to app_error.o(i.app_error_handler_bare) for app_error_handler_bare
    main.o(i.advertising_start) refers to nrf_log_frontend.o(log_const_data) for m_nrf_log_app_logs_data_const
    main.o(i.advertising_start) refers to main.o(.bss) for .bss
    main.o(i.application_timers_start) refers to app_timer.o(i.app_timer_start) for app_timer_start
    main.o(i.application_timers_start) refers to app_error.o(i.app_error_handler_bare) for app_error_handler_bare
    main.o(i.application_timers_start) refers to main.o(.constdata) for .constdata
    main.o(i.assert_nrf_callback) refers to app_error_handler_keil.o(.emb_text) for app_error_handler
    main.o(i.battery_level_meas_timeout_handler) refers to sensorsim.o(i.sensorsim_measure) for sensorsim_measure
    main.o(i.battery_level_meas_timeout_handler) refers to ble_bas.o(i.ble_bas_battery_level_update) for ble_bas_battery_level_update
    main.o(i.battery_level_meas_timeout_handler) refers to app_error.o(i.app_error_handler_bare) for app_error_handler_bare
    main.o(i.battery_level_meas_timeout_handler) refers to main.o(.bss) for .bss
    main.o(i.battery_level_meas_timeout_handler) refers to main.o(.data) for .data
    main.o(i.ble_evt_handler) refers to nrf_log_frontend.o(i.nrf_log_frontend_std_0) for nrf_log_frontend_std_0
    main.o(i.ble_evt_handler) refers to bsp.o(i.bsp_indication_set) for bsp_indication_set
    main.o(i.ble_evt_handler) refers to app_error.o(i.app_error_handler_bare) for app_error_handler_bare
    main.o(i.ble_evt_handler) refers to nrf_ble_qwr.o(i.nrf_ble_qwr_conn_handle_assign) for nrf_ble_qwr_conn_handle_assign
    main.o(i.ble_evt_handler) refers to nrf_log_frontend.o(i.nrf_log_frontend_std_1) for nrf_log_frontend_std_1
    main.o(i.ble_evt_handler) refers to nrf_log_frontend.o(i.nrf_log_frontend_std_5) for nrf_log_frontend_std_5
    main.o(i.ble_evt_handler) refers to nrf_log_frontend.o(log_const_data) for m_nrf_log_app_logs_data_const
    main.o(i.ble_evt_handler) refers to main.o(.data) for .data
    main.o(i.ble_evt_handler) refers to main.o(.bss) for .bss
    main.o(i.ble_evt_handler) refers to main.o(.conststring) for .conststring
    main.o(i.bsp_event_handler) refers to main.o(i.sleep_mode_enter) for sleep_mode_enter
    main.o(i.bsp_event_handler) refers to app_error.o(i.app_error_handler_bare) for app_error_handler_bare
    main.o(i.bsp_event_handler) refers to ble_advertising.o(i.ble_advertising_restart_without_whitelist) for ble_advertising_restart_without_whitelist
    main.o(i.bsp_event_handler) refers to main.o(.data) for .data
    main.o(i.bsp_event_handler) refers to main.o(.bss) for .bss
    main.o(i.conn_params_error_handler) refers to app_error.o(i.app_error_handler_bare) for app_error_handler_bare
    main.o(i.gap_params_init) refers to app_error.o(i.app_error_handler_bare) for app_error_handler_bare
    main.o(i.gatt_evt_handler) refers to nrf_log_frontend.o(i.nrf_log_frontend_std_2) for nrf_log_frontend_std_2
    main.o(i.gatt_evt_handler) refers to ble_hrs.o(i.ble_hrs_on_gatt_evt) for ble_hrs_on_gatt_evt
    main.o(i.gatt_evt_handler) refers to nrf_log_frontend.o(log_const_data) for m_nrf_log_app_logs_data_const
    main.o(i.gatt_evt_handler) refers to main.o(.bss) for .bss
    main.o(i.heart_rate_meas_timeout_handler) refers to sensorsim.o(i.sensorsim_measure) for sensorsim_measure
    main.o(i.heart_rate_meas_timeout_handler) refers to ble_hrs.o(i.ble_hrs_heart_rate_measurement_send) for ble_hrs_heart_rate_measurement_send
    main.o(i.heart_rate_meas_timeout_handler) refers to app_error.o(i.app_error_handler_bare) for app_error_handler_bare
    main.o(i.heart_rate_meas_timeout_handler) refers to main.o(.bss) for .bss
    main.o(i.heart_rate_meas_timeout_handler) refers to main.o(.data) for .data
    main.o(i.main) refers to nrf_log_frontend.o(i.nrf_log_init) for nrf_log_init
    main.o(i.main) refers to app_error.o(i.app_error_handler_bare) for app_error_handler_bare
    main.o(i.main) refers to nrf_log_default_backends.o(i.nrf_log_default_backends_init) for nrf_log_default_backends_init
    main.o(i.main) refers to main.o(i.timers_init) for timers_init
    main.o(i.main) refers to bsp.o(i.bsp_init) for bsp_init
    main.o(i.main) refers to bsp_btn_ble.o(i.bsp_btn_ble_init) for bsp_btn_ble_init
    main.o(i.main) refers to nrf_pwr_mgmt.o(i.nrf_pwr_mgmt_init) for nrf_pwr_mgmt_init
    main.o(i.main) refers to nrf_sdh.o(i.nrf_sdh_enable_request) for nrf_sdh_enable_request
[...]
    0x0002cb46   0x0002cb46   0x00000088   Code   RO          910    i.conn_int_encode   ble_advdata.o
    0x0002cbce   0x0002cbce   0x00000004   Code   RO           10    i.conn_params_error_handler  main.o
    0x0002cbd2   0x0002cbd2   0x00000002   PAD
    0x0002cbd4   0x0002cbd4   0x00000048   Code   RO         1106    i.conn_params_negotiation  ble_conn_params.o
    0x0002cc1c   0x0002cc1c   0x00000044   Code   RO         3096    i.conn_sec_failure  security_dispatcher.o
    0x0002cc60   0x0002cc60   0x00000004   Code   RO         2960    i.conn_secure       peer_manager_handler.o
    0x0002cc64   0x0002cc64   0x00000074   Code   RO         8975    i.ctr_drbg_update_internal  ctr_drbg.o
    0x0002ccd8   0x0002ccd8   0x000000c0   Code   RO         1823    i.data_length_update  nrf_ble_gatt.o
    0x0002cd98   0x0002cd98   0x00000030   Code   RO         1400    i.db_update_pending_handle  gatt_cache_manager.o
    0x0002cdc8   0x0002cdc8   0x00000080   Code   RO         6451    i.delete_execute    fds.o
    0x0002ce48   0x0002ce48   0x000000aa   Code   RO         1340    i.descriptor_add    ble_srv_common.o
    0x0002cef2   0x0002cef2   0x00000002   PAD
    0x0002cef4   0x0002cef4   0x0000009c   Code   RO         5974    i.detection_delay_timeout_handler  app_button.o
    0x0002cf90   0x0002cf90   0x00000014   Code   RO         8086    i.dropped_sat16_get  nrf_log_frontend.o
    0x0002cfa4   0x0002cfa4   0x00000040   Code   RO         6199    i.elapsed_ticks_acquire  app_timer.o
    0x0002cfe4   0x0002cfe4   0x0000000a   Code   RO         3097    i.encryption_failure  security_dispatcher.o
    0x0002cfee   0x0002cfee   0x0000000e   Code   RO         4628    i.entropy_callback  nrf_hw_backend_rng_mbedtls.o
    0x0002cffc   0x0002cffc   0x0000004c   Code   RO         7378    i.erase             nrf_fstorage_sd.o
    0x0002d048   0x0002d048   0x00000074   Code   RO         6452    i.event_prepare     fds.o
    0x0002d0bc   0x0002d0bc   0x00000020   Code   RO         6453    i.event_send        fds.o
    0x0002d0dc   0x0002d0dc   0x00000054   Code   RO         7379    i.event_send        nrf_fstorage_sd.o
    0x0002d130   0x0002d130   0x000000ac   Code   RO         3235    i.events_send_from_err_code  security_manager.o
    0x0002d1dc   0x0002d1dc   0x0000001c   Code   RO         1401    i.evt_send          gatt_cache_manager.o
    0x0002d1f8   0x0002d1f8   0x0000001c   Code   RO         1562    i.evt_send          gatts_cache_manager.o
    0x0002d214   0x0002d214   0x0000002c   Code   RO         2660    i.evt_send          peer_manager.o
    0x0002d240   0x0002d240   0x0000001c   Code   RO         3098    i.evt_send          security_dispatcher.o
    0x0002d25c   0x0002d25c   0x0000000c   Code   RO         3236    i.evt_send          security_manager.o
    0x0002d268   0x0002d268   0x000000ec   Code   RO         2310    i.fds_evt_handler   peer_data_storage.o
    0x0002d354   0x0002d354   0x00000044   Code   RO         6455    i.fds_file_delete   fds.o
    0x0002d398   0x0002d398   0x0000003c   Code   RO         6456    i.fds_gc            fds.o
    0x0002d3d4   0x0002d3d4   0x000000e0   Code   RO         6457    i.fds_init          fds.o
    0x0002d4b4   0x0002d4b4   0x00000040   Code   RO         6458    i.fds_record_close  fds.o
    0x0002d4f4   0x0002d4f4   0x0000000e   Code   RO         6460    i.fds_record_find   fds.o
    0x0002d502   0x0002d502   0x00000010   Code   RO         6461    i.fds_record_find_by_key  fds.o
    0x0002d512   0x0002d512   0x00000010   Code   RO         6462    i.fds_record_find_in_file  fds.o
    0x0002d522   0x0002d522   0x00000010   Code   RO         6463    i.fds_record_id_from_desc  fds.o
    0x0002d532   0x0002d532   0x00000002   PAD
    0x0002d534   0x0002d534   0x00000048   Code   RO         6465    i.fds_record_open   fds.o
    0x0002d57c   0x0002d57c   0x0000000e   Code   RO         6466    i.fds_record_update  fds.o
    0x0002d58a   0x0002d58a   0x00000008   Code   RO         6467    i.fds_record_write  fds.o
    0x0002d592   0x0002d592   0x00000002   PAD
    0x0002d594   0x0002d594   0x0000002c   Code   RO         6469    i.fds_register      fds.o
    0x0002d5c0   0x0002d5c0   0x00000014   Code   RO         2311    i.file_id_within_pm_range  peer_data_storage.o
    0x0002d5d4   0x0002d5d4   0x00000012   Code   RO         3099    i.flag_id_init      security_dispatcher.o
    0x0002d5e6   0x0002d5e6   0x00000012   Code   RO         3237    i.flag_id_init      security_manager.o
    0x0002d5f8   0x0002d5f8   0x00000028   Code   RO         1019    i.flags_set         ble_advertising.o
    0x0002d620   0x0002d620   0x00000030   Code   RO         3238    i.flags_set_from_err_code  security_manager.o
    0x0002d650   0x0002d650   0x00000030   Code   RO         1194    i.for_each_set_flag  ble_conn_state.o
    0x0002d680   0x0002d680   0x00000006   Code   RO         6473    i.fs_event_handler  fds.o
    0x0002d686   0x0002d686   0x00000002   PAD
    0x0002d688   0x0002d688   0x0000006c   Code   RO           11    i.gap_params_init   main.o
    0x0002d6f4   0x0002d6f4   0x00000070   Code   RO           12    i.gatt_evt_handler  main.o
    0x0002d764   0x0002d764   0x0000007c   Code   RO         6474    i.gc_execute        fds.o
    0x0002d7e0   0x0002d7e0   0x0000004c   Code   RO         6475    i.gc_next_page      fds.o
    0x0002d82c   0x0002d82c   0x00000040   Code   RO         6476    i.gc_page_erase     fds.o
    0x0002d86c   0x0002d86c   0x00000034   Code   RO         6477    i.gc_record_copy    fds.o
    0x0002d8a0   0x0002d8a0   0x00000024   Code   RO         6478    i.gc_record_find_next  fds.o
    0x0002d8c4   0x0002d8c4   0x00000088   Code   RO         6479    i.gc_state_advance  fds.o
    0x0002d94c   0x0002d94c   0x00000230   Code   RO         1402    i.gcm_ble_evt_handler  gatt_cache_manager.o
    0x0002db7c   0x0002db7c   0x0000003c   Code   RO         1403    i.gcm_im_evt_handler  gatt_cache_manager.o
    0x0002dbb8   0x0002dbb8   0x00000094   Code   RO         1404    i.gcm_init          gatt_cache_manager.o
    0x0002dc4c   0x0002dc4c   0x00000088   Code   RO         1407    i.gcm_pdb_evt_handler  gatt_cache_manager.o
    0x0002dcd4   0x0002dcd4   0x00000068   Code   RO         4089    i.generate          nrf_crypto_rng.o
    0x0002dd3c   0x0002dd3c   0x000000c8   Code   RO         4090    i.generate_in_range  nrf_crypto_rng.o
    0x0002de04   0x0002de04   0x00000084   Code   RO         5975    i.gpiote_event_handler  app_button.o
    0x0002de88   0x0002de88   0x0000001c   Code   RO         1563    i.gscm_db_change_notification_done  gatts_cache_manager.o
    0x0002dea4   0x0002dea4   0x00000014   Code   RO         1564    i.gscm_init         gatts_cache_manager.o
    0x0002deb8   0x0002deb8   0x00000090   Code   RO         1566    i.gscm_local_db_cache_apply  gatts_cache_manager.o
    0x0002df48   0x0002df48   0x000000ac   Code   RO         1567    i.gscm_local_db_cache_update  gatts_cache_manager.o
    0x0002dff4   0x0002dff4   0x00000018   Code   RO         1568    i.gscm_pdb_evt_handler  gatts_cache_manager.o
    0x0002e00c   0x0002e00c   0x0000001e   Code   RO         1569    i.gscm_service_changed_ind_needed  gatts_cache_manager.o
    0x0002e02a   0x0002e02a   0x00000002   PAD
    0x0002e02c   0x0002e02c   0x0000005c   Code   RO         1570    i.gscm_service_changed_ind_send  gatts_cache_manager.o
    0x0002e088   0x0002e088   0x00000026   Code   RO         6480    i.header_check      fds.o
    0x0002e0ae   0x0002e0ae   0x00000012   Code   RO         6481    i.header_has_next   fds.o
    0x0002e0c0   0x0002e0c0   0x00000058   Code   RO           13    i.heart_rate_meas_timeout_handler  main.o
    0x0002e118   0x0002e118   0x00000098   Code   RO         3501    i.hrm_encode        ble_hrs.o
    0x0002e1b0   0x0002e1b0   0x00000046   Code   RO         1659    i.im_address_resolve  id_manager.o
    0x0002e1f6   0x0002e1f6   0x00000002   PAD
    0x0002e1f8   0x0002e1f8   0x00000038   Code   RO         1660    i.im_ble_addr_get   id_manager.o
    0x0002e230   0x0002e230   0x000000dc   Code   RO         1661    i.im_ble_evt_handler  id_manager.o
    0x0002e30c   0x0002e30c   0x00000040   Code   RO         1662    i.im_conn_handle_get  id_manager.o
    0x0002e34c   0x0002e34c   0x00000038   Code   RO         1664    i.im_find_duplicate_bonding_data  id_manager.o
    0x0002e384   0x0002e384   0x00000072   Code   RO         1667    i.im_is_duplicate_bonding_data  id_manager.o
    0x0002e3f6   0x0002e3f6   0x00000018   Code   RO         1668    i.im_master_id_is_valid  id_manager.o
    0x0002e40e   0x0002e40e   0x0000002a   Code   RO         1669    i.im_master_ids_compare  id_manager.o
    0x0002e438   0x0002e438   0x00000014   Code   RO         1670    i.im_new_peer_id    id_manager.o
    0x0002e44c   0x0002e44c   0x0000002c   Code   RO         1671    i.im_peer_free      id_manager.o
    0x0002e478   0x0002e478   0x00000024   Code   RO         1672    i.im_peer_id_get_by_conn_handle  id_manager.o
    0x0002e49c   0x0002e49c   0x0000003c   Code   RO         1673    i.im_peer_id_get_by_master_id  id_manager.o
    0x0002e4d8   0x0002e4d8   0x00000034   Code   RO         7380    i.init              nrf_fstorage_sd.o
    0x0002e50c   0x0002e50c   0x000000c8   Code   RO         6482    i.init_execute      fds.o
    0x0002e5d4   0x0002e5d4   0x00000014   Code   RO         1107    i.instance_get      ble_conn_params.o
    0x0002e5e8   0x0002e5e8   0x000000a6   Code   RO         7252    i.int_print         nrf_fprintf_format.o
    0x0002e68e   0x0002e68e   0x00000002   PAD
    0x0002e690   0x0002e690   0x0000007c   Code   RO         5816    i.interrupts_enable  nrfx_uarte.o
    0x0002e70c   0x0002e70c   0x00000034   Code   RO         8087    i.invalid_packets_omit  nrf_log_frontend.o
    0x0002e740   0x0002e740   0x00000010   Code   RO         7381    i.is_busy           nrf_fstorage_sd.o
    0x0002e750   0x0002e750   0x00000044   Code   RO         1108    i.is_conn_params_ok  ble_conn_params.o
    0x0002e794   0x0002e794   0x00000014   Code   RO         1678    i.is_valid_irk      id_manager.o
    0x0002e7a8   0x0002e7a8   0x00000024   Code   RO         4091    i.is_vector_greater_or_equal  nrf_crypto_rng.o
    0x0002e7cc   0x0002e7cc   0x0000000c   Code   RO         6483    i.is_word_aligned   fds.o
    0x0002e7d8   0x0002e7d8   0x00000030   Code   RO          623    i.leds_off          bsp.o
    0x0002e808   0x0002e808   0x00000014   Code   RO          624    i.leds_timer_handler  bsp.o
    0x0002e81c   0x0002e81c   0x00000018   Code   RO         1824    i.link_init         nrf_ble_gatt.o
    0x0002e834   0x0002e834   0x000000d0   Code   RO         3239    i.link_secure       security_manager.o
    0x0002e904   0x0002e904   0x0000003c   Code   RO         3100    i.link_secure_failure  security_dispatcher.o
    0x0002e940   0x0002e940   0x0000002c   Code   RO         3240    i.link_secure_pending_handle  security_manager.o
    0x0002e96c   0x0002e96c   0x000000f8   Code   RO         6200    i.list_insertions_handler  app_timer.o
    0x0002ea64   0x0002ea64   0x000000a8   Code   RO         1408    i.local_db_apply_in_evt  gatt_cache_manager.o
    0x0002eb0c   0x0002eb0c   0x00000010   Code   RO         1409    i.local_db_update   gatt_cache_manager.o
    0x0002eb1c   0x0002eb1c   0x0000010c   Code   RO         1410    i.local_db_update_in_evt  gatt_cache_manager.o
    0x0002ec28   0x0002ec28   0x0000009c   Code   RO         8088    i.log_skip          nrf_log_frontend.o
    0x0002ecc4   0x0002ecc4   0x000001a4   Code   RO           14    i.main              main.o
    0x0002ee68   0x0002ee68   0x00000064   Code   RO          911    i.manuf_specific_data_encode  ble_advdata.o
    0x0002eecc   0x0002eecc   0x0000001a   Code   RO         8900    i.mbedtls_aes_crypt_ecb  aes.o
    0x0002eee6   0x0002eee6   0x00000002   PAD
    0x0002eee8   0x0002eee8   0x000003c8   Code   RO         8901    i.mbedtls_aes_decrypt  aes.o
    0x0002f2b0   0x0002f2b0   0x000003c8   Code   RO         8902    i.mbedtls_aes_encrypt  aes.o
    0x0002f678   0x0002f678   0x00000016   Code   RO         8903    i.mbedtls_aes_free  aes.o
    0x0002f68e   0x0002f68e   0x00000008   Code   RO         8904    i.mbedtls_aes_init  aes.o
    0x0002f696   0x0002f696   0x00000002   PAD
    0x0002f698   0x0002f698   0x0000019c   Code   RO         8906    i.mbedtls_aes_setkey_enc  aes.o
    0x0002f834   0x0002f834   0x0000001e   Code   RO         8976    i.mbedtls_ctr_drbg_free  ctr_drbg.o
    0x0002f852   0x0002f852   0x00000008   Code   RO         8977    i.mbedtls_ctr_drbg_init  ctr_drbg.o
    0x0002f85a   0x0002f85a   0x0000000c   Code   RO         8978    i.mbedtls_ctr_drbg_random  ctr_drbg.o
    0x0002f866   0x0002f866   0x000000ba   Code   RO         8979    i.mbedtls_ctr_drbg_random_with_add  ctr_drbg.o
    0x0002f920   0x0002f920   0x0000006a   Code   RO         8980    i.mbedtls_ctr_drbg_reseed  ctr_drbg.o
    0x0002f98a   0x0002f98a   0x00000010   Code   RO         8981    i.mbedtls_ctr_drbg_seed  ctr_drbg.o
    0x0002f99a   0x0002f99a   0x0000004c   Code   RO         8982    i.mbedtls_ctr_drbg_seed_entropy_len  ctr_drbg.o
    0x0002f9e6   0x0002f9e6   0x0000007e   Code   RO         7490    i.memobj_op         nrf_memobj.o
    0x0002fa64   0x0002fa64   0x00000030   Code   RO         8089    i.module_idx_get    nrf_log_frontend.o
    0x0002fa94   0x0002fa94   0x00000008   Code   RO         3047    i.mutex_lock_status_get  pm_buffer.o
    0x0002fa9c   0x0002fa9c   0x000000a6   Code   RO          912    i.name_encode       ble_advdata.o
    0x0002fb42   0x0002fb42   0x00000002   PAD
    0x0002fb44   0x0002fb44   0x00000014   Code   RO         3241    i.new_context_get   security_manager.o
    0x0002fb58   0x0002fb58   0x00000030   Code   RO         2570    i.next_id_get       peer_id.o
    0x0002fb88   0x0002fb88   0x00000010   Code   RO         6905    i.nrf_atfifo_clear  nrf_atfifo.o
    0x0002fb98   0x0002fb98   0x00000026   Code   RO         6907    i.nrf_atfifo_init   nrf_atfifo.o
    0x0002fbbe   0x0002fbbe   0x00000016   Code   RO         6908    i.nrf_atfifo_item_alloc  nrf_atfifo.o
    0x0002fbd4   0x0002fbd4   0x00000016   Code   RO         6909    i.nrf_atfifo_item_free  nrf_atfifo.o
    0x0002fbea   0x0002fbea   0x00000016   Code   RO         6910    i.nrf_atfifo_item_get  nrf_atfifo.o
    0x0002fc00   0x0002fc00   0x00000016   Code   RO         6911    i.nrf_atfifo_item_put  nrf_atfifo.o
    0x0002fc16   0x0002fc16   0x00000016   Code   RO         6973    i.nrf_atflags_clear  nrf_atflags.o
    0x0002fc2c   0x0002fc2c   0x00000020   Code   RO         6975    i.nrf_atflags_fetch_set  nrf_atflags.o
    0x0002fc4c   0x0002fc4c   0x0000004a   Code   RO         6977    i.nrf_atflags_find_and_set_flag  nrf_atflags.o
    0x0002fc96   0x0002fc96   0x00000016   Code   RO         6978    i.nrf_atflags_get   nrf_atflags.o
    0x0002fcac   0x0002fcac   0x00000014   Code   RO         6980    i.nrf_atflags_set   nrf_atflags.o
    0x0002fcc0   0x0002fcc0   0x00000006   Code   RO         7041    i.nrf_atomic_flag_clear_fetch  nrf_atomic.o
    0x0002fcc6   0x0002fcc6   0x00000006   Code   RO         7042    i.nrf_atomic_flag_set  nrf_atomic.o
    0x0002fccc   0x0002fccc   0x00000006   Code   RO         7043    i.nrf_atomic_flag_set_fetch  nrf_atomic.o
    0x0002fcd2   0x0002fcd2   0x0000000c   Code   RO         7044    i.nrf_atomic_u32_add  nrf_atomic.o
    0x0002fcde   0x0002fcde   0x0000000c   Code   RO         7045    i.nrf_atomic_u32_and  nrf_atomic.o
    0x0002fcea   0x0002fcea   0x0000000a   Code   RO         7047    i.nrf_atomic_u32_fetch_add  nrf_atomic.o
    0x0002fcf4   0x0002fcf4   0x0000000a   Code   RO         7048    i.nrf_atomic_u32_fetch_and  nrf_atomic.o
    0x0002fcfe   0x0002fcfe   0x0000000a   Code   RO         7049    i.nrf_atomic_u32_fetch_or  nrf_atomic.o
    0x0002fd08   0x0002fd08   0x0000000a   Code   RO         7050    i.nrf_atomic_u32_fetch_store  nrf_atomic.o
    0x0002fd12   0x0002fd12   0x0000000c   Code   RO         7054    i.nrf_atomic_u32_or  nrf_atomic.o
    0x0002fd1e   0x0002fd1e   0x0000000c   Code   RO         7056    i.nrf_atomic_u32_sub  nrf_atomic.o
    0x0002fd2a   0x0002fd2a   0x00000044   Code   RO         7175    i.nrf_balloc_alloc  nrf_balloc.o
    0x0002fd6e   0x0002fd6e   0x00000030   Code   RO         7176    i.nrf_balloc_free   nrf_balloc.o
    0x0002fd9e   0x0002fd9e   0x00000030   Code   RO         7177    i.nrf_balloc_init   nrf_balloc.o
    0x0002fdce   0x0002fdce   0x00000010   Code   RO         5245    i.nrf_bitmask_bit_is_set  nrfx_gpiote.o
    0x0002fdde   0x0002fdde   0x00000014   Code   RO         5246    i.nrf_bitmask_bit_set  nrfx_gpiote.o
    0x0002fdf2   0x0002fdf2   0x00000022   Code   RO         1830    i.nrf_ble_gatt_init  nrf_ble_gatt.o
    0x0002fe14   0x0002fe14   0x00000150   Code   RO         1831    i.nrf_ble_gatt_on_ble_evt  nrf_ble_gatt.o
    0x0002ff64   0x0002ff64   0x00000074   Code   RO         1926    i.nrf_ble_lesc_init  nrf_ble_lesc.o
    0x0002ffd8   0x0002ffd8   0x00000148   Code   RO         1927    i.nrf_ble_lesc_keypair_generate  nrf_ble_lesc.o
    0x00030120   0x00030120   0x000000c8   Code   RO         1928    i.nrf_ble_lesc_on_ble_evt  nrf_ble_lesc.o
    0x000301e8   0x000301e8   0x0000003c   Code   RO         1932    i.nrf_ble_lesc_public_key_get  nrf_ble_lesc.o
    0x00030224   0x00030224   0x00000050   Code   RO         1933    i.nrf_ble_lesc_request_handler  nrf_ble_lesc.o
    0x00030274   0x00030274   0x00000016   Code   RO         2269    i.nrf_ble_qwr_conn_handle_assign  nrf_ble_qwr.o
    0x0003028a   0x0003028a   0x00000024   Code   RO         2270    i.nrf_ble_qwr_init  nrf_ble_qwr.o
    0x000302ae   0x000302ae   0x000000b6   Code   RO         2271    i.nrf_ble_qwr_on_ble_evt  nrf_ble_qwr.o
    0x00030364   0x00030364   0x0000000e   Code   RO         5104    i.nrf_clock_event_check  nrfx_clock.o
    0x00030372   0x00030372   0x00000010   Code   RO         5105    i.nrf_clock_event_clear  nrfx_clock.o
    0x00030382   0x00030382   0x00000010   Code   RO         4379    i.nrf_crypto_backend_curve25519_ecdh_compute  oberon_backend_ecdh.o
    0x00030392   0x00030392   0x0000003a   Code   RO         4256    i.nrf_crypto_backend_curve25519_key_pair_generate  oberon_backend_ecc.o
    0x000303cc   0x000303cc   0x00000010   Code   RO         4257    i.nrf_crypto_backend_curve25519_public_key_calculate  oberon_backend_ecc.o
    0x000303dc   0x000303dc   0x00000032   Code   RO         4258    i.nrf_crypto_backend_ed25519_key_pair_generate  oberon_backend_ecc.o
    0x0003040e   0x0003040e   0x0000001c   Code   RO         4259    i.nrf_crypto_backend_ed25519_private_key_from_raw  oberon_backend_ecc.o
    0x0003042a   0x0003042a   0x00000012   Code   RO         4260    i.nrf_crypto_backend_ed25519_public_key_calculate  oberon_backend_ecc.o
    0x0003043c   0x0003043c   0x00000010   Code   RO         4261    i.nrf_crypto_backend_oberon_ecc_secp256r1_rng  oberon_backend_ecc.o
    0x0003044c   0x0003044c   0x00000010   Code   RO         4262    i.nrf_crypto_backend_oberon_private_key_from_raw  oberon_backend_ecc.o
    0x0003045c   0x0003045c   0x00000016   Code   RO         4263    i.nrf_crypto_backend_oberon_private_key_to_raw  oberon_backend_ecc.o
    0x00030472   0x00030472   0x00000010   Code   RO         4264    i.nrf_crypto_backend_oberon_public_key_from_raw  oberon_backend_ecc.o
    0x00030482   0x00030482   0x00000016   Code   RO         4265    i.nrf_crypto_backend_oberon_public_key_to_raw  oberon_backend_ecc.o
    0x00030498   0x00030498   0x00000016   Code   RO         4380    i.nrf_crypto_backend_secp256r1_ecdh_compute  oberon_backend_ecdh.o
    0x000304ae   0x000304ae   0x00000026   Code   RO         4266    i.nrf_crypto_backend_secp256r1_key_pair_generate  oberon_backend_ecc.o
    0x000304d4   0x000304d4   0x00000016   Code   RO         4267    i.nrf_crypto_backend_secp256r1_public_key_calculate  oberon_backend_ecc.o
    0x000304ea   0x000304ea   0x00000048   Code   RO         3661    i.nrf_crypto_ecc_byte_order_invert  nrf_crypto_ecc.o
    0x00030532   0x00030532   0x00000002   PAD
    0x00030534   0x00030534   0x00000088   Code   RO         3663    i.nrf_crypto_ecc_key_pair_generate  nrf_crypto_ecc.o
    0x000305bc   0x000305bc   0x00000048   Code   RO         3669    i.nrf_crypto_ecc_public_key_from_raw  nrf_crypto_ecc.o
    0x00030604   0x00030604   0x00000044   Code   RO         3670    i.nrf_crypto_ecc_public_key_to_raw  nrf_crypto_ecc.o
    0x00030648   0x00030648   0x000000a0   Code   RO         3762    i.nrf_crypto_ecdh_compute  nrf_crypto_ecdh.o
    0x000306e8   0x000306e8   0x00000040   Code   RO         4044    i.nrf_crypto_init   nrf_crypto_init.o
    0x00030728   0x00030728   0x00000018   Code   RO         3671    i.nrf_crypto_internal_ecc_key_input_check  nrf_crypto_ecc.o
    0x00030740   0x00030740   0x0000001a   Code   RO         3672    i.nrf_crypto_internal_ecc_key_output_prepare  nrf_crypto_ecc.o
    0x0003075a   0x0003075a   0x00000016   Code   RO         3673    i.nrf_crypto_internal_ecc_raw_input_check  nrf_crypto_ecc.o
    0x00030770   0x00030770   0x0000001c   Code   RO         3674    i.nrf_crypto_internal_ecc_raw_output_prepare  nrf_crypto_ecc.o
    0x0003078c   0x0003078c   0x0000001c   Code   RO         4046    i.nrf_crypto_is_initializing  nrf_crypto_init.o
    0x000307a8   0x000307a8   0x00000034   Code   RO         4629    i.nrf_crypto_rng_backend_init  nrf_hw_backend_rng_mbedtls.o
    0x000307dc   0x000307dc   0x00000014   Code   RO         4630    i.nrf_crypto_rng_backend_reseed  nrf_hw_backend_rng_mbedtls.o
    0x000307f0   0x000307f0   0x00000010   Code   RO         4631    i.nrf_crypto_rng_backend_uninit  nrf_hw_backend_rng_mbedtls.o
    0x00030800   0x00030800   0x00000010   Code   RO         4632    i.nrf_crypto_rng_backend_vector_generate  nrf_hw_backend_rng_mbedtls.o
    0x00030810   0x00030810   0x000000b4   Code   RO         4092    i.nrf_crypto_rng_init  nrf_crypto_rng.o
    0x000308c4   0x000308c4   0x00000098   Code   RO         4093    i.nrf_crypto_rng_reseed  nrf_crypto_rng.o
    0x0003095c   0x0003095c   0x00000038   Code   RO         4094    i.nrf_crypto_rng_uninit  nrf_crypto_rng.o
    0x00030994   0x00030994   0x00000006   Code   RO         4095    i.nrf_crypto_rng_vector_generate  nrf_crypto_rng.o
    0x0003099a   0x0003099a   0x0000000c   Code   RO         4096    i.nrf_crypto_rng_vector_generate_in_range  nrf_crypto_rng.o
    0x000309a6   0x000309a6   0x00000002   PAD
    0x000309a8   0x000309a8   0x00000038   Code   RO         4697    i.nrf_drv_clock_init  nrf_drv_clock.o
    0x000309e0   0x000309e0   0x00000030   Code   RO         4701    i.nrf_drv_clock_lfclk_release  nrf_drv_clock.o
    0x00030a10   0x00030a10   0x00000028   Code   RO         4835    i.nrf_drv_rng_block_rand  nrf_drv_rng.o
    0x00030a38   0x00030a38   0x00000058   Code   RO         4837    i.nrf_drv_rng_init  nrf_drv_rng.o
    0x00030a90   0x00030a90   0x00000060   Code   RO         4838    i.nrf_drv_rng_rand  nrf_drv_rng.o
    0x00030af0   0x00030af0   0x00000038   Code   RO         4839    i.nrf_drv_rng_uninit  nrf_drv_rng.o
    0x00030b28   0x00030b28   0x00000068   Code   RO         4912    i.nrf_drv_uart_init  nrf_drv_uart.o
    0x00030b90   0x00030b90   0x0000001a   Code   RO         7212    i.nrf_fprintf       nrf_fprintf.o
    0x00030baa   0x00030baa   0x00000018   Code   RO         7213    i.nrf_fprintf_buffer_flush  nrf_fprintf.o
    0x00030bc2   0x00030bc2   0x000001da   Code   RO         7253    i.nrf_fprintf_fmt   nrf_fprintf_format.o
    0x00030d9c   0x00030d9c   0x00000138   Code   RO         7293    i.nrf_fstorage_erase  nrf_fstorage.o
    0x00030ed4   0x00030ed4   0x00000094   Code   RO         7294    i.nrf_fstorage_init  nrf_fstorage.o
    0x00030f68   0x00030f68   0x00000018   Code   RO         7382    i.nrf_fstorage_sdh_req_handler  nrf_fstorage_sd.o
    0x00030f80   0x00030f80   0x00000020   Code   RO         7383    i.nrf_fstorage_sdh_state_handler  nrf_fstorage_sd.o
    0x00030fa0   0x00030fa0   0x000000a4   Code   RO         7384    i.nrf_fstorage_sys_evt_handler  nrf_fstorage_sd.o
    0x00031044   0x00031044   0x000001dc   Code   RO         7300    i.nrf_fstorage_write  nrf_fstorage.o
    0x00031220   0x00031220   0x00000024   Code   RO          487    i.nrf_gpio_cfg      boards.o
    0x00031244   0x00031244   0x00000024   Code   RO         5247    i.nrf_gpio_cfg      nrfx_gpiote.o
    0x00031268   0x00031268   0x00000024   Code   RO         5631    i.nrf_gpio_cfg      nrfx_uart.o
    0x0003128c   0x0003128c   0x00000024   Code   RO         5817    i.nrf_gpio_cfg      nrfx_uarte.o
    0x000312b0   0x000312b0   0x00000012   Code   RO         5632    i.nrf_gpio_cfg_default  nrfx_uart.o
    0x000312c2   0x000312c2   0x00000012   Code   RO         5818    i.nrf_gpio_cfg_default  nrfx_uarte.o
    0x000312d4   0x000312d4   0x00000012   Code   RO         5633    i.nrf_gpio_cfg_input  nrfx_uart.o
    0x000312e6   0x000312e6   0x00000012   Code   RO         5819    i.nrf_gpio_cfg_input  nrfx_uarte.o
    0x000312f8   0x000312f8   0x00000014   Code   RO         5634    i.nrf_gpio_cfg_output  nrfx_uart.o
    0x0003130c   0x0003130c   0x00000014   Code   RO         5820    i.nrf_gpio_cfg_output  nrfx_uarte.o
    0x00031320   0x00031320   0x00000022   Code   RO         5249    i.nrf_gpio_cfg_sense_set  nrfx_gpiote.o
    0x00031342   0x00031342   0x00000016   Code   RO          488    i.nrf_gpio_pin_write  boards.o
    0x00031358   0x00031358   0x00000028   Code   RO         5250    i.nrf_gpio_ports_read  nrfx_gpiote.o
    0x00031380   0x00031380   0x00000014   Code   RO         5251    i.nrf_gpiote_event_clear  nrfx_gpiote.o
    0x00031394   0x00031394   0x00000010   Code   RO         5252    i.nrf_gpiote_event_is_set  nrfx_gpiote.o
    0x000313a4   0x000313a4   0x00000008   Code   RO         4579    i.nrf_hw_backend_init  nrf_hw_backend_init.o
    0x000313ac   0x000313ac   0x00000004   Code   RO         4580    i.nrf_hw_backend_uninit  nrf_hw_backend_init.o
    0x000313b0   0x000313b0   0x0000005c   Code   RO         8090    i.nrf_log_backend_add  nrf_log_frontend.o
    0x0003140c   0x0003140c   0x000000c8   Code   RO         7929    i.nrf_log_backend_serial_put  nrf_log_backend_serial.o
    0x000314d4   0x000314d4   0x00000002   Code   RO         7969    i.nrf_log_backend_uart_flush  nrf_log_backend_uart.o
    0x000314d6   0x000314d6   0x00000006   Code   RO         7970    i.nrf_log_backend_uart_init  nrf_log_backend_uart.o
    0x000314dc   0x000314dc   0x0000002c   Code   RO         7971    i.nrf_log_backend_uart_panic_set  nrf_log_backend_uart.o
    0x00031508   0x00031508   0x00000018   Code   RO         7972    i.nrf_log_backend_uart_put  nrf_log_backend_uart.o
    0x00031520   0x00031520   0x00000030   Code   RO         8092    i.nrf_log_color_id_get  nrf_log_frontend.o
    0x00031550   0x00031550   0x0000001c   Code   RO         8048    i.nrf_log_default_backends_init  nrf_log_default_backends.o
    0x0003156c   0x0003156c   0x00000234   Code   RO         8093    i.nrf_log_frontend_dequeue  nrf_log_frontend.o
    0x000317a0   0x000317a0   0x00000008   Code   RO         8095    i.nrf_log_frontend_std_0  nrf_log_frontend.o
    0x000317a8   0x000317a8   0x0000000e   Code   RO         8096    i.nrf_log_frontend_std_1  nrf_log_frontend.o
    0x000317b6   0x000317b6   0x00000010   Code   RO         8097    i.nrf_log_frontend_std_2  nrf_log_frontend.o
    0x000317c6   0x000317c6   0x00000012   Code   RO         8098    i.nrf_log_frontend_std_3  nrf_log_frontend.o
    0x000317d8   0x000317d8   0x00000014   Code   RO         8099    i.nrf_log_frontend_std_4  nrf_log_frontend.o
    0x000317ec   0x000317ec   0x0000001c   Code   RO         8100    i.nrf_log_frontend_std_5  nrf_log_frontend.o
    0x00031808   0x00031808   0x000000b0   Code   RO         8270    i.nrf_log_hexdump_entry_process  nrf_log_str_formatter.o
    0x000318b8   0x000318b8   0x0000003c   Code   RO         8102    i.nrf_log_init      nrf_log_frontend.o
    0x000318f4   0x000318f4   0x00000014   Code   RO         8103    i.nrf_log_module_cnt_get  nrf_log_frontend.o
    0x00031908   0x00031908   0x0000001c   Code   RO         8106    i.nrf_log_module_name_get  nrf_log_frontend.o
    0x00031924   0x00031924   0x0000002c   Code   RO         8107    i.nrf_log_panic     nrf_log_frontend.o
    0x00031950   0x00031950   0x000000b6   Code   RO         8271    i.nrf_log_std_entry_process  nrf_log_str_formatter.o
    0x00031a06   0x00031a06   0x00000060   Code   RO         7491    i.nrf_memobj_alloc  nrf_memobj.o
    0x00031a66   0x00031a66   0x00000032   Code   RO         7492    i.nrf_memobj_free   nrf_memobj.o
    0x00031a98   0x00031a98   0x00000008   Code   RO         7493    i.nrf_memobj_get    nrf_memobj.o
    0x00031aa0   0x00031aa0   0x00000004   Code   RO         7494    i.nrf_memobj_pool_init  nrf_memobj.o
    0x00031aa4   0x00031aa4   0x0000001e   Code   RO         7495    i.nrf_memobj_put    nrf_memobj.o
    0x00031ac2   0x00031ac2   0x00000010   Code   RO         7496    i.nrf_memobj_read   nrf_memobj.o
    0x00031ad2   0x00031ad2   0x00000010   Code   RO         7497    i.nrf_memobj_write  nrf_memobj.o
    0x00031ae2   0x00031ae2   0x00000002   PAD
    0x00031ae4   0x00031ae4   0x00000028   Code   RO         7569    i.nrf_pwr_mgmt_init  nrf_pwr_mgmt.o
    0x00031b0c   0x00031b0c   0x00000044   Code   RO         7570    i.nrf_pwr_mgmt_run  nrf_pwr_mgmt.o
    0x00031b50   0x00031b50   0x0000001e   Code   RO         7642    i.nrf_queue_is_full  nrf_queue.o
    0x00031b6e   0x00031b6e   0x0000000e   Code   RO         7645    i.nrf_queue_next_idx  nrf_queue.o
    0x00031b7c   0x00031b7c   0x000000b2   Code   RO         7647    i.nrf_queue_push    nrf_queue.o
    0x00031c2e   0x00031c2e   0x0000003e   Code   RO         7648    i.nrf_queue_read    nrf_queue.o
    0x00031c6c   0x00031c6c   0x00000022   Code   RO         7649    i.nrf_queue_reset   nrf_queue.o
    0x00031c8e   0x00031c8e   0x00000004   Code   RO           15    i.nrf_qwr_error_handler  main.o
    0x00031c92   0x00031c92   0x0000001c   Code   RO         7756    i.nrf_ringbuf_init  nrf_ringbuf.o
    0x00031cae   0x00031cae   0x00000002   PAD
    0x00031cb0   0x00031cb0   0x00000014   Code   RO         8805    i.nrf_sdh_ble_app_ram_start_get  nrf_sdh_ble.o
    0x00031cc4   0x00031cc4   0x00000134   Code   RO         8806    i.nrf_sdh_ble_default_cfg_set  nrf_sdh_ble.o
    0x00031df8   0x00031df8   0x000001a0   Code   RO         8807    i.nrf_sdh_ble_enable  nrf_sdh_ble.o
    0x00031f98   0x00031f98   0x00000060   Code   RO         8808    i.nrf_sdh_ble_evts_poll  nrf_sdh_ble.o
    0x00031ff8   0x00031ff8   0x00000054   Code   RO         8686    i.nrf_sdh_disable_request  nrf_sdh.o
    0x0003204c   0x0003204c   0x00000074   Code   RO         8687    i.nrf_sdh_enable_request  nrf_sdh.o
    0x000320c0   0x000320c0   0x00000024   Code   RO         8688    i.nrf_sdh_evts_poll  nrf_sdh.o
    0x000320e4   0x000320e4   0x0000000c   Code   RO         8689    i.nrf_sdh_is_enabled  nrf_sdh.o
    0x000320f0   0x000320f0   0x0000001c   Code   RO         8691    i.nrf_sdh_request_continue  nrf_sdh.o
    0x0003210c   0x0003210c   0x0000003c   Code   RO         8864    i.nrf_sdh_soc_evts_poll  nrf_sdh_soc.o
    0x00032148   0x00032148   0x0000000a   Code   RO         7814    i.nrf_section_iter_init  nrf_section_iter.o
    0x00032152   0x00032152   0x00000024   Code   RO         7815    i.nrf_section_iter_item_set  nrf_section_iter.o
    0x00032176   0x00032176   0x00000020   Code   RO         7816    i.nrf_section_iter_next  nrf_section_iter.o
    0x00032196   0x00032196   0x00000002   PAD
    0x00032198   0x00032198   0x00000014   Code   RO         4099    i.nrf_stack_info_overflowed  nrf_crypto_rng.o
    0x000321ac   0x000321ac   0x00000038   Code   RO         7849    i.nrf_strerror_find  nrf_strerror.o
    0x000321e4   0x000321e4   0x00000014   Code   RO         7850    i.nrf_strerror_get  nrf_strerror.o
    0x000321f8   0x000321f8   0x0000000a   Code   RO         5635    i.nrf_uart_event_check  nrfx_uart.o
    0x00032202   0x00032202   0x0000000c   Code   RO         5636    i.nrf_uart_event_clear  nrfx_uart.o
    0x0003220e   0x0003220e   0x0000000c   Code   RO         5637    i.nrf_uart_int_enable_check  nrfx_uart.o
    0x0003221a   0x0003221a   0x0000000a   Code   RO         5821    i.nrf_uarte_event_check  nrfx_uarte.o
    0x00032224   0x00032224   0x0000000c   Code   RO         5822    i.nrf_uarte_event_clear  nrfx_uarte.o
    0x00032230   0x00032230   0x0000002c   Code   RO         5110    i.nrfx_clock_enable  nrfx_clock.o
    0x0003225c   0x0003225c   0x00000020   Code   RO         5113    i.nrfx_clock_init   nrfx_clock.o
    0x0003227c   0x0003227c   0x0000001c   Code   RO         5116    i.nrfx_clock_lfclk_stop  nrfx_clock.o
    0x00032298   0x00032298   0x00000010   Code   RO         6201    i.nrfx_coredep_delay_us  app_timer.o
    0x000322a8   0x000322a8   0x000000a4   Code   RO         5257    i.nrfx_gpiote_in_event_enable  nrfx_gpiote.o
    0x0003234c   0x0003234c   0x000000d0   Code   RO         5258    i.nrfx_gpiote_in_init  nrfx_gpiote.o
    0x0003241c   0x0003241c   0x00000014   Code   RO         5259    i.nrfx_gpiote_in_is_set  nrfx_gpiote.o
    0x00032430   0x00032430   0x0000006c   Code   RO         5261    i.nrfx_gpiote_init  nrfx_gpiote.o
    0x0003249c   0x0003249c   0x00000014   Code   RO         5262    i.nrfx_gpiote_is_init  nrfx_gpiote.o
    0x000324b0   0x000324b0   0x00000010   Code   RO         5823    i.nrfx_is_in_ram    nrfx_uarte.o
    0x000324c0   0x000324c0   0x0000003a   Code   RO         5511    i.nrfx_prs_acquire  nrfx_prs.o
    0x000324fa   0x000324fa   0x00000012   Code   RO         5512    i.nrfx_prs_release  nrfx_prs.o
    0x0003250c   0x0003250c   0x00000038   Code   RO         4840    i.nrfx_rng_handler  nrf_drv_rng.o
    0x00032544   0x00032544   0x00000058   Code   RO         5565    i.nrfx_rng_init     nrfx_rng.o
    0x0003259c   0x0003259c   0x00000020   Code   RO         5566    i.nrfx_rng_start    nrfx_rng.o
    0x000325bc   0x000325bc   0x00000014   Code   RO         5567    i.nrfx_rng_stop     nrfx_rng.o
    0x000325d0   0x000325d0   0x00000028   Code   RO         5568    i.nrfx_rng_uninit   nrfx_rng.o
    0x000325f8   0x000325f8   0x00000010   Code   RO         5638    i.nrfx_uart_0_irq_handler  nrfx_uart.o
    0x00032608   0x00032608   0x000000d0   Code   RO         5640    i.nrfx_uart_init    nrfx_uart.o
    0x000326d8   0x000326d8   0x000000a4   Code   RO         5646    i.nrfx_uart_tx      nrfx_uart.o
    0x0003277c   0x0003277c   0x00000020   Code   RO         5648    i.nrfx_uart_tx_in_progress  nrfx_uart.o
    0x0003279c   0x0003279c   0x000000b4   Code   RO         5649    i.nrfx_uart_uninit  nrfx_uart.o
    0x00032850   0x00032850   0x00000010   Code   RO         5824    i.nrfx_uarte_0_irq_handler  nrfx_uarte.o
    0x00032860   0x00032860   0x0000006c   Code   RO         5826    i.nrfx_uarte_init   nrfx_uarte.o
    0x000328cc   0x000328cc   0x00000090   Code   RO         5830    i.nrfx_uarte_tx     nrfx_uarte.o
    0x0003295c   0x0003295c   0x0000001c   Code   RO         5832    i.nrfx_uarte_tx_in_progress  nrfx_uarte.o
    0x00032978   0x00032978   0x000000b0   Code   RO         5833    i.nrfx_uarte_uninit  nrfx_uarte.o
    0x00032a28   0x00032a28   0x00000004   Code   RO         4268    i.oberon_vector_generate  oberon_backend_ecc.o
    0x00032a2c   0x00032a2c   0x00000054   Code   RO           16    i.on_adv_evt        main.o
    0x00032a80   0x00032a80   0x0000001c   Code   RO           17    i.on_conn_params_evt  main.o
    0x00032a9c   0x00032a9c   0x000000a8   Code   RO         1832    i.on_connected_evt  nrf_ble_gatt.o
    0x00032b44   0x00032b44   0x00000100   Code   RO         1934    i.on_dhkey_request  nrf_ble_lesc.o
    0x00032c44   0x00032c44   0x000000ac   Code   RO         1833    i.on_exchange_mtu_request_evt  nrf_ble_gatt.o
    0x00032cf0   0x00032cf0   0x00000024   Code   RO         6484    i.page_identify     fds.o
    0x00032d14   0x00032d14   0x0000001c   Code   RO         6485    i.page_offsets_update  fds.o
    0x00032d30   0x00032d30   0x0000006c   Code   RO         6486    i.page_scan         fds.o
    0x00032d9c   0x00032d9c   0x0000001c   Code   RO         6487    i.page_tag_write_data  fds.o
    0x00032db8   0x00032db8   0x00000024   Code   RO         6488    i.page_tag_write_swap  fds.o
    0x00032ddc   0x00032ddc   0x0000011c   Code   RO         6489    i.pages_init        fds.o
    0x00032ef8   0x00032ef8   0x0000000c   Code   RO         3101    i.pairing           security_dispatcher.o
    0x00032f04   0x00032f04   0x00000074   Code   RO         3102    i.pairing_failure   security_dispatcher.o
    0x00032f78   0x00032f78   0x0000002e   Code   RO         3103    i.pairing_success_evt_send  security_dispatcher.o
    0x00032fa6   0x00032fa6   0x00000006   Code   RO         3242    i.params_reply_pending_handle  security_manager.o
    0x00032fac   0x00032fac   0x00000028   Code   RO         3243    i.params_req_send   security_manager.o
    0x00032fd4   0x00032fd4   0x0000001c   Code   RO         2450    i.pdb_evt_send      peer_database.o
    0x00032ff0   0x00032ff0   0x00000090   Code   RO         2451    i.pdb_init          peer_database.o
    0x00033080   0x00033080   0x0000007c   Code   RO         2452    i.pdb_pds_evt_handler  peer_database.o
    0x000330fc   0x000330fc   0x00000006   Code   RO         2453    i.pdb_peer_data_ptr_get  peer_database.o
    0x00033102   0x00033102   0x00000002   PAD
    0x00033104   0x00033104   0x0000008c   Code   RO         2454    i.pdb_peer_free     peer_database.o
    0x00033190   0x00033190   0x000000dc   Code   RO         2455    i.pdb_write_buf_get  peer_database.o
    0x0003326c   0x0003326c   0x00000014   Code   RO         2456    i.pdb_write_buf_release  peer_database.o
    0x00033280   0x00033280   0x00000036   Code   RO         2457    i.pdb_write_buf_store  peer_database.o
    0x000332b6   0x000332b6   0x00000002   PAD
    0x000332b8   0x000332b8   0x00000010   Code   RO         2312    i.pds_evt_send      peer_data_storage.o
    0x000332c8   0x000332c8   0x000000dc   Code   RO         2313    i.pds_init          peer_data_storage.o
    0x000333a4   0x000333a4   0x00000004   Code   RO         2314    i.pds_next_deleted_peer_id_get  peer_data_storage.o
    0x000333a8   0x000333a8   0x00000004   Code   RO         2315    i.pds_next_peer_id_get  peer_data_storage.o
    0x000333ac   0x000333ac   0x00000058   Code   RO         2318    i.pds_peer_data_iterate  peer_data_storage.o
    0x00033404   0x00033404   0x00000010   Code   RO         2319    i.pds_peer_data_iterate_prepare  peer_data_storage.o
    0x00033414   0x00033414   0x00000072   Code   RO         2320    i.pds_peer_data_read  peer_data_storage.o
    0x00033486   0x00033486   0x00000002   PAD
    0x00033488   0x00033488   0x000000a0   Code   RO         2321    i.pds_peer_data_store  peer_data_storage.o
    0x00033528   0x00033528   0x00000008   Code   RO         2322    i.pds_peer_id_allocate  peer_data_storage.o
    0x00033530   0x00033530   0x00000016   Code   RO         2323    i.pds_peer_id_free  peer_data_storage.o
    0x00033546   0x00033546   0x00000004   Code   RO         2324    i.pds_peer_id_is_allocated  peer_data_storage.o
    0x0003354a   0x0003354a   0x00000002   PAD
    0x0003354c   0x0003354c   0x0000009c   Code   RO         2326    i.peer_data_delete_process  peer_data_storage.o
    0x000335e8   0x000335e8   0x00000030   Code   RO         2327    i.peer_data_find    peer_data_storage.o
    0x00033618   0x00033618   0x00000024   Code   RO         2328    i.peer_data_id_is_valid  peer_data_storage.o
    0x0003363c   0x0003363c   0x0000001a   Code   RO         2458    i.peer_data_point_to_buffer  peer_database.o
    0x00033656   0x00033656   0x00000002   PAD
    0x00033658   0x00033658   0x0000000c   Code   RO         2571    i.peer_id_allocate  peer_id.o
    0x00033664   0x00033664   0x00000024   Code   RO         2572    i.peer_id_delete    peer_id.o
    0x00033688   0x00033688   0x0000001c   Code   RO         2573    i.peer_id_free      peer_id.o
    0x000336a4   0x000336a4   0x0000000c   Code   RO         2574    i.peer_id_get_next_deleted  peer_id.o
    0x000336b0   0x000336b0   0x00000030   Code   RO         2575    i.peer_id_get_next_used  peer_id.o
    0x000336e0   0x000336e0   0x0000000c   Code   RO         2576    i.peer_id_init      peer_id.o
    0x000336ec   0x000336ec   0x00000014   Code   RO         2577    i.peer_id_is_allocated  peer_id.o
    0x00033700   0x00033700   0x00000014   Code   RO         2578    i.peer_id_is_deleted  peer_id.o
    0x00033714   0x00033714   0x0000006c   Code   RO           18    i.peer_manager_init  main.o
    0x00033780   0x00033780   0x00000012   Code   RO         1020    i.phy_is_valid      ble_advertising.o
    0x00033792   0x00033792   0x00000002   PAD
    0x00033794   0x00033794   0x00000018   Code   RO         5278    i.pin_in_use_by_port  nrfx_gpiote.o
    0x000337ac   0x000337ac   0x00000018   Code   RO         5279    i.pin_in_use_by_te  nrfx_gpiote.o
    0x000337c4   0x000337c4   0x00000064   Code   RO         3048    i.pm_buffer_block_acquire  pm_buffer.o
    0x00033828   0x00033828   0x00000024   Code   RO         3049    i.pm_buffer_init    pm_buffer.o
    0x0003384c   0x0003384c   0x00000028   Code   RO         3050    i.pm_buffer_ptr_get  pm_buffer.o
    0x00033874   0x00033874   0x00000032   Code   RO         3051    i.pm_buffer_release  pm_buffer.o
    0x000338a6   0x000338a6   0x00000002   PAD
    0x000338a8   0x000338a8   0x00000078   Code   RO         2665    i.pm_conn_sec_status_get  peer_manager.o
    0x00033920   0x00033920   0x0000001c   Code   RO         2666    i.pm_conn_secure    peer_manager.o
    0x0003393c   0x0003393c   0x00000020   Code   RO           19    i.pm_evt_handler    main.o
    0x0003395c   0x0003395c   0x00000004   Code   RO         2668    i.pm_gcm_evt_handler  peer_manager.o
    0x00033960   0x00033960   0x00000004   Code   RO         2669    i.pm_gscm_evt_handler  peer_manager.o
    0x00033964   0x00033964   0x00000210   Code   RO         2962    i.pm_handler_flash_clean  peer_manager_handler.o
    0x00033b74   0x00033b74   0x0000001c   Code   RO         2963    i.pm_handler_flash_clean_on_return  peer_manager_handler.o
    0x00033b90   0x00033b90   0x00000054   Code   RO         2964    i.pm_handler_on_pm_evt  peer_manager_handler.o
    0x00033be4   0x00033be4   0x000002dc   Code   RO         2965    i.pm_handler_pm_evt_log  peer_manager_handler.o
    0x00033ec0   0x00033ec0   0x00000004   Code   RO         2672    i.pm_im_evt_handler  peer_manager.o
    0x00033ec4   0x00033ec4   0x000001bc   Code   RO         2673    i.pm_init           peer_manager.o
    0x00034080   0x00034080   0x00000120   Code   RO         2677    i.pm_pdb_evt_handler  peer_manager.o
    0x000341a0   0x000341a0   0x00000014   Code   RO         2688    i.pm_peer_delete    peer_manager.o
    0x000341b4   0x000341b4   0x0000011c   Code   RO         2692    i.pm_peer_rank_highest  peer_manager.o
    0x000342d0   0x000342d0   0x000000ec   Code   RO         2693    i.pm_peer_ranks_get  peer_manager.o
    0x000343bc   0x000343bc   0x00000094   Code   RO         2694    i.pm_peers_delete   peer_manager.o
    0x00034450   0x00034450   0x0000002c   Code   RO         2697    i.pm_register       peer_manager.o
    0x0003447c   0x0003447c   0x00000014   Code   RO         2698    i.pm_sec_params_set  peer_manager.o
    0x00034490   0x00034490   0x0000000a   Code   RO         2699    i.pm_sm_evt_handler  peer_manager.o
    0x0003449a   0x0003449a   0x00000034   Code   RO         3453    i.pnp_id_encode     ble_dis.o
    0x000344ce   0x000344ce   0x00000002   PAD
    0x000344d0   0x000344d0   0x0000003c   Code   RO         8273    i.postfix_process   nrf_log_str_formatter.o
    0x0003450c   0x0003450c   0x00000098   Code   RO         8274    i.prefix_process    nrf_log_str_formatter.o
    0x000345a4   0x000345a4   0x00000018   Code   RO         5513    i.prs_box_get       nrfx_prs.o
    0x000345bc   0x000345bc   0x0000001c   Code   RO         6490    i.queue_buf_get     fds.o
    0x000345d8   0x000345d8   0x00000010   Code   RO         6491    i.queue_buf_store   fds.o
    0x000345e8   0x000345e8   0x00000014   Code   RO         7385    i.queue_free        nrf_fstorage_sd.o
    0x000345fc   0x000345fc   0x000000a0   Code   RO         6492    i.queue_process     fds.o
    0x0003469c   0x0003469c   0x000000a0   Code   RO         7386    i.queue_process     nrf_fstorage_sd.o
    0x0003473c   0x0003473c   0x00000066   Code   RO         7652    i.queue_read        nrf_queue.o
    0x000347a2   0x000347a2   0x00000002   PAD
    0x000347a4   0x000347a4   0x0000001c   Code   RO         6493    i.queue_start       fds.o
    0x000347c0   0x000347c0   0x00000024   Code   RO         7387    i.queue_start       nrf_fstorage_sd.o
    0x000347e4   0x000347e4   0x00000018   Code   RO         7653    i.queue_utilization_get  nrf_queue.o
    0x000347fc   0x000347fc   0x00000010   Code   RO         8809    i.ram_end_address_get  nrf_sdh_ble.o
    0x0003480c   0x0003480c   0x0000001c   Code   RO         2968    i.rank_highest      peer_manager_handler.o
    0x00034828   0x00034828   0x00000028   Code   RO         2702    i.rank_vars_update  peer_manager.o
    0x00034850   0x00034850   0x0000000e   Code   RO         7388    i.read              nrf_fstorage_sd.o
    0x0003485e   0x0003485e   0x00000002   PAD
    0x00034860   0x00034860   0x000000b0   Code   RO         2459    i.reattempt_previous_operations  peer_database.o
    0x00034910   0x00034910   0x00000088   Code   RO         6494    i.record_find       fds.o
    0x00034998   0x00034998   0x000000a0   Code   RO         6495    i.record_find_by_desc  fds.o
    0x00034a38   0x00034a38   0x0000005c   Code   RO         6496    i.record_find_next  fds.o
    0x00034a94   0x00034a94   0x00000038   Code   RO         6497    i.record_header_flag_dirty  fds.o
    0x00034acc   0x00034acc   0x00000010   Code   RO         2580    i.release           peer_id.o
    0x00034adc   0x00034adc   0x00000022   Code   RO         4633    i.result_get        nrf_hw_backend_rng_mbedtls.o
    0x00034afe   0x00034afe   0x00000004   Code   RO         7389    i.rmap              nrf_fstorage_sd.o
    0x00034b02   0x00034b02   0x00000002   PAD
    0x00034b04   0x00034b04   0x00000088   Code   RO           20    i.rr_interval_timeout_handler  main.o
    0x00034b8c   0x00034b8c   0x0000003c   Code   RO         6202    i.rtc1_stop         app_timer.o
    0x00034bc8   0x00034bc8   0x00000032   Code   RO         5650    i.rx_byte           nrfx_uart.o
    0x00034bfa   0x00034bfa   0x00000016   Code   RO         5651    i.rx_done_event     nrfx_uart.o
    0x00034c10   0x00034c10   0x00000016   Code   RO         5834    i.rx_done_event     nrfx_uarte.o
    0x00034c26   0x00034c26   0x00000002   PAD
    0x00034c28   0x00034c28   0x00000024   Code   RO         1411    i.sc_send_pending_handle  gatt_cache_manager.o
    0x00034c4c   0x00034c4c   0x00000050   Code   RO         4704    i.sd_state_evt_handler  nrf_drv_clock.o
    0x00034c9c   0x00034c9c   0x00000050   Code   RO         4841    i.sd_state_evt_handler  nrf_drv_rng.o
    0x00034cec   0x00034cec   0x00000030   Code   RO         8694    i.sdh_request_observer_notify  nrf_sdh.o
    0x00034d1c   0x00034d1c   0x0000002c   Code   RO         8695    i.sdh_state_observer_notify  nrf_sdh.o
    0x00034d48   0x00034d48   0x000000d8   Code   RO         3104    i.sec_info_request_process  security_dispatcher.o
    0x00034e20   0x00034e20   0x000000f4   Code   RO         3105    i.sec_keyset_fill   security_dispatcher.o
    0x00034f14   0x00034f14   0x00000076   Code   RO         3244    i.sec_params_verify  security_manager.o
    0x00034f8a   0x00034f8a   0x00000002   PAD
    0x00034f8c   0x00034f8c   0x00000060   Code   RO         3106    i.sec_proc_start    security_dispatcher.o
    0x00034fec   0x00034fec   0x00000022   Code   RO         3107    i.send_config_req   security_dispatcher.o
    0x0003500e   0x0003500e   0x00000002   PAD
    0x00035010   0x00035010   0x00000010   Code   RO         1109    i.send_error_evt    ble_conn_params.o
    0x00035020   0x00035020   0x00000028   Code   RO         1412    i.send_unexpected_error  gatt_cache_manager.o
    0x00035048   0x00035048   0x00000028   Code   RO         3108    i.send_unexpected_error  security_dispatcher.o
    0x00035070   0x00035070   0x00000018   Code   RO           21    i.sensor_contact_detected_timeout_handler  main.o
    0x00035088   0x00035088   0x00000060   Code   RO           22    i.sensor_simulator_init  main.o
    0x000350e8   0x000350e8   0x0000001c   Code   RO         7879    i.sensorsim_decrement  sensorsim.o
    0x00035104   0x00035104   0x0000001c   Code   RO         7880    i.sensorsim_increment  sensorsim.o
    0x00035120   0x00035120   0x00000016   Code   RO         7881    i.sensorsim_init    sensorsim.o
    0x00035136   0x00035136   0x0000001a   Code   RO         7882    i.sensorsim_measure  sensorsim.o
    0x00035150   0x00035150   0x00000040   Code   RO         7973    i.serial_tx         nrf_log_backend_uart.o
    0x00035190   0x00035190   0x00000070   Code   RO         1413    i.service_changed_cccd  gatt_cache_manager.o
    0x00035200   0x00035200   0x00000014   Code   RO         1414    i.service_changed_pending_flags_check  gatt_cache_manager.o
    0x00035214   0x00035214   0x00000094   Code   RO         1571    i.service_changed_pending_set  gatts_cache_manager.o
    0x000352a8   0x000352a8   0x00000104   Code   RO         1415    i.service_changed_send_in_evt  gatt_cache_manager.o
    0x000353ac   0x000353ac   0x00000088   Code   RO          913    i.service_data_encode  ble_advdata.o
    0x00035434   0x00035434   0x000000b8   Code   RO           23    i.services_init     main.o
    0x000354ec   0x000354ec   0x00000030   Code   RO         1341    i.set_security_req  ble_srv_common.o
    0x0003551c   0x0003551c   0x00000028   Code   RO           24    i.sleep_mode_enter  main.o
    0x00035544   0x00035544   0x00000034   Code   RO         3245    i.sm_ble_evt_handler  security_manager.o
    0x00035578   0x00035578   0x00000060   Code   RO         3247    i.sm_init           security_manager.o
    0x000355d8   0x000355d8   0x0000000a   Code   RO         3249    i.sm_link_secure    security_manager.o
    0x000355e2   0x000355e2   0x00000002   PAD
    0x000355e4   0x000355e4   0x00000044   Code   RO         3250    i.sm_pdb_evt_handler  security_manager.o
    0x00035628   0x00035628   0x00000034   Code   RO         3252    i.sm_sec_params_set  security_manager.o
    0x0003565c   0x0003565c   0x00000060   Code   RO         3253    i.sm_smd_evt_handler  security_manager.o
    0x000356bc   0x000356bc   0x00000104   Code   RO         3109    i.smd_ble_evt_handler  security_dispatcher.o
    0x000357c0   0x000357c0   0x00000070   Code   RO         3111    i.smd_init          security_dispatcher.o
    0x00035830   0x00035830   0x00000028   Code   RO         3112    i.smd_link_secure   security_dispatcher.o
    0x00035858   0x00035858   0x000000bc   Code   RO         3113    i.smd_params_reply  security_dispatcher.o
    0x00035914   0x00035914   0x0000003c   Code   RO         3254    i.smd_params_reply_perform  security_manager.o
    0x00035950   0x00035950   0x00000018   Code   RO         4705    i.soc_evt_handler   nrf_drv_clock.o
    0x00035968   0x00035968   0x00000038   Code   RO         8696    i.softdevice_evt_irq_disable  nrf_sdh.o
    0x000359a0   0x000359a0   0x00000058   Code   RO         8697    i.softdevices_evt_irq_enable  nrf_sdh.o
    0x000359f8   0x000359f8   0x0000008c   Code   RO         8109    i.std_n             nrf_log_frontend.o
    0x00035a84   0x00035a84   0x0000006c   Code   RO         1416    i.store_car_value   gatt_cache_manager.o
    0x00035af0   0x00035af0   0x00000042   Code   RO         3454    i.sys_id_encode     ble_dis.o
    0x00035b32   0x00035b32   0x00000002   PAD
    0x00035b34   0x00035b34   0x00000080   Code   RO         6203    i.timer_list_handler  app_timer.o
    0x00035bb4   0x00035bb4   0x0000003c   Code   RO         6204    i.timer_list_insert  app_timer.o
    0x00035bf0   0x00035bf0   0x00000060   Code   RO         6205    i.timer_list_remove  app_timer.o
    0x00035c50   0x00035c50   0x00000048   Code   RO         6206    i.timer_stop_op_schedule  app_timer.o
    0x00035c98   0x00035c98   0x00000074   Code   RO         6207    i.timer_timeouts_check  app_timer.o
    0x00035d0c   0x00035d0c   0x00000070   Code   RO           25    i.timers_init       main.o
    0x00035d7c   0x00035d7c   0x00000020   Code   RO         5653    i.tx_byte           nrfx_uart.o
    0x00035d9c   0x00035d9c   0x0000001a   Code   RO         5654    i.tx_done_event     nrfx_uart.o
    0x00035db6   0x00035db6   0x00000002   PAD
    0x00035db8   0x00035db8   0x00000030   Code   RO         4913    i.uart_evt_handler  nrf_drv_uart.o
    0x00035de8   0x00035de8   0x0000000c   Code   RO         7974    i.uart_evt_handler  nrf_log_backend_uart.o
    0x00035df4   0x00035df4   0x00000050   Code   RO         7975    i.uart_init         nrf_log_backend_uart.o
    0x00035e44   0x00035e44   0x00000128   Code   RO         5655    i.uart_irq_handler  nrfx_uart.o
    0x00035f6c   0x00035f6c   0x00000030   Code   RO         4914    i.uarte_evt_handler  nrf_drv_uart.o
    0x00035f9c   0x00035f9c   0x000000f2   Code   RO         5835    i.uarte_irq_handler  nrfx_uarte.o
    0x0003608e   0x0003608e   0x0000000a   Code   RO          914    i.uint16_encode     ble_advdata.o
    0x00036098   0x00036098   0x00000020   Code   RO         7390    i.uninit            nrf_fstorage_sd.o
    0x000360b8   0x000360b8   0x000000b4   Code   RO         7254    i.unsigned_print    nrf_fprintf_format.o
    0x0003616c   0x0003616c   0x00000030   Code   RO         1417    i.update_pending_flags_check  gatt_cache_manager.o
    0x0003619c   0x0003619c   0x00000068   Code   RO         1110    i.update_timeout_handler  ble_conn_params.o
    0x00036204   0x00036204   0x00000018   Code   RO         1021    i.use_whitelist     ble_advertising.o
    0x0003621c   0x0003621c   0x0000000c   Code   RO         1195    i.user_flag_is_acquired  ble_conn_state.o
    0x00036228   0x00036228   0x00000024   Code   RO         2272    i.user_mem_reply    nrf_ble_qwr.o
    0x0003624c   0x0003624c   0x00000030   Code   RO         6208    i.user_op_alloc     app_timer.o
    0x0003627c   0x0003627c   0x00000030   Code   RO          915    i.uuid_list_encode  ble_advdata.o
    0x000362ac   0x000362ac   0x0000009e   Code   RO          916    i.uuid_list_sized_encode  ble_advdata.o
    0x0003634a   0x0003634a   0x0000003a   Code   RO          625    i.wakeup_button_cfg  bsp.o
    0x00036384   0x00036384   0x00000004   Code   RO         7391    i.wmap              nrf_fstorage_sd.o
    0x00036388   0x00036388   0x00000050   Code   RO         7392    i.write             nrf_fstorage_sd.o
    0x000363d8   0x000363d8   0x0000014c   Code   RO         2460    i.write_buf_store   peer_database.o
    0x00036524   0x00036524   0x00000034   Code   RO         2461    i.write_buffer_record_find  peer_database.o
    0x00036558   0x00036558   0x00000030   Code   RO         2462    i.write_buffer_record_find_next  peer_database.o
    0x00036588   0x00036588   0x0000001c   Code   RO         2463    i.write_buffer_record_invalidate  peer_database.o
    0x000365a4   0x000365a4   0x0000002c   Code   RO         2464    i.write_buffer_record_release  peer_database.o
    0x000365d0   0x000365d0   0x000000e8   Code   RO         6499    i.write_enqueue     fds.o
    0x000366b8   0x000366b8   0x000000f4   Code   RO         6500    i.write_execute     fds.o
    0x000367ac   0x000367ac   0x00000018   Code   RO         6501    i.write_space_free  fds.o
    0x000367c4   0x000367c4   0x0000005c   Code   RO         6502    i.write_space_reserve  fds.o
    0x00036820   0x00036820   0x00000010   Data   RO           31    .constdata          main.o
    0x00036830   0x00036830   0x00000008   Data   RO          489    .constdata          boards.o
    0x00036838   0x00036838   0x0000002c   Data   RO          630    .constdata          bsp.o
    0x00036864   0x00036864   0x00000004   Data   RO          838    .constdata          auth_status_tracker.o
    0x00036868   0x00036868   0x0000007c   Data   RO         1418    .constdata          gatt_cache_manager.o
    0x000368e4   0x000368e4   0x00000004   Data   RO         1572    .constdata          gatts_cache_manager.o
    0x000368e8   0x000368e8   0x00000010   Data   RO         1573    .constdata          gatts_cache_manager.o
    0x000368f8   0x000368f8   0x00000004   Data   RO         1574    .constdata          gatts_cache_manager.o
    0x000368fc   0x000368fc   0x00000008   Data   RO         1681    .constdata          id_manager.o
    0x00036904   0x00036904   0x00000016   Data   RO         1834    .constdata          nrf_ble_gatt.o
    0x0003691a   0x0003691a   0x00000002   PAD
    0x0003691c   0x0003691c   0x0000001c   Data   RO         2329    .constdata          peer_data_storage.o
    0x00036938   0x00036938   0x00000010   Data   RO         2466    .constdata          peer_database.o
    0x00036948   0x00036948   0x0000002c   Data   RO         2704    .constdata          peer_manager.o
    0x00036974   0x00036974   0x00000018   Data   RO         2969    .constdata          peer_manager_handler.o
    0x0003698c   0x0003698c   0x0000008c   Data   RO         3115    .constdata          security_dispatcher.o
    0x00036a18   0x00036a18   0x00000004   Data   RO         3255    .constdata          security_manager.o
    0x00036a1c   0x00036a1c   0x0000006c   Data   RO         3675    .constdata          nrf_crypto_ecc.o
    0x00036a88   0x00036a88   0x0000000c   Data   RO         3763    .constdata          nrf_crypto_ecdh.o
    0x00036a94   0x00036a94   0x0000000c   Data   RO         4269    .constdata          oberon_backend_ecc.o
    0x00036aa0   0x00036aa0   0x00000040   Data   RO         4272    .constdata          oberon_backend_ecc.o
    0x00036ae0   0x00036ae0   0x00000002   Data   RO         4844    .constdata          nrf_drv_rng.o
    0x00036ae2   0x00036ae2   0x00000002   PAD
    0x00036ae4   0x00036ae4   0x00000004   Data   RO         5281    .constdata          nrfx_gpiote.o
    0x00036ae8   0x00036ae8   0x00000004   Data   RO         5658    .constdata          nrfx_uart.o
    0x00036aec   0x00036aec   0x00000004   Data   RO         5838    .constdata          nrfx_uarte.o
    0x00036af0   0x00036af0   0x00000008   Data   RO         5977    .constdata          app_button.o
    0x00036af8   0x00036af8   0x00000008   PAD
    0x00036b00   0x00036b00   0x00000006   Data   RO         6210    .constdata          app_timer.o
    0x00036b06   0x00036b06   0x00000002   PAD
    0x00036b08   0x00036b08   0x00000018   Data   RO         6505    .constdata          fds.o
    0x00036b20   0x00036b20   0x00000010   Data   RO         7255    .constdata          nrf_fprintf_format.o
    0x00036b30   0x00036b30   0x0000005e   Data   RO         7301    .constdata          nrf_fstorage.o
    0x00036b8e   0x00036b8e   0x00000002   PAD
    0x00036b90   0x00036b90   0x00000010   Data   RO         7395    .constdata          nrf_fstorage_sd.o
    0x00036ba0   0x00036ba0   0x00000020   Data   RO         7396    .constdata          nrf_fstorage_sd.o
    0x00036bc0   0x00036bc0   0x00000018   Data   RO         7574    .constdata          nrf_pwr_mgmt.o
    0x00036bd8   0x00036bd8   0x0000000c   Data   RO         7575    .constdata          nrf_pwr_mgmt.o
    0x00036be4   0x00036be4   0x0000013c   Data   RO         7851    .constdata          nrf_strerror.o
    0x00036d20   0x00036d20   0x0000000c   Data   RO         7977    .constdata          nrf_log_backend_uart.o
    0x00036d2c   0x00036d2c   0x00000020   Data   RO         7978    .constdata          nrf_log_backend_uart.o
    0x00036d4c   0x00036d4c   0x0000000c   Data   RO         8114    .constdata          nrf_log_frontend.o
    0x00036d58   0x00036d58   0x00000010   Data   RO         8639    .constdata          segger_rtt_printf.o
    0x00036d68   0x00036d68   0x00000010   Data   RO         8698    .constdata          nrf_sdh.o
    0x00036d78   0x00036d78   0x00000028   Data   RO         8699    .constdata          nrf_sdh.o
    0x00036da0   0x00036da0   0x00000010   Data   RO         8700    .constdata          nrf_sdh.o
    0x00036db0   0x00036db0   0x00000010   Data   RO         8701    .constdata          nrf_sdh.o
    0x00036dc0   0x00036dc0   0x00000020   Data   RO         8810    .constdata          nrf_sdh_ble.o
    0x00036de0   0x00036de0   0x00000010   Data   RO         8811    .constdata          nrf_sdh_ble.o
    0x00036df0   0x00036df0   0x00000010   Data   RO         8865    .constdata          nrf_sdh_soc.o
    0x00036e00   0x00036e00   0x0000000c   Data   RO         8866    .constdata          nrf_sdh_soc.o
    0x00036e0c   0x00036e0c   0x00002228   Data   RO         8907    .constdata          aes.o
    0x00039034   0x00039034   0x00000081   Data   RO         9309    .constdata          mc_w.l(ctype_o.o)
    0x000390b5   0x000390b5   0x00000003   PAD
    0x000390b8   0x000390b8   0x00000004   Data   RO         9310    .constdata          mc_w.l(ctype_o.o)
    0x000390bc   0x000390bc   0x00000056   Data   RO           32    .conststring        main.o
    0x00039112   0x00039112   0x00000002   PAD
    0x00039114   0x00039114   0x0000004e   Data   RO          839    .conststring        auth_status_tracker.o
    0x00039162   0x00039162   0x00000002   PAD
    0x00039164   0x00039164   0x000001a4   Data   RO         1419    .conststring        gatt_cache_manager.o
    0x00039308   0x00039308   0x0000019c   Data   RO         1575    .conststring        gatts_cache_manager.o
    0x000394a4   0x000394a4   0x000000a2   Data   RO         1835    .conststring        nrf_ble_gatt.o
    0x00039546   0x00039546   0x00000002   PAD
    0x00039548   0x00039548   0x00000042   Data   RO         1936    .conststring        nrf_ble_lesc.o
    0x0003958a   0x0003958a   0x00000002   PAD
    0x0003958c   0x0003958c   0x000000e8   Data   RO         2330    .conststring        peer_data_storage.o
    0x00039674   0x00039674   0x00000180   Data   RO         2467    .conststring        peer_database.o
    0x000397f4   0x000397f4   0x00000090   Data   RO         2705    .conststring        peer_manager.o
    0x00039884   0x00039884   0x000002ca   Data   RO         2970    .conststring        peer_manager_handler.o
    0x00039b4e   0x00039b4e   0x00000002   PAD
    0x00039b50   0x00039b50   0x00000262   Data   RO         3116    .conststring        security_dispatcher.o
    0x00039db2   0x00039db2   0x00000002   PAD
    0x00039db4   0x00039db4   0x0000017b   Data   RO         3256    .conststring        security_manager.o
    0x00039f2f   0x00039f2f   0x00000001   PAD
    0x00039f30   0x00039f30   0x0000004f   Data   RO         7302    .conststring        nrf_fstorage.o
    0x00039f7f   0x00039f7f   0x00000001   PAD
    0x00039f80   0x00039f80   0x000003eb   Data   RO         7852    .conststring        nrf_strerror.o
    0x0003a36b   0x0003a36b   0x00000001   PAD
    0x0003a36c   0x0003a36c   0x00000066   Data   RO         8275    .conststring        nrf_log_str_formatter.o
    0x0003a3d2   0x0003a3d2   0x00000002   PAD
    0x0003a3d4   0x0003a3d4   0x000001cf   Data   RO         8812    .conststring        nrf_sdh_ble.o
    0x0003a5a3   0x0003a5a3   0x00000001   PAD
    0x0003a5a4   0x0003a5a4   0x00000011   Data   RO          840    .conststrlit        auth_status_tracker.o
    0x0003a5b5   0x0003a5b5   0x00000003   PAD
    0x0003a5b8   0x0003a5b8   0x00000011   Data   RO         1420    .conststrlit        gatt_cache_manager.o
    0x0003a5c9   0x0003a5c9   0x00000003   PAD
    0x0003a5cc   0x0003a5cc   0x00000012   Data   RO         1576    .conststrlit        gatts_cache_manager.o
    0x0003a5de   0x0003a5de   0x00000002   PAD
    0x0003a5e0   0x0003a5e0   0x00000010   Data   RO         1683    .conststrlit        id_manager.o
    0x0003a5f0   0x0003a5f0   0x0000000d   Data   RO         1836    .conststrlit        nrf_ble_gatt.o
    0x0003a5fd   0x0003a5fd   0x00000003   PAD
    0x0003a600   0x0003a600   0x0000000d   Data   RO         1937    .conststrlit        nrf_ble_lesc.o
    0x0003a60d   0x0003a60d   0x00000003   PAD
    0x0003a610   0x0003a610   0x00000011   Data   RO         2331    .conststrlit        peer_data_storage.o
    0x0003a621   0x0003a621   0x00000003   PAD
    0x0003a624   0x0003a624   0x00000011   Data   RO         2468    .conststrlit        peer_database.o
    0x0003a635   0x0003a635   0x00000003   PAD
    0x0003a638   0x0003a638   0x0000000d   Data   RO         2706    .conststrlit        peer_manager.o
    0x0003a645   0x0003a645   0x00000003   PAD
    0x0003a648   0x0003a648   0x00000015   Data   RO         2972    .conststrlit        peer_manager_handler.o
    0x0003a65d   0x0003a65d   0x00000003   PAD
    0x0003a660   0x0003a660   0x00000011   Data   RO         3117    .conststrlit        security_dispatcher.o
    0x0003a671   0x0003a671   0x00000003   PAD
    0x0003a674   0x0003a674   0x00000010   Data   RO         3257    .conststrlit        security_manager.o
    0x0003a684   0x0003a684   0x00000008   Data   RO         3397    .conststrlit        ble_bas.o
    0x0003a68c   0x0003a68c   0x00000006   Data   RO         4711    .conststrlit        nrf_drv_clock.o
    0x0003a692   0x0003a692   0x00000002   PAD
    0x0003a694   0x0003a694   0x00000004   Data   RO         4847    .conststrlit        nrf_drv_rng.o
    0x0003a698   0x0003a698   0x00000006   Data   RO         5120    .conststrlit        nrfx_clock.o
    0x0003a69e   0x0003a69e   0x00000002   PAD
    0x0003a6a0   0x0003a6a0   0x00000007   Data   RO         5285    .conststrlit        nrfx_gpiote.o
    0x0003a6a7   0x0003a6a7   0x00000001   PAD
    0x0003a6a8   0x0003a6a8   0x00000004   Data   RO         5515    .conststrlit        nrfx_prs.o
    0x0003a6ac   0x0003a6ac   0x00000004   Data   RO         5569    .conststrlit        nrfx_rng.o
    0x0003a6b0   0x0003a6b0   0x00000005   Data   RO         5661    .conststrlit        nrfx_uart.o
    0x0003a6b5   0x0003a6b5   0x00000003   PAD
    0x0003a6b8   0x0003a6b8   0x00000006   Data   RO         5841    .conststrlit        nrfx_uarte.o
    0x0003a6be   0x0003a6be   0x00000002   PAD
    0x0003a6c0   0x0003a6c0   0x00000009   Data   RO         6804    .conststrlit        mem_manager.o
    0x0003a6c9   0x0003a6c9   0x00000003   PAD
    0x0003a6cc   0x0003a6cc   0x0000000d   Data   RO         7303    .conststrlit        nrf_fstorage.o
    0x0003a6d9   0x0003a6d9   0x00000003   PAD
    0x0003a6dc   0x0003a6dc   0x00000009   Data   RO         7576    .conststrlit        nrf_pwr_mgmt.o
    0x0003a6e5   0x0003a6e5   0x00000003   PAD
    0x0003a6e8   0x0003a6e8   0x00000011   Data   RO         8049    .conststrlit        nrf_log_default_backends.o
    0x0003a6f9   0x0003a6f9   0x00000003   PAD
    0x0003a6fc   0x0003a6fc   0x00000004   Data   RO         8115    .conststrlit        nrf_log_frontend.o
    0x0003a700   0x0003a700   0x00000008   Data   RO         8702    .conststrlit        nrf_sdh.o
    0x0003a708   0x0003a708   0x0000000c   Data   RO         8813    .conststrlit        nrf_sdh_ble.o
    0x0003a714   0x0003a714   0x0000000c   Data   RO         8867    .conststrlit        nrf_sdh_soc.o
    0x0003a720   0x0003a720   0x00000020   Data   RO         9148    .rodata.base        oberon_2.0.7.lib(occ_curve25519.c.obj)
    0x0003a740   0x0003a740   0x00000040   Data   RO         9252    .rodata.base_point  oberon_2.0.7.lib(occ_curve_p256.c.obj)
    0x0003a780   0x0003a780   0x00000280   Data   RO         9176    .rodata.const_table  oberon_2.0.7.lib(occ_sha512.c.obj)
    0x0003aa00   0x0003aa00   0x00000020   Data   RO         9253    .rodata.cq          oberon_2.0.7.lib(occ_curve_p256.c.obj)
    0x0003aa20   0x0003aa20   0x00000020   Data   RO         9228    .rodata.m           oberon_2.0.7.lib(occ_sc25519.c.obj)
    0x0003aa40   0x0003aa40   0x00000640   Data   RO         9197    .rodata.occ_ge25519_base_multiples  oberon_2.0.7.lib(occ_ge25519.c.obj)
    0x0003b080   0x0003b080   0x00000020   Data   RO         9198    .rodata.occ_ge25519_ec2d  oberon_2.0.7.lib(occ_ge25519.c.obj)
    0x0003b0a0   0x0003b0a0   0x00000020   Data   RO         9254    .rodata.param_a     oberon_2.0.7.lib(occ_curve_p256.c.obj)
    0x0003b0c0   0x0003b0c0   0x00000020   Data   RO         9255    .rodata.param_b     oberon_2.0.7.lib(occ_curve_p256.c.obj)
    0x0003b0e0   0x0003b0e0   0x00000020   Data   RO         9277    .rodata.q           oberon_2.0.7.lib(occ_sc_p256.c.obj)
    0x0003b100   0x0003b100   0x00000020   Data   RO         9256    .rodata.qp1         oberon_2.0.7.lib(occ_curve_p256.c.obj)
    0x0003b120   0x0003b120   0x00000020   Data   RO         9382    Region$$Table       anon$$obj.o
    0x0003b140   0x0003b140   0x00000008   Data   RO         4581    crypto_data         nrf_hw_backend_init.o
    0x0003b148   0x0003b148   0x00000010   Data   RO         8051    log_backends        nrf_log_default_backends.o
    0x0003b158   0x0003b158   0x00000008   Data   RO          842    log_const_data      auth_status_tracker.o
    0x0003b160   0x0003b160   0x00000008   Data   RO         1422    log_const_data      gatt_cache_manager.o
    0x0003b168   0x0003b168   0x00000008   Data   RO         1578    log_const_data      gatts_cache_manager.o
    0x0003b170   0x0003b170   0x00000008   Data   RO         1685    log_const_data      id_manager.o
    0x0003b178   0x0003b178   0x00000008   Data   RO         1837    log_const_data      nrf_ble_gatt.o
    0x0003b180   0x0003b180   0x00000008   Data   RO         1939    log_const_data      nrf_ble_lesc.o
    0x0003b188   0x0003b188   0x00000008   Data   RO         2333    log_const_data      peer_data_storage.o
    0x0003b190   0x0003b190   0x00000008   Data   RO         2470    log_const_data      peer_database.o
    0x0003b198   0x0003b198   0x00000008   Data   RO         2708    log_const_data      peer_manager.o
    0x0003b1a0   0x0003b1a0   0x00000008   Data   RO         2975    log_const_data      peer_manager_handler.o
    0x0003b1a8   0x0003b1a8   0x00000008   Data   RO         3119    log_const_data      security_dispatcher.o
    0x0003b1b0   0x0003b1b0   0x00000008   Data   RO         3259    log_const_data      security_manager.o
    0x0003b1b8   0x0003b1b8   0x00000008   Data   RO         3398    log_const_data      ble_bas.o
    0x0003b1c0   0x0003b1c0   0x00000008   Data   RO         4712    log_const_data      nrf_drv_clock.o
    0x0003b1c8   0x0003b1c8   0x00000008   Data   RO         4849    log_const_data      nrf_drv_rng.o
    0x0003b1d0   0x0003b1d0   0x00000008   Data   RO         5122    log_const_data      nrfx_clock.o
    0x0003b1d8   0x0003b1d8   0x00000008   Data   RO         5286    log_const_data      nrfx_gpiote.o
    0x0003b1e0   0x0003b1e0   0x00000008   Data   RO         5517    log_const_data      nrfx_prs.o
    0x0003b1e8   0x0003b1e8   0x00000008   Data   RO         5571    log_const_data      nrfx_rng.o
    0x0003b1f0   0x0003b1f0   0x00000008   Data   RO         5662    log_const_data      nrfx_uart.o
    0x0003b1f8   0x0003b1f8   0x00000008   Data   RO         5842    log_const_data      nrfx_uarte.o
    0x0003b200   0x0003b200   0x00000008   Data   RO         6806    log_const_data      mem_manager.o
    0x0003b208   0x0003b208   0x00000008   Data   RO         7304    log_const_data      nrf_fstorage.o
    0x0003b210   0x0003b210   0x00000008   Data   RO         7578    log_const_data      nrf_pwr_mgmt.o
    0x0003b218   0x0003b218   0x00000008   Data   RO         8118    log_const_data      nrf_log_frontend.o
    0x0003b220   0x0003b220   0x00000008   Data   RO         8704    log_const_data      nrf_sdh.o
    0x0003b228   0x0003b228   0x00000008   Data   RO         8815    log_const_data      nrf_sdh_ble.o
    0x0003b230   0x0003b230   0x00000008   Data   RO         8868    log_const_data      nrf_sdh_soc.o
    0x0003b238   0x0003b238   0x00000014   Data   RO         8119    nrf_balloc          nrf_log_frontend.o
    0x0003b24c   0x0003b24c   0x00000014   Data   RO         4850    nrf_queue           nrf_drv_rng.o
    0x0003b260   0x0003b260   0x00000008   Data   RO         1197    sdh_ble_observers0  ble_conn_state.o
    0x0003b268   0x0003b268   0x00000010   Data   RO           34    sdh_ble_observers1  main.o
    0x0003b278   0x0003b278   0x00000008   Data   RO          733    sdh_ble_observers1  bsp_btn_ble.o
    0x0003b280   0x0003b280   0x00000008   Data   RO         1113    sdh_ble_observers1  ble_conn_params.o
    0x0003b288   0x0003b288   0x00000008   Data   RO         2709    sdh_ble_observers1  peer_manager.o
    0x0003b290   0x0003b290   0x00000018   Data   RO           35    sdh_ble_observers2  main.o
    0x0003b2a8   0x0003b2a8   0x00000008   Data   RO           36    sdh_ble_observers3  main.o
    0x0003b2b0   0x0003b2b0   0x00000008   Data   RO         7398    sdh_req_observers0  nrf_fstorage_sd.o
    0x0003b2b8   0x0003b2b8   0x00000008   Data   RO         4713    sdh_soc_observers0  nrf_drv_clock.o
    0x0003b2c0   0x0003b2c0   0x00000008   Data   RO         7399    sdh_soc_observers0  nrf_fstorage_sd.o
    0x0003b2c8   0x0003b2c8   0x00000008   Data   RO           37    sdh_soc_observers1  main.o
    0x0003b2d0   0x0003b2d0   0x00000008   Data   RO         8816    sdh_stack_observers0  nrf_sdh_ble.o
    0x0003b2d8   0x0003b2d8   0x00000008   Data   RO         8869    sdh_stack_observers0  nrf_sdh_soc.o
    0x0003b2e0   0x0003b2e0   0x00000008   Data   RO         4714    sdh_state_observers0  nrf_drv_clock.o
    0x0003b2e8   0x0003b2e8   0x00000008   Data   RO         4851    sdh_state_observers0  nrf_drv_rng.o
    0x0003b2f0   0x0003b2f0   0x00000008   Data   RO         7400    sdh_state_observers0  nrf_fstorage_sd.o


    Execution Region RW_IRAM1 (Exec base: 0x20002b90, Load base: 0x0003b2f8, Size: 0x00003a08, Max: 0x0000d470, ABSOLUTE, COMPRESSED[0x000000a4])

    Exec Addr    Load Addr    Size         Type   Attr      Idx    E Section Name        Object

    0x20002b90   COMPRESSED   0x0000002c   Data   RW           33    .data               main.o
    0x20002bbc   COMPRESSED   0x00000010   Data   RW          631    .data               bsp.o
    0x20002bcc   COMPRESSED   0x00000008   Data   RW          732    .data               bsp_btn_ble.o
    0x20002bd4   COMPRESSED   0x00000004   Data   RW          841    .data               auth_status_tracker.o
    0x20002bd8   COMPRESSED   0x00000008   Data   RW         1112    .data               ble_conn_params.o
    0x20002be0   COMPRESSED   0x00000010   Data   RW         1421    .data               gatt_cache_manager.o
    0x20002bf0   COMPRESSED   0x0000000c   Data   RW         1577    .data               gatts_cache_manager.o
    0x20002bfc   COMPRESSED   0x00000010   Data   RW         1938    .data               nrf_ble_lesc.o
    0x20002c0c   COMPRESSED   0x0000000c   Data   RW         2332    .data               peer_data_storage.o
    0x20002c18   COMPRESSED   0x00000008   Data   RW         2469    .data               peer_database.o
    0x20002c20   COMPRESSED   0x00000010   Data   RW         2707    .data               peer_manager.o
    0x20002c30   COMPRESSED   0x00000060   Data   RW         2973    .data               peer_manager_handler.o
    0x20002c90   COMPRESSED   0x00000005   Data   RW         3118    .data               security_dispatcher.o
    0x20002c95   COMPRESSED   0x00000003   PAD
    0x20002c98   COMPRESSED   0x00000011   Data   RW         3258    .data               security_manager.o
    0x20002ca9   COMPRESSED   0x00000001   PAD
    0x20002caa   COMPRESSED   0x0000004a   Data   RW         3455    .data               ble_dis.o
    0x20002cf4   COMPRESSED   0x00000001   Data   RW         4048    .data               nrf_crypto_init.o
    0x20002cf5   COMPRESSED   0x00000003   PAD
    0x20002cf8   COMPRESSED   0x0000000c   Data   RW         4102    .data               nrf_crypto_rng.o
    0x20002d04   COMPRESSED   0x00000003   Data   RW         4848    .data               nrf_drv_rng.o
    0x20002d07   COMPRESSED   0x00000001   PAD
    0x20002d08   COMPRESSED   0x0000000c   Data   RW         4915    .data               nrf_drv_uart.o
    0x20002d14   COMPRESSED   0x00000008   Data   RW         5121    .data               nrfx_clock.o
    0x20002d1c   COMPRESSED   0x00000008   Data   RW         5516    .data               nrfx_prs.o
    0x20002d24   COMPRESSED   0x00000008   Data   RW         5570    .data               nrfx_rng.o
    0x20002d2c   COMPRESSED   0x00000004   PAD
    0x20002d30   COMPRESSED   0x00000020   Data   RW         5978    .data               app_button.o
    0x20002d50   COMPRESSED   0x00000014   Data   RW         6211    .data               app_timer.o
    0x20002d64   COMPRESSED   0x00000030   Data   RW         6506    .data               fds.o
    0x20002d94   COMPRESSED   0x00000008   Data   RW         7397    .data               nrf_fstorage_sd.o
    0x20002d9c   COMPRESSED   0x00000008   Data   RW         7577    .data               nrf_pwr_mgmt.o
    0x20002da4   COMPRESSED   0x00000018   Data   RW         7979    .data               nrf_log_backend_uart.o
    0x20002dbc   COMPRESSED   0x00000008   Data   RW         8050    .data               nrf_log_default_backends.o
    0x20002dc4   COMPRESSED   0x00000008   Data   RW         8116    .data               nrf_log_frontend.o
    0x20002dcc   COMPRESSED   0x00000008   Data   RW         8117    .data               nrf_log_frontend.o
    0x20002dd4   COMPRESSED   0x00000040   Data   RW         8276    .data               nrf_log_str_formatter.o
    0x20002e14   COMPRESSED   0x00000003   Data   RW         8703    .data               nrf_sdh.o
    0x20002e17   COMPRESSED   0x00000001   Data   RW         8814    .data               nrf_sdh_ble.o
    0x20002e18   COMPRESSED   0x00000004   Data   RW         9074    .data               system_nrf52.o
    0x20002e1c   COMPRESSED   0x00000020   Data   RW         9251    .data.inv_a         oberon_2.0.7.lib(occ_curve_p256.c.obj)
    0x20002e3c   COMPRESSED   0x00000014   Data   RW         6507    fs_data             fds.o
    0x20002e50        -       0x00000020   Zero   RW           26    .bss                main.o
    0x20002e70        -       0x00000020   Zero   RW           27    .bss                main.o
    0x20002e90        -       0x00000020   Zero   RW           28    .bss                main.o
    0x20002eb0        -       0x00000020   Zero   RW           29    .bss                main.o
    0x20002ed0        -       0x0000030c   Zero   RW           30    .bss                main.o
    0x200031dc        -       0x00000020   Zero   RW          626    .bss                bsp.o
    0x200031fc        -       0x00000020   Zero   RW          627    .bss                bsp.o
    0x2000321c        -       0x0000000c   Zero   RW          628    .bss                bsp.o
    0x20003228        -       0x00000020   Zero   RW          629    .bss                bsp.o
    0x20003248        -       0x00000020   Zero   RW          836    .bss                auth_status_tracker.o
    0x20003268        -       0x000000a0   Zero   RW          837    .bss                auth_status_tracker.o
    0x20003308        -       0x00000050   Zero   RW         1111    .bss                ble_conn_params.o
    0x20003358        -       0x00000078   Zero   RW         1196    .bss                ble_conn_state.o
    0x200033d0        -       0x000000d8   Zero   RW         1680    .bss                id_manager.o
    0x200034a8        -       0x00000163   Zero   RW         1935    .bss                nrf_ble_lesc.o
    0x2000360b   COMPRESSED   0x00000001   PAD
    0x2000360c        -       0x00000180   Zero   RW         2465    .bss                peer_database.o
    0x2000378c        -       0x00000040   Zero   RW         2581    .bss                peer_id.o
    0x200037cc        -       0x0000000c   Zero   RW         2703    .bss                peer_manager.o
    0x200037d8        -       0x00000040   Zero   RW         3114    .bss                security_dispatcher.o
    0x20003818        -       0x00000144   Zero   RW         4100    .bss                nrf_crypto_rng.o
    0x2000395c        -       0x00000014   Zero   RW         4706    .bss                nrf_drv_clock.o
    0x20003970        -       0x00000041   Zero   RW         4842    .bss                nrf_drv_rng.o
    0x200039b1   COMPRESSED   0x00000003   PAD
    0x200039b4        -       0x0000000c   Zero   RW         4843    .bss                nrf_drv_rng.o
    0x200039c0        -       0x0000005c   Zero   RW         5280    .bss                nrfx_gpiote.o
    0x20003a1c        -       0x0000002c   Zero   RW         5656    .bss                nrfx_uart.o
    0x20003a48        -       0x00000024   Zero   RW         5836    .bss                nrfx_uarte.o
    0x20003a6c        -       0x00000020   Zero   RW         5976    .bss                app_button.o
    0x20003a8c        -       0x0000010c   Zero   RW         6209    .bss                app_timer.o
    0x20003b98        -       0x0000000c   Zero   RW         6362    .bss                app_util_platform.o
    0x20003ba4        -       0x00000010   Zero   RW         6503    .bss                fds.o
    0x20003bb4        -       0x000000e0   Zero   RW         6504    .bss                fds.o
    0x20003c94        -       0x00000010   Zero   RW         7393    .bss                nrf_fstorage_sd.o
    0x20003ca4        -       0x000000a0   Zero   RW         7394    .bss                nrf_fstorage_sd.o
    0x20003d44        -       0x0000000c   Zero   RW         7573    .bss                nrf_pwr_mgmt.o
    0x20003d50        -       0x00000040   Zero   RW         7976    .bss                nrf_log_backend_uart.o
    0x20003d90        -       0x000000c0   Zero   RW         8110    .bss                nrf_log_frontend.o
    0x20003e50        -       0x00000080   Zero   RW         8111    .bss                nrf_log_frontend.o
    0x20003ed0        -       0x00000018   Zero   RW         8112    .bss                nrf_log_frontend.o
    0x20003ee8        -       0x00000424   Zero   RW         8113    .bss                nrf_log_frontend.o
    0x2000430c        -       0x00000288   Zero   RW         8352    .bss                segger_rtt.o
    0x20004594   COMPRESSED   0x00000004   PAD
    0x20004598        -       0x00002000   Zero   RW         9062    STACK               arm_startup_nrf52.o


==============================================================================

Image component sizes


      Code (inc. data)   RO Data    RW Data    ZI Data      Debug   Object Name

      2404         30       8744          0          0      17983   aes.o
       444         38          8         32         32      13406   app_button.o
        22          0          0          0          0       2513   app_error.o
       132         46          0          0          0      27421   app_error_weak.o
         0          0          0          0          0      37134   app_scheduler.o
      1530        124          6         20        268      50640   app_timer.o
       124         14          0          0         12       9746   app_util_platform.o
        36          8        512          0       8192        956   arm_startup_nrf52.o
       840        210        107          4        192       7139   auth_status_tracker.o
      1324          0          0          0          0      53684   ble_advdata.o
      1080          6          0          0          0      11292   ble_advertising.o
       502          0         16          0          0       6703   ble_bas.o
       636         44          8          8         80       9515   ble_conn_params.o
       730         60          8          0        120      15341   ble_conn_state.o
       530         12          0         74          0       5759   ble_dis.o
       624          0          0          0          0       8327   ble_hrs.o
       656          6          0          0          0       6088   ble_srv_common.o
       358         40          8          0          0      49447   boards.o
       998         84         44         16        108      16095   bsp.o
       252         10          8          8          0       4984   bsp_btn_ble.o
       830          0          0          0          0      11359   ctr_drbg.o
      3442        316         24         68        240      51575   fds.o
      2164        556        569         16          0      35259   gatt_cache_manager.o
       686         84        462         12          0      16871   gatts_cache_manager.o
       946         34         32          0        216      15572   id_manager.o
      2216        454        158         44        908     213102   main.o
         0          0         17          0          0       5533   mem_manager.o
       342          0          0          0          0       6958   nrf_atfifo.o
       170          0          0          0          0       4932   nrf_atflags.o
       332          0          0          0          0      10526   nrf_atomic.o
       164          0          0          0          0       3752   nrf_balloc.o
       926        272        205          0          0      36967   nrf_ble_gatt.o
      1288        608         87         16        355      44895   nrf_ble_lesc.o
       276          0          0          0          0       4853   nrf_ble_qwr.o
       448         26        108          0          0      10654   nrf_crypto_ecc.o
       160         10         12          0          0       2906   nrf_crypto_ecdh.o
        92         20          0          1          0       3050   nrf_crypto_init.o
       766        130          0         12        324      11641   nrf_crypto_rng.o
       276         34         30          0         20      38072   nrf_drv_clock.o
       416         42         42          3         77      13116   nrf_drv_rng.o
       200         26          0         12          0      18164   nrf_drv_uart.o
        50          0          0          0          0       3653   nrf_fprintf.o
       866          4         16          0          0       5658   nrf_fprintf_format.o
       972        432        194          0          0       8300   nrf_fstorage.o
       798         82         72          8        176      16555   nrf_fstorage_sd.o
        12          0          8          0          0       2413   nrf_hw_backend_init.o
       152          6          0          0          0       7831   nrf_hw_backend_rng_mbedtls.o
       200          0          0          0          0      11701   nrf_log_backend_serial.o
       232         44         44         24         64      21506   nrf_log_backend_uart.o
        28          4         33          8          0       3437   nrf_log_default_backends.o
      1540        114         44         16       1404      32917   nrf_log_frontend.o
       570        108        102         64          0       5836   nrf_log_str_formatter.o
       346          0          0          0          0       9839   nrf_memobj.o
       108         16         53          8         12      35606   nrf_pwr_mgmt.o
       444          0          0          0          0       7542   nrf_queue.o
        28          0          0          0          0       2459   nrf_ringbuf.o
       552         60        104          3          0      42188   nrf_sdh.o
       856        344        539          1          0       6729   nrf_sdh_ble.o
        60          4         56          0          0       2560   nrf_sdh_soc.o
        78          0          0          0          0       2900   nrf_section_iter.o
        76         10       1319          0          0       2863   nrf_strerror.o
       222         30         14          8          0      44046   nrfx_clock.o
      1222         92         19          0         92      60099   nrfx_gpiote.o
       112         16         12          8          0       4676   nrfx_prs.o
       220         56         12          8          0      10972   nrfx_rng.o
      1288         40         17          0         44      27357   nrfx_uart.o
      1126         44         18          0         36      25387   nrfx_uarte.o
       326          4         76          0          0      37100   oberon_backend_ecc.o
        38          0          0          0          0       2869   oberon_backend_ecdh.o
      1152        144        285         12          0      16606   peer_data_storage.o
      1442        260        425          8        384      20014   peer_database.o
       314         38          0          0         64       9551   peer_id.o
      1778        456        217         16         12      20747   peer_manager.o
      1720        822        767         96          0       9120   peer_manager_handler.o
       234          0          0          0          0       5627   pm_buffer.o
      1984        268        775          5         64      27643   security_dispatcher.o
      1120        108        407         17          0      50590   security_manager.o
       434         40          0          0        648       9582   segger_rtt.o
       900          6         16          0          0       6613   segger_rtt_printf.o
       104          0          0          0          0       3579   sensorsim.o
       796         70          0          4          0       3035   system_nrf52.o

    ----------------------------------------------------------------------
     53950       7066      16976        672      14152    1541636   Object Totals
         0          0         32          0          0          0   (incl. Generated)
        88          0         85         12          8          0   (incl. Padding)

    ----------------------------------------------------------------------

      Code (inc. data)   RO Data    RW Data    ZI Data      Debug   Library Member Name

        86          0          0          0          0          0   __dczerorl2.o
         8          4        133          0          0         68   ctype_o.o
         0          0          0          0          0          0   entry.o
         0          0          0          0          0          0   entry10a.o
         0          0          0          0          0          0   entry11a.o
         8          4          0          0          0          0   entry2.o
         4          0          0          0          0          0   entry5.o
         0          0          0          0          0          0   entry7b.o
         0          0          0          0          0          0   entry8b.o
         8          4          0          0          0          0   entry9a.o
        30          0          0          0          0          0   handlers.o
        36          8          0          0          0         68   init.o
        30          0          0          0          0         68   llshl.o
        32          0          0          0          0         68   llushr.o
        26          0          0          0          0         80   memcmp.o
        66          0          0          0          0         76   memmove.o
        36          0          0          0          0        108   memseta.o
        18          0          0          0          0         68   strcpy.o
        14          0          0          0          0         68   strlen.o
        98          0          0          0          0         92   uldiv.o
      1708          0          0          0          0          0   occ_bigint256.s.obj
        64          0          0          0          0          0   occ_constant_time.s.obj
       452          4         32          0          0          0   occ_curve25519.c.obj
      1036         32        192         32          0          0   occ_curve_p256.c.obj
        88          0          0          0          0          0   occ_ecdh_p256.c.obj
        72          0          0          0          0          0   occ_ed25519.c.obj
      1004         20       1632          0          0          0   occ_ge25519.c.obj
       708          0          0          0          0          0   occ_mod25519.c.obj
      1676          0          0          0          0          0   occ_mod25519_base.s.obj
       528          0          0          0          0          0   occ_mod_p256.c.obj
      1756          0          0          0          0          0   occ_mod_p256_base.s.obj
       176          4         32          0          0          0   occ_sc25519.c.obj
        80          4         32          0          0          0   occ_sc_p256.c.obj
      2548         76        640          0          0          0   occ_sha512.c.obj
       756          0          0          0          0          0   occ_sha512_loop.c.obj

    ----------------------------------------------------------------------
     13154        160       2696         32          0        764   Library Totals
         2          0          3          0          0          0   (incl. Padding)

    ----------------------------------------------------------------------

      Code (inc. data)   RO Data    RW Data    ZI Data      Debug   Library Name

       500         20        133          0          0        764   mc_w.l
     12652        140       2560         32          0          0   oberon_2.0.7.lib

    ----------------------------------------------------------------------
     13154        160       2696         32          0        764   Library Totals

    ----------------------------------------------------------------------

==============================================================================


      Code (inc. data)   RO Data    RW Data    ZI Data      Debug   

     67104       7226      19672        704      14152    1478924   Grand Totals
     67104       7226      19672        164      14152    1478924   ELF Image Totals (compressed)
     67104       7226      19672        164          0          0   ROM Totals

==============================================================================

    Total RO  Size (Code + RO Data)                86776 (  84.74kB)
    Total RW  Size (RW Data + ZI Data)             14856 (  14.51kB)
    Total ROM Size (Code + RO Data + RW Data)      86940 (  84.90kB)

==============================================================================

