Component: ARM Compiler 5.06 update 6 (build 750) Tool: armlink [4d35ed]

==============================================================================

Section Cross References

    main.o(i.advertising_init) refers to memseta.o(.text) for __aeabi_memclr4
    main.o(i.advertising_init) refers to ble_advertising.o(i.ble_advertising_init) for ble_advertising_init
    main.o(i.advertising_init) refers to app_error.o(i.app_error_handler_bare) for app_error_handler_bare
    main.o(i.advertising_init) refers to ble_advertising.o(i.ble_advertising_conn_cfg_tag_set) for ble_advertising_conn_cfg_tag_set
    main.o(i.advertising_init) refers to main.o(.data) for .data
    main.o(i.advertising_init) refers to main.o(i.on_adv_evt) for on_adv_evt
    main.o(i.advertising_init) refers to main.o(i.ble_advertising_error_handler) for ble_advertising_error_handler
    main.o(i.advertising_init) refers to main.o(.bss) for .bss
    main.o(i.advertising_start) refers to nrf_log_frontend.o(i.nrf_log_frontend_std_0) for nrf_log_frontend_std_0
    main.o(i.advertising_start) refers to peer_manager.o(i.pm_peers_delete) for pm_peers_delete
    main.o(i.advertising_start) refers to ble_advertising.o(i.ble_advertising_start) for ble_advertising_start
    main.o(i.advertising_start) refers to app_error.o(i.app_error_handler_bare) for app_error_handler_bare
    main.o(i.advertising_start) refers to nrf_log_frontend.o(log_const_data) for m_nrf_log_app_logs_data_const
    main.o(i.advertising_start) refers to main.o(.bss) for .bss
    main.o(i.assert_nrf_callback) refers to app_error_handler_keil.o(.emb_text) for app_error_handler
    main.o(i.ble_advertising_error_handler) refers to app_error.o(i.app_error_handler_bare) for app_error_handler_bare
    main.o(i.ble_evt_handler) refers to peer_manager_handler.o(i.pm_handler_secure_on_connection) for pm_handler_secure_on_connection
    main.o(i.ble_evt_handler) refers to nrf_log_frontend.o(i.nrf_log_frontend_std_0) for nrf_log_frontend_std_0
    main.o(i.ble_evt_handler) refers to ble_conn_state.o(i.ble_conn_state_for_each_set_user_flag) for ble_conn_state_for_each_set_user_flag
    main.o(i.ble_evt_handler) refers to bsp.o(i.bsp_indication_set) for bsp_indication_set
    main.o(i.ble_evt_handler) refers to app_error.o(i.app_error_handler_bare) for app_error_handler_bare
    main.o(i.ble_evt_handler) refers to nrf_ble_bms.o(i.nrf_ble_bms_set_conn_handle) for nrf_ble_bms_set_conn_handle
    main.o(i.ble_evt_handler) refers to nrf_ble_qwr.o(i.nrf_ble_qwr_conn_handle_assign) for nrf_ble_qwr_conn_handle_assign
    main.o(i.ble_evt_handler) refers to nrf_log_frontend.o(log_const_data) for m_nrf_log_app_logs_data_const
    main.o(i.ble_evt_handler) refers to main.o(.data) for .data
    main.o(i.ble_evt_handler) refers to main.o(i.bond_delete) for bond_delete
    main.o(i.ble_evt_handler) refers to main.o(.bss) for .bss
    main.o(i.bms_evt_handler) refers to memcmp.o(.text) for memcmp
    main.o(i.bms_evt_handler) refers to nrf_ble_bms.o(i.nrf_ble_bms_auth_response) for nrf_ble_bms_auth_response
    main.o(i.bms_evt_handler) refers to app_error.o(i.app_error_handler_bare) for app_error_handler_bare
    main.o(i.bms_evt_handler) refers to main.o(.data) for .data
    main.o(i.bms_evt_handler) refers to main.o(.bss) for .bss
    main.o(i.bond_delete) refers to ble_conn_state.o(i.ble_conn_state_status) for ble_conn_state_status
    main.o(i.bond_delete) refers to peer_manager.o(i.pm_peer_id_get) for pm_peer_id_get
    main.o(i.bond_delete) refers to app_error.o(i.app_error_handler_bare) for app_error_handler_bare
    main.o(i.bond_delete) refers to peer_manager.o(i.pm_peer_delete) for pm_peer_delete
    main.o(i.bond_delete) refers to ble_conn_state.o(i.ble_conn_state_user_flag_set) for ble_conn_state_user_flag_set
    main.o(i.bond_delete) refers to main.o(.data) for .data
    main.o(i.bsp_event_handler) refers to main.o(i.sleep_mode_enter) for sleep_mode_enter
    main.o(i.bsp_event_handler) refers to app_error.o(i.app_error_handler_bare) for app_error_handler_bare
    main.o(i.bsp_event_handler) refers to main.o(.data) for .data
    main.o(i.conn_params_error_handler) refers to app_error.o(i.app_error_handler_bare) for app_error_handler_bare
    main.o(i.delete_all_bonds) refers to nrf_log_frontend.o(i.nrf_log_frontend_std_0) for nrf_log_frontend_std_0
    main.o(i.delete_all_bonds) refers to peer_manager.o(i.pm_conn_handle_get) for pm_conn_handle_get
    main.o(i.delete_all_bonds) refers to app_error.o(i.app_error_handler_bare) for app_error_handler_bare
    main.o(i.delete_all_bonds) refers to main.o(i.bond_delete) for bond_delete
    main.o(i.delete_all_bonds) refers to peer_manager.o(i.pm_next_peer_id_get) for pm_next_peer_id_get
    main.o(i.delete_all_bonds) refers to nrf_log_frontend.o(log_const_data) for m_nrf_log_app_logs_data_const
    main.o(i.delete_all_except_requesting_bond) refers to nrf_log_frontend.o(i.nrf_log_frontend_std_0) for nrf_log_frontend_std_0
[...]
    SystemCoreClock                          0x20002458   Data           4  system_nrf52.o(.data)
    fs_data$$Base                            0x2000245c   Number         0  fds.o(fs_data)
    m_fs                                     0x2000245c   Data          20  fds.o(fs_data)
    fs_data$$Limit                           0x20002470   Number         0  fds.o(fs_data)
    nrf_nvic_state                           0x20002f50   Data          12  app_util_platform.o(.bss)
    _SEGGER_RTT                              0x200036c4   Data         120  segger_rtt.o(.bss)
    __initial_sp                             0x20005950   Data           0  arm_startup_nrf52.o(STACK)



==============================================================================

Memory Map of the image

  Image Entry point : 0x00026201

  Load Region LR_IROM1 (Base: 0x00026000, Size: 0x0000d598, Max: 0x0005a000, ABSOLUTE, COMPRESSED[0x0000d3d4])

    Execution Region ER_IROM1 (Exec base: 0x00026000, Load base: 0x00026000, Size: 0x0000d340, Max: 0x0005a000, ABSOLUTE)

    Exec Addr    Load Addr    Size         Type   Attr      Idx    E Section Name        Object

    0x00026000   0x00026000   0x00000200   Data   RO         7001    RESET               arm_startup_nrf52.o
    0x00026200   0x00026200   0x00000000   Code   RO         7042  * .ARM.Collect$$$$00000000  mc_w.l(entry.o)
    0x00026200   0x00026200   0x00000004   Code   RO         7096    .ARM.Collect$$$$00000001  mc_w.l(entry2.o)
    0x00026204   0x00026204   0x00000004   Code   RO         7099    .ARM.Collect$$$$00000004  mc_w.l(entry5.o)
    0x00026208   0x00026208   0x00000000   Code   RO         7101    .ARM.Collect$$$$00000008  mc_w.l(entry7b.o)
    0x00026208   0x00026208   0x00000000   Code   RO         7103    .ARM.Collect$$$$0000000A  mc_w.l(entry8b.o)
    0x00026208   0x00026208   0x00000008   Code   RO         7104    .ARM.Collect$$$$0000000B  mc_w.l(entry9a.o)
    0x00026210   0x00026210   0x00000000   Code   RO         7106    .ARM.Collect$$$$0000000D  mc_w.l(entry10a.o)
    0x00026210   0x00026210   0x00000000   Code   RO         7108    .ARM.Collect$$$$0000000F  mc_w.l(entry11a.o)
    0x00026210   0x00026210   0x00000004   Code   RO         7097    .ARM.Collect$$$$00002712  mc_w.l(entry2.o)
    0x00026214   0x00026214   0x000000c8   Code   RO         5148    .emb_text           nrf_atfifo.o
    0x000262dc   0x000262dc   0x000000e2   Code   RO         5284    .emb_text           nrf_atomic.o
    0x000263be   0x000263be   0x00000002   PAD
    0x000263c0   0x000263c0   0x00000024   Code   RO         7002    .text               arm_startup_nrf52.o
    0x000263e4   0x000263e4   0x00000062   Code   RO         7050    .text               mc_w.l(uldiv.o)
    0x00026446   0x00026446   0x0000001e   Code   RO         7052    .text               mc_w.l(llshl.o)
    0x00026464   0x00026464   0x00000008   Code   RO         7054    .text               mc_w.l(ctype_o.o)
    0x0002646c   0x0002646c   0x00000024   Code   RO         7082    .text               mc_w.l(memcpya.o)
    0x00026490   0x00026490   0x00000024   Code   RO         7084    .text               mc_w.l(memseta.o)
    0x000264b4   0x000264b4   0x0000000e   Code   RO         7086    .text               mc_w.l(strlen.o)
    0x000264c2   0x000264c2   0x0000001a   Code   RO         7090    .text               mc_w.l(memcmp.o)
    0x000264dc   0x000264dc   0x00000012   Code   RO         7092    .text               mc_w.l(strcpy.o)
    0x000264ee   0x000264ee   0x00000020   Code   RO         7111    .text               mc_w.l(llushr.o)
    0x0002650e   0x0002650e   0x00000002   PAD
    0x00026510   0x00026510   0x00000024   Code   RO         7114    .text               mc_w.l(init.o)
    0x00026534   0x00026534   0x00000056   Code   RO         7124    .text               mc_w.l(__dczerorl2.o)
    0x0002658a   0x0002658a   0x00000002   PAD
    0x0002658c   0x0002658c   0x00000164   Code   RO         3630    i.GPIOTE_IRQHandler  nrfx_gpiote.o
    0x000266f0   0x000266f0   0x00000016   Code   RO         4515    i.NVIC_ClearPendingIRQ  app_timer.o
    0x00026706   0x00026706   0x00000016   Code   RO         4516    i.NVIC_EnableIRQ    app_timer.o
    0x0002671c   0x0002671c   0x00000016   Code   RO         4517    i.NVIC_SetPendingIRQ  app_timer.o
    0x00026732   0x00026732   0x00000020   Code   RO         4518    i.NVIC_SetPriority  app_timer.o
    0x00026752   0x00026752   0x00000002   PAD
    0x00026754   0x00026754   0x00000058   Code   RO         3492    i.POWER_CLOCK_IRQHandler  nrfx_clock.o
    0x000267ac   0x000267ac   0x00000024   Code   RO         4519    i.RTC1_IRQHandler   app_timer.o
    0x000267d0   0x000267d0   0x0000003c   Code   RO         6445    i.SEGGER_RTT_Write  segger_rtt.o
    0x0002680c   0x0002680c   0x0000005c   Code   RO         6446    i.SEGGER_RTT_WriteNoLock  segger_rtt.o
    0x00026868   0x00026868   0x00000016   Code   RO         6737    i.SEGGER_RTT_printf  segger_rtt_printf.o
    0x0002687e   0x0002687e   0x00000196   Code   RO         6738    i.SEGGER_RTT_vprintf  segger_rtt_printf.o
    0x00026a14   0x00026a14   0x00000004   Code   RO         4520    i.SWI0_EGU0_IRQHandler  app_timer.o
    0x00026a18   0x00026a18   0x00000004   Code   RO         6787    i.SWI2_EGU2_IRQHandler  nrf_sdh.o
    0x00026a1c   0x00026a1c   0x0000031c   Code   RO         7010    i.SystemInit        system_nrf52.o
    0x00026d38   0x00026d38   0x0000000c   Code   RO         3899    i.UARTE0_UART0_IRQHandler  nrfx_prs.o
    0x00026d44   0x00026d44   0x00000068   Code   RO         6450    i._DoInit           segger_rtt.o
    0x00026dac   0x00026dac   0x00000016   Code   RO         6451    i._GetAvailWriteSpace  segger_rtt.o
    0x00026dc2   0x00026dc2   0x00000002   PAD
    0x00026dc4   0x00026dc4   0x000000c6   Code   RO         6739    i._PrintInt         segger_rtt_printf.o
    0x00026e8a   0x00026e8a   0x00000002   PAD
    0x00026e8c   0x00026e8c   0x000000d4   Code   RO         6740    i._PrintUnsigned    segger_rtt_printf.o
    0x00026f60   0x00026f60   0x0000003e   Code   RO         6741    i._StoreChar        segger_rtt_printf.o
    0x00026f9e   0x00026f9e   0x0000005a   Code   RO         6453    i._WriteBlocking    segger_rtt.o
    0x00026ff8   0x00026ff8   0x00000042   Code   RO         6454    i._WriteNoCheck     segger_rtt.o
    0x0002703a   0x0002703a   0x0000000e   Code   RO         7118    i.__scatterload_copy  mc_w.l(handlers.o)
    0x00027048   0x00027048   0x00000002   Code   RO         7119    i.__scatterload_null  mc_w.l(handlers.o)
    0x0002704a   0x0002704a   0x0000000e   Code   RO         7120    i.__scatterload_zeroinit  mc_w.l(handlers.o)
    0x00027058   0x00027058   0x00000024   Code   RO         6788    i.__sd_nvic_app_accessible_irq  nrf_sdh.o
    0x0002707c   0x0002707c   0x0000013c   Code   RO         2679    i._conn_secure      peer_manager_handler.o
    0x000271b8   0x000271b8   0x00000026   Code   RO         1597    i.addr_compare      id_manager.o
    0x000271de   0x000271de   0x0000000c   Code   RO         5536    i.addr_is_aligned32  nrf_fstorage.o
    0x000271ea   0x000271ea   0x00000018   Code   RO         5537    i.addr_is_within_bounds  nrf_fstorage.o
    0x00027202   0x00027202   0x00000036   Code   RO          712    i.advertising_buttons_configure  bsp_btn_ble.o
    0x00027238   0x00027238   0x00000070   Code   RO            4    i.advertising_init  main.o
    0x000272a8   0x000272a8   0x00000050   Code   RO            5    i.advertising_start  main.o
    0x000272f8   0x000272f8   0x00000052   Code   RO         1598    i.ah                id_manager.o
    0x0002734a   0x0002734a   0x00000006   Code   RO          595    i.alert_timer_handler  bsp.o
    0x00027350   0x00027350   0x0000000c   Code   RO         2820    i.allow_repairing   security_dispatcher.o
    0x0002735c   0x0002735c   0x00000024   Code   RO         4297    i.app_button_enable  app_button.o
    0x00027380   0x00027380   0x00000078   Code   RO         4298    i.app_button_init   app_button.o
    0x000273f8   0x000273f8   0x00000084   Code   RO         4421    i.app_error_fault_handler  app_error_weak.o
    0x0002747c   0x0002747c   0x00000016   Code   RO         4361    i.app_error_handler_bare  app_error.o
    0x00027492   0x00027492   0x00000002   PAD
    0x00027494   0x00027494   0x00000028   Code   RO         4523    i.app_timer_create  app_timer.o
    0x000274bc   0x000274bc   0x00000054   Code   RO         4524    i.app_timer_init    app_timer.o
    0x00027510   0x00027510   0x00000088   Code   RO         4527    i.app_timer_start   app_timer.o
    0x00027598   0x00027598   0x00000020   Code   RO         4528    i.app_timer_stop    app_timer.o
    0x000275b8   0x000275b8   0x00000048   Code   RO         4688    i.app_util_critical_region_enter  app_util_platform.o
    0x00027600   0x00027600   0x00000034   Code   RO         4689    i.app_util_critical_region_exit  app_util_platform.o
    0x00027634   0x00027634   0x00000088   Code   RO         3953    i.apply_config      nrfx_uart.o
    0x000276bc   0x000276bc   0x00000088   Code   RO         4141    i.apply_config      nrfx_uarte.o
    0x00027744   0x00027744   0x00000004   Code   RO         1331    i.apply_pending_handle  gatt_cache_manager.o
    0x00027748   0x00027748   0x00000180   Code   RO         2821    i.auth_status_success_process  security_dispatcher.o
    0x000278c8   0x000278c8   0x00000182   Code   RO          837    i.ble_advdata_encode  ble_advdata.o
    0x00027a4a   0x00027a4a   0x00000020   Code   RO          839    i.ble_advdata_parse  ble_advdata.o
    0x00027a6a   0x00027a6a   0x00000038   Code   RO          840    i.ble_advdata_search  ble_advdata.o
    0x00027aa2   0x00027aa2   0x00000006   Code   RO          944    i.ble_advertising_conn_cfg_tag_set  ble_advertising.o
    0x00027aa8   0x00027aa8   0x00000004   Code   RO            7    i.ble_advertising_error_handler  main.o
    0x00027aac   0x00027aac   0x0000010e   Code   RO          945    i.ble_advertising_init  ble_advertising.o
    0x00027bba   0x00027bba   0x0000006a   Code   RO          947    i.ble_advertising_on_ble_evt  ble_advertising.o
    0x00027c24   0x00027c24   0x00000002   Code   RO          948    i.ble_advertising_on_sys_evt  ble_advertising.o
    0x00027c26   0x00027c26   0x0000022c   Code   RO          951    i.ble_advertising_start  ble_advertising.o
    0x00027e52   0x00027e52   0x00000002   PAD
    0x00027e54   0x00027e54   0x00000068   Code   RO         1037    i.ble_conn_params_init  ble_conn_params.o
    0x00027ebc   0x00027ebc   0x00000020   Code   RO         1113    i.ble_conn_state_encrypted  ble_conn_state.o
    0x00027edc   0x00027edc   0x0000002c   Code   RO         1115    i.ble_conn_state_for_each_set_user_flag  ble_conn_state.o
    0x00027f08   0x00027f08   0x00000020   Code   RO         1117    i.ble_conn_state_mitm_protected  ble_conn_state.o
    0x00027f28   0x00027f28   0x00000024   Code   RO         1120    i.ble_conn_state_role  ble_conn_state.o
    0x00027f4c   0x00027f4c   0x00000024   Code   RO         1121    i.ble_conn_state_status  ble_conn_state.o
    0x00027f70   0x00027f70   0x00000018   Code   RO         1122    i.ble_conn_state_user_flag_acquire  ble_conn_state.o
    0x00027f88   0x00027f88   0x00000030   Code   RO         1123    i.ble_conn_state_user_flag_get  ble_conn_state.o
    0x00027fb8   0x00027fb8   0x00000040   Code   RO         1124    i.ble_conn_state_user_flag_set  ble_conn_state.o
    0x00027ff8   0x00027ff8   0x00000014   Code   RO         1125    i.ble_conn_state_valid  ble_conn_state.o
    0x0002800c   0x0002800c   0x00000060   Code   RO          843    i.ble_device_addr_encode  ble_advdata.o
    0x0002806c   0x0002806c   0x0000013c   Code   RO         3114    i.ble_dis_init      ble_dis.o
    0x000281a8   0x000281a8   0x000000dc   Code   RO            8    i.ble_evt_handler   main.o
    0x00028284   0x00028284   0x00000070   Code   RO          713    i.ble_evt_handler   bsp_btn_ble.o
    0x000282f4   0x000282f4   0x000000fc   Code   RO         1039    i.ble_evt_handler   ble_conn_params.o
    0x000283f0   0x000283f0   0x00000104   Code   RO         1126    i.ble_evt_handler   ble_conn_state.o
    0x000284f4   0x000284f4   0x00000028   Code   RO         2379    i.ble_evt_handler   peer_manager.o
    0x0002851c   0x0002851c   0x00000012   Code   RO         1269    i.ble_srv_ascii_to_utf8  ble_srv_common.o
    0x0002852e   0x0002852e   0x00000008   Code   RO         1271    i.ble_srv_is_notification_enabled  ble_srv_common.o
    0x00028536   0x00028536   0x00000002   PAD
    0x00028538   0x00028538   0x00000040   Code   RO            9    i.bms_evt_handler   main.o
    0x00028578   0x00028578   0x00000048   Code   RO           10    i.bond_delete       main.o
    0x000285c0   0x000285c0   0x0000000c   Code   RO          459    i.bsp_board_button_idx_to_pin  boards.o
    0x000285cc   0x000285cc   0x00000020   Code   RO          460    i.bsp_board_button_state_get  boards.o
    0x000285ec   0x000285ec   0x00000054   Code   RO          461    i.bsp_board_init    boards.o
    0x00028640   0x00028640   0x00000024   Code   RO          463    i.bsp_board_led_invert  boards.o
    0x00028664   0x00028664   0x00000010   Code   RO          464    i.bsp_board_led_off  boards.o
    0x00028674   0x00028674   0x00000010   Code   RO          465    i.bsp_board_led_on  boards.o
    0x00028684   0x00028684   0x00000020   Code   RO          466    i.bsp_board_led_state_get  boards.o
    0x000286a4   0x000286a4   0x00000012   Code   RO          467    i.bsp_board_leds_off  boards.o
    0x000286b6   0x000286b6   0x00000012   Code   RO          468    i.bsp_board_leds_on  boards.o
    0x000286c8   0x000286c8   0x00000024   Code   RO          469    i.bsp_board_pin_to_button_idx  boards.o
    0x000286ec   0x000286ec   0x00000038   Code   RO          714    i.bsp_btn_ble_init  bsp_btn_ble.o
    0x00028724   0x00028724   0x0000001e   Code   RO          715    i.bsp_btn_ble_sleep_mode_prepare  bsp_btn_ble.o
    0x00028742   0x00028742   0x00000002   PAD
    0x00028744   0x00028744   0x00000090   Code   RO          596    i.bsp_button_event_handler  bsp.o
    0x000287d4   0x000287d4   0x0000000c   Code   RO          597    i.bsp_button_is_pressed  bsp.o
    0x000287e0   0x000287e0   0x00000028   Code   RO           11    i.bsp_event_handler  main.o
    0x00028808   0x00028808   0x00000044   Code   RO          600    i.bsp_event_to_button_action_assign  bsp.o
    0x0002884c   0x0002884c   0x00000018   Code   RO          601    i.bsp_indication_set  bsp.o
    0x00028864   0x00028864   0x00000094   Code   RO          602    i.bsp_init          bsp.o
    0x000288f8   0x000288f8   0x000001c8   Code   RO          603    i.bsp_led_indication  bsp.o
    0x00028ac0   0x00028ac0   0x00000006   Code   RO          605    i.bsp_wakeup_button_enable  bsp.o
    0x00028ac6   0x00028ac6   0x00000002   PAD
    0x00028ac8   0x00028ac8   0x00000090   Code   RO         6187    i.buf_prealloc      nrf_log_frontend.o
    0x00028b58   0x00028b58   0x0000002e   Code   RO         5496    i.buffer_add        nrf_fprintf_format.o
    0x00028b86   0x00028b86   0x00000002   PAD
    0x00028b88   0x00028b88   0x00000014   Code   RO         6188    i.buffer_is_empty   nrf_log_frontend.o
    0x00028b9c   0x00028b9c   0x00000008   Code   RO          606    i.button_timer_handler  bsp.o
    0x00028ba4   0x00028ba4   0x00000028   Code   RO         1332    i.car_update_needed  gatt_cache_manager.o
    0x00028bcc   0x00028bcc   0x00000040   Code   RO         1333    i.car_update_pending_handle  gatt_cache_manager.o
    0x00028c0c   0x00028c0c   0x0000001c   Code   RO         3631    i.channel_free      nrfx_gpiote.o
    0x00028c28   0x00028c28   0x00000048   Code   RO         3632    i.channel_port_alloc  nrfx_gpiote.o
    0x00028c70   0x00028c70   0x00000010   Code   RO         3633    i.channel_port_get  nrfx_gpiote.o
    0x00028c80   0x00028c80   0x00000060   Code   RO         3115    i.char_add          ble_dis.o
    0x00028ce0   0x00028ce0   0x00000190   Code   RO         1273    i.characteristic_add  ble_srv_common.o
    0x00028e70   0x00028e70   0x0000003e   Code   RO         2289    i.claim             peer_id.o
    0x00028eae   0x00028eae   0x00000002   PAD
    0x00028eb0   0x00028eb0   0x00000028   Code   RO         3155    i.clock_clk_started_notify  nrf_drv_clock.o
    0x00028ed8   0x00028ed8   0x0000001c   Code   RO         3156    i.clock_irq_handler  nrf_drv_clock.o
    0x00028ef4   0x00028ef4   0x000000ac   Code   RO         4530    i.compare_reg_update  app_timer.o
    0x00028fa0   0x00028fa0   0x0000003e   Code   RO         1127    i.conn_handle_list_get  ble_conn_state.o
    0x00028fde   0x00028fde   0x00000088   Code   RO          844    i.conn_int_encode   ble_advdata.o
    0x00029066   0x00029066   0x00000004   Code   RO           12    i.conn_params_error_handler  main.o
    0x0002906a   0x0002906a   0x00000002   PAD
    0x0002906c   0x0002906c   0x00000048   Code   RO         1040    i.conn_params_negotiation  ble_conn_params.o
    0x000290b4   0x000290b4   0x00000044   Code   RO         2822    i.conn_sec_failure  security_dispatcher.o
    0x000290f8   0x000290f8   0x00000050   Code   RO         2680    i.conn_secure       peer_manager_handler.o
    0x00029148   0x00029148   0x00000072   Code   RO         1763    i.ctrlpt_auth       nrf_ble_bms.o
    0x000291ba   0x000291ba   0x00000028   Code   RO         1764    i.ctrlpt_decode     nrf_ble_bms.o
    0x000291e2   0x000291e2   0x0000001a   Code   RO         1765    i.ctrlpt_execute    nrf_ble_bms.o
    0x000291fc   0x000291fc   0x00000110   Code   RO         1766    i.ctrlpt_process    nrf_ble_bms.o
    0x0002930c   0x0002930c   0x000000c0   Code   RO         1865    i.data_length_update  nrf_ble_gatt.o
    0x000293cc   0x000293cc   0x00000030   Code   RO         1334    i.db_update_pending_handle  gatt_cache_manager.o
    0x000293fc   0x000293fc   0x0000000a   Code   RO         2681    i.delayed_conn_secure  peer_manager_handler.o
    0x00029406   0x00029406   0x00000002   PAD
    0x00029408   0x00029408   0x00000078   Code   RO           13    i.delete_all_bonds  main.o
    0x00029480   0x00029480   0x00000094   Code   RO           14    i.delete_all_except_requesting_bond  main.o
    0x00029514   0x00029514   0x00000080   Code   RO         4783    i.delete_execute    fds.o
    0x00029594   0x00029594   0x0000006c   Code   RO           15    i.delete_requesting_bond  main.o
    0x00029600   0x00029600   0x0000009c   Code   RO         4300    i.detection_delay_timeout_handler  app_button.o
    0x0002969c   0x0002969c   0x00000014   Code   RO         6189    i.dropped_sat16_get  nrf_log_frontend.o
    0x000296b0   0x000296b0   0x00000040   Code   RO         4531    i.elapsed_ticks_acquire  app_timer.o
    0x000296f0   0x000296f0   0x0000000a   Code   RO         2823    i.encryption_failure  security_dispatcher.o
    0x000296fa   0x000296fa   0x00000002   PAD
    0x000296fc   0x000296fc   0x0000004c   Code   RO         5623    i.erase             nrf_fstorage_sd.o
    0x00029748   0x00029748   0x00000074   Code   RO         4784    i.event_prepare     fds.o
    0x000297bc   0x000297bc   0x00000020   Code   RO         4785    i.event_send        fds.o
    0x000297dc   0x000297dc   0x00000054   Code   RO         5624    i.event_send        nrf_fstorage_sd.o
    0x00029830   0x00029830   0x000000ac   Code   RO         2961    i.events_send_from_err_code  security_manager.o
    0x000298dc   0x000298dc   0x0000001c   Code   RO         1335    i.evt_send          gatt_cache_manager.o
    0x000298f8   0x000298f8   0x0000001c   Code   RO         1502    i.evt_send          gatts_cache_manager.o
    0x00029914   0x00029914   0x0000002c   Code   RO         2380    i.evt_send          peer_manager.o
    0x00029940   0x00029940   0x0000001c   Code   RO         2824    i.evt_send          security_dispatcher.o
    0x0002995c   0x0002995c   0x0000000c   Code   RO         2962    i.evt_send          security_manager.o
    0x00029968   0x00029968   0x000000ec   Code   RO         2030    i.fds_evt_handler   peer_data_storage.o
    0x00029a54   0x00029a54   0x00000044   Code   RO         4787    i.fds_file_delete   fds.o
    0x00029a98   0x00029a98   0x0000003c   Code   RO         4788    i.fds_gc            fds.o
    0x00029ad4   0x00029ad4   0x000000e0   Code   RO         4789    i.fds_init          fds.o
    0x00029bb4   0x00029bb4   0x00000040   Code   RO         4790    i.fds_record_close  fds.o
    0x00029bf4   0x00029bf4   0x0000000e   Code   RO         4792    i.fds_record_find   fds.o
    0x00029c02   0x00029c02   0x00000010   Code   RO         4793    i.fds_record_find_by_key  fds.o
    0x00029c12   0x00029c12   0x00000010   Code   RO         4794    i.fds_record_find_in_file  fds.o
    0x00029c22   0x00029c22   0x00000010   Code   RO         4795    i.fds_record_id_from_desc  fds.o
    0x00029c32   0x00029c32   0x00000002   PAD
    0x00029c34   0x00029c34   0x00000048   Code   RO         4797    i.fds_record_open   fds.o
    0x00029c7c   0x00029c7c   0x0000000e   Code   RO         4798    i.fds_record_update  fds.o
    0x00029c8a   0x00029c8a   0x00000008   Code   RO         4799    i.fds_record_write  fds.o
    0x00029c92   0x00029c92   0x00000002   PAD
    0x00029c94   0x00029c94   0x0000002c   Code   RO         4801    i.fds_register      fds.o
    0x00029cc0   0x00029cc0   0x000000ce   Code   RO         1767    i.feature_char_add  nrf_ble_bms.o
    0x00029d8e   0x00029d8e   0x00000014   Code   RO         2031    i.file_id_within_pm_range  peer_data_storage.o
    0x00029da2   0x00029da2   0x00000012   Code   RO         2825    i.flag_id_init      security_dispatcher.o
    0x00029db4   0x00029db4   0x00000012   Code   RO         2963    i.flag_id_init      security_manager.o
    0x00029dc6   0x00029dc6   0x00000028   Code   RO          953    i.flags_set         ble_advertising.o
    0x00029dee   0x00029dee   0x00000002   PAD
    0x00029df0   0x00029df0   0x00000030   Code   RO         2964    i.flags_set_from_err_code  security_manager.o
    0x00029e20   0x00029e20   0x00000030   Code   RO         1128    i.for_each_set_flag  ble_conn_state.o
    0x00029e50   0x00029e50   0x00000006   Code   RO         4805    i.fs_event_handler  fds.o
    0x00029e56   0x00029e56   0x00000002   PAD
    0x00029e58   0x00029e58   0x00000064   Code   RO           16    i.gap_params_init   main.o
    0x00029ebc   0x00029ebc   0x0000007c   Code   RO         4806    i.gc_execute        fds.o
    0x00029f38   0x00029f38   0x0000004c   Code   RO         4807    i.gc_next_page      fds.o
    0x00029f84   0x00029f84   0x00000040   Code   RO         4808    i.gc_page_erase     fds.o
    0x00029fc4   0x00029fc4   0x00000034   Code   RO         4809    i.gc_record_copy    fds.o
    0x00029ff8   0x00029ff8   0x00000024   Code   RO         4810    i.gc_record_find_next  fds.o
    0x0002a01c   0x0002a01c   0x00000088   Code   RO         4811    i.gc_state_advance  fds.o
    0x0002a0a4   0x0002a0a4   0x00000230   Code   RO         1336    i.gcm_ble_evt_handler  gatt_cache_manager.o
    0x0002a2d4   0x0002a2d4   0x0000003c   Code   RO         1337    i.gcm_im_evt_handler  gatt_cache_manager.o
    0x0002a310   0x0002a310   0x00000094   Code   RO         1338    i.gcm_init          gatt_cache_manager.o
    0x0002a3a4   0x0002a3a4   0x00000088   Code   RO         1341    i.gcm_pdb_evt_handler  gatt_cache_manager.o
    0x0002a42c   0x0002a42c   0x00000084   Code   RO         4301    i.gpiote_event_handler  app_button.o
    0x0002a4b0   0x0002a4b0   0x0000001c   Code   RO         1503    i.gscm_db_change_notification_done  gatts_cache_manager.o
    0x0002a4cc   0x0002a4cc   0x00000014   Code   RO         1504    i.gscm_init         gatts_cache_manager.o
    0x0002a4e0   0x0002a4e0   0x00000090   Code   RO         1506    i.gscm_local_db_cache_apply  gatts_cache_manager.o
    0x0002a570   0x0002a570   0x000000ac   Code   RO         1507    i.gscm_local_db_cache_update  gatts_cache_manager.o
    0x0002a61c   0x0002a61c   0x00000018   Code   RO         1508    i.gscm_pdb_evt_handler  gatts_cache_manager.o
    0x0002a634   0x0002a634   0x0000001e   Code   RO         1509    i.gscm_service_changed_ind_needed  gatts_cache_manager.o
    0x0002a652   0x0002a652   0x00000002   PAD
    0x0002a654   0x0002a654   0x0000005c   Code   RO         1510    i.gscm_service_changed_ind_send  gatts_cache_manager.o
    0x0002a6b0   0x0002a6b0   0x00000026   Code   RO         4812    i.header_check      fds.o
    0x0002a6d6   0x0002a6d6   0x00000012   Code   RO         4813    i.header_has_next   fds.o
    0x0002a6e8   0x0002a6e8   0x00000046   Code   RO         1599    i.im_address_resolve  id_manager.o
    0x0002a72e   0x0002a72e   0x00000002   PAD
    0x0002a730   0x0002a730   0x00000038   Code   RO         1600    i.im_ble_addr_get   id_manager.o
    0x0002a768   0x0002a768   0x000000dc   Code   RO         1601    i.im_ble_evt_handler  id_manager.o
    0x0002a844   0x0002a844   0x00000040   Code   RO         1602    i.im_conn_handle_get  id_manager.o
    0x0002a884   0x0002a884   0x00000038   Code   RO         1604    i.im_find_duplicate_bonding_data  id_manager.o
    0x0002a8bc   0x0002a8bc   0x00000072   Code   RO         1607    i.im_is_duplicate_bonding_data  id_manager.o
    0x0002a92e   0x0002a92e   0x00000018   Code   RO         1608    i.im_master_id_is_valid  id_manager.o
    0x0002a946   0x0002a946   0x0000002a   Code   RO         1609    i.im_master_ids_compare  id_manager.o
    0x0002a970   0x0002a970   0x00000014   Code   RO         1610    i.im_new_peer_id    id_manager.o
    0x0002a984   0x0002a984   0x0000002c   Code   RO         1611    i.im_peer_free      id_manager.o
    0x0002a9b0   0x0002a9b0   0x00000024   Code   RO         1612    i.im_peer_id_get_by_conn_handle  id_manager.o
    0x0002a9d4   0x0002a9d4   0x0000003c   Code   RO         1613    i.im_peer_id_get_by_master_id  id_manager.o
    0x0002aa10   0x0002aa10   0x00000034   Code   RO         5625    i.init              nrf_fstorage_sd.o
    0x0002aa44   0x0002aa44   0x000000c8   Code   RO         4814    i.init_execute      fds.o
    0x0002ab0c   0x0002ab0c   0x00000014   Code   RO         1041    i.instance_get      ble_conn_params.o
    0x0002ab20   0x0002ab20   0x000000a6   Code   RO         5497    i.int_print         nrf_fprintf_format.o
    0x0002abc6   0x0002abc6   0x00000002   PAD
    0x0002abc8   0x0002abc8   0x0000007c   Code   RO         4142    i.interrupts_enable  nrfx_uarte.o
    0x0002ac44   0x0002ac44   0x00000034   Code   RO         6190    i.invalid_packets_omit  nrf_log_frontend.o
    0x0002ac78   0x0002ac78   0x00000010   Code   RO         5626    i.is_busy           nrf_fstorage_sd.o
    0x0002ac88   0x0002ac88   0x00000044   Code   RO         1042    i.is_conn_params_ok  ble_conn_params.o
    0x0002accc   0x0002accc   0x00000014   Code   RO         1618    i.is_valid_irk      id_manager.o
    0x0002ace0   0x0002ace0   0x0000000c   Code   RO         4815    i.is_word_aligned   fds.o
    0x0002acec   0x0002acec   0x00000030   Code   RO          607    i.leds_off          bsp.o
    0x0002ad1c   0x0002ad1c   0x00000014   Code   RO          608    i.leds_timer_handler  bsp.o
    0x0002ad30   0x0002ad30   0x00000014   Code   RO         1866    i.link_init         nrf_ble_gatt.o
    0x0002ad44   0x0002ad44   0x000000d0   Code   RO         2965    i.link_secure       security_manager.o
    0x0002ae14   0x0002ae14   0x0000003c   Code   RO         2826    i.link_secure_failure  security_dispatcher.o
    0x0002ae50   0x0002ae50   0x0000002c   Code   RO         2966    i.link_secure_pending_handle  security_manager.o
    0x0002ae7c   0x0002ae7c   0x000000f8   Code   RO         4532    i.list_insertions_handler  app_timer.o
    0x0002af74   0x0002af74   0x000000a8   Code   RO         1342    i.local_db_apply_in_evt  gatt_cache_manager.o
    0x0002b01c   0x0002b01c   0x00000010   Code   RO         1343    i.local_db_update   gatt_cache_manager.o
    0x0002b02c   0x0002b02c   0x0000010c   Code   RO         1344    i.local_db_update_in_evt  gatt_cache_manager.o
    0x0002b138   0x0002b138   0x0000009c   Code   RO         6191    i.log_skip          nrf_log_frontend.o
    0x0002b1d4   0x0002b1d4   0x00000138   Code   RO           17    i.main              main.o
    0x0002b30c   0x0002b30c   0x00000064   Code   RO          845    i.manuf_specific_data_encode  ble_advdata.o
    0x0002b370   0x0002b370   0x0000007e   Code   RO         5735    i.memobj_op         nrf_memobj.o
    0x0002b3ee   0x0002b3ee   0x00000002   PAD
    0x0002b3f0   0x0002b3f0   0x00000030   Code   RO         6192    i.module_idx_get    nrf_log_frontend.o
    0x0002b420   0x0002b420   0x00000008   Code   RO         2773    i.mutex_lock_status_get  pm_buffer.o
    0x0002b428   0x0002b428   0x000000a6   Code   RO          846    i.name_encode       ble_advdata.o
    0x0002b4ce   0x0002b4ce   0x00000002   PAD
    0x0002b4d0   0x0002b4d0   0x00000014   Code   RO         2967    i.new_context_get   security_manager.o
    0x0002b4e4   0x0002b4e4   0x00000030   Code   RO         2290    i.next_id_get       peer_id.o
    0x0002b514   0x0002b514   0x00000010   Code   RO         5150    i.nrf_atfifo_clear  nrf_atfifo.o
    0x0002b524   0x0002b524   0x00000026   Code   RO         5152    i.nrf_atfifo_init   nrf_atfifo.o
    0x0002b54a   0x0002b54a   0x00000016   Code   RO         5153    i.nrf_atfifo_item_alloc  nrf_atfifo.o
    0x0002b560   0x0002b560   0x00000016   Code   RO         5154    i.nrf_atfifo_item_free  nrf_atfifo.o
    0x0002b576   0x0002b576   0x00000016   Code   RO         5155    i.nrf_atfifo_item_get  nrf_atfifo.o
    0x0002b58c   0x0002b58c   0x00000016   Code   RO         5156    i.nrf_atfifo_item_put  nrf_atfifo.o
    0x0002b5a2   0x0002b5a2   0x00000016   Code   RO         5218    i.nrf_atflags_clear  nrf_atflags.o
    0x0002b5b8   0x0002b5b8   0x00000020   Code   RO         5220    i.nrf_atflags_fetch_set  nrf_atflags.o
    0x0002b5d8   0x0002b5d8   0x0000004a   Code   RO         5222    i.nrf_atflags_find_and_set_flag  nrf_atflags.o
    0x0002b622   0x0002b622   0x00000016   Code   RO         5223    i.nrf_atflags_get   nrf_atflags.o
    0x0002b638   0x0002b638   0x00000014   Code   RO         5225    i.nrf_atflags_set   nrf_atflags.o
    0x0002b64c   0x0002b64c   0x00000006   Code   RO         5286    i.nrf_atomic_flag_clear_fetch  nrf_atomic.o
    0x0002b652   0x0002b652   0x00000006   Code   RO         5287    i.nrf_atomic_flag_set  nrf_atomic.o
    0x0002b658   0x0002b658   0x00000006   Code   RO         5288    i.nrf_atomic_flag_set_fetch  nrf_atomic.o
    0x0002b65e   0x0002b65e   0x0000000c   Code   RO         5289    i.nrf_atomic_u32_add  nrf_atomic.o
    0x0002b66a   0x0002b66a   0x0000000c   Code   RO         5290    i.nrf_atomic_u32_and  nrf_atomic.o
    0x0002b676   0x0002b676   0x0000000a   Code   RO         5292    i.nrf_atomic_u32_fetch_add  nrf_atomic.o
    0x0002b680   0x0002b680   0x0000000a   Code   RO         5293    i.nrf_atomic_u32_fetch_and  nrf_atomic.o
    0x0002b68a   0x0002b68a   0x0000000a   Code   RO         5294    i.nrf_atomic_u32_fetch_or  nrf_atomic.o
    0x0002b694   0x0002b694   0x0000000a   Code   RO         5295    i.nrf_atomic_u32_fetch_store  nrf_atomic.o
    0x0002b69e   0x0002b69e   0x0000000c   Code   RO         5299    i.nrf_atomic_u32_or  nrf_atomic.o
    0x0002b6aa   0x0002b6aa   0x0000000c   Code   RO         5301    i.nrf_atomic_u32_sub  nrf_atomic.o
    0x0002b6b6   0x0002b6b6   0x00000044   Code   RO         5420    i.nrf_balloc_alloc  nrf_balloc.o
    0x0002b6fa   0x0002b6fa   0x00000030   Code   RO         5421    i.nrf_balloc_free   nrf_balloc.o
    0x0002b72a   0x0002b72a   0x00000030   Code   RO         5422    i.nrf_balloc_init   nrf_balloc.o
    0x0002b75a   0x0002b75a   0x00000010   Code   RO         3634    i.nrf_bitmask_bit_is_set  nrfx_gpiote.o
    0x0002b76a   0x0002b76a   0x00000014   Code   RO         3635    i.nrf_bitmask_bit_set  nrfx_gpiote.o
    0x0002b77e   0x0002b77e   0x00000022   Code   RO         1768    i.nrf_ble_bms_auth_response  nrf_ble_bms.o
    0x0002b7a0   0x0002b7a0   0x000000f0   Code   RO         1769    i.nrf_ble_bms_init  nrf_ble_bms.o
    0x0002b890   0x0002b890   0x0000001a   Code   RO         1770    i.nrf_ble_bms_on_ble_evt  nrf_ble_bms.o
    0x0002b8aa   0x0002b8aa   0x0000003a   Code   RO         1771    i.nrf_ble_bms_on_qwr_evt  nrf_ble_bms.o
    0x0002b8e4   0x0002b8e4   0x0000000c   Code   RO         1772    i.nrf_ble_bms_set_conn_handle  nrf_ble_bms.o
    0x0002b8f0   0x0002b8f0   0x00000022   Code   RO         1872    i.nrf_ble_gatt_init  nrf_ble_gatt.o
    0x0002b912   0x0002b912   0x00000002   PAD
    0x0002b914   0x0002b914   0x00000150   Code   RO         1873    i.nrf_ble_gatt_on_ble_evt  nrf_ble_gatt.o
    0x0002ba64   0x0002ba64   0x00000038   Code   RO         1967    i.nrf_ble_qwr_attr_register  nrf_ble_qwr.o
    0x0002ba9c   0x0002ba9c   0x00000016   Code   RO         1968    i.nrf_ble_qwr_conn_handle_assign  nrf_ble_qwr.o
    0x0002bab2   0x0002bab2   0x0000003c   Code   RO         1969    i.nrf_ble_qwr_init  nrf_ble_qwr.o
    0x0002baee   0x0002baee   0x000000d4   Code   RO         1970    i.nrf_ble_qwr_on_ble_evt  nrf_ble_qwr.o
    0x0002bbc2   0x0002bbc2   0x0000007a   Code   RO         1971    i.nrf_ble_qwr_value_get  nrf_ble_qwr.o
    0x0002bc3c   0x0002bc3c   0x0000000e   Code   RO         3493    i.nrf_clock_event_check  nrfx_clock.o
    0x0002bc4a   0x0002bc4a   0x00000010   Code   RO         3494    i.nrf_clock_event_clear  nrfx_clock.o
    0x0002bc5a   0x0002bc5a   0x00000002   PAD
    0x0002bc5c   0x0002bc5c   0x00000038   Code   RO         3163    i.nrf_drv_clock_init  nrf_drv_clock.o
    0x0002bc94   0x0002bc94   0x00000030   Code   RO         3167    i.nrf_drv_clock_lfclk_release  nrf_drv_clock.o
    0x0002bcc4   0x0002bcc4   0x00000068   Code   RO         3301    i.nrf_drv_uart_init  nrf_drv_uart.o
    0x0002bd2c   0x0002bd2c   0x0000001a   Code   RO         5457    i.nrf_fprintf       nrf_fprintf.o
    0x0002bd46   0x0002bd46   0x00000018   Code   RO         5458    i.nrf_fprintf_buffer_flush  nrf_fprintf.o
    0x0002bd5e   0x0002bd5e   0x000001da   Code   RO         5498    i.nrf_fprintf_fmt   nrf_fprintf_format.o
    0x0002bf38   0x0002bf38   0x00000138   Code   RO         5538    i.nrf_fstorage_erase  nrf_fstorage.o
    0x0002c070   0x0002c070   0x00000094   Code   RO         5539    i.nrf_fstorage_init  nrf_fstorage.o
    0x0002c104   0x0002c104   0x00000018   Code   RO         5627    i.nrf_fstorage_sdh_req_handler  nrf_fstorage_sd.o
    0x0002c11c   0x0002c11c   0x00000020   Code   RO         5628    i.nrf_fstorage_sdh_state_handler  nrf_fstorage_sd.o
    0x0002c13c   0x0002c13c   0x000000a4   Code   RO         5629    i.nrf_fstorage_sys_evt_handler  nrf_fstorage_sd.o
    0x0002c1e0   0x0002c1e0   0x000001dc   Code   RO         5545    i.nrf_fstorage_write  nrf_fstorage.o
    0x0002c3bc   0x0002c3bc   0x00000024   Code   RO          471    i.nrf_gpio_cfg      boards.o
    0x0002c3e0   0x0002c3e0   0x00000024   Code   RO         3636    i.nrf_gpio_cfg      nrfx_gpiote.o
    0x0002c404   0x0002c404   0x00000024   Code   RO         3954    i.nrf_gpio_cfg      nrfx_uart.o
    0x0002c428   0x0002c428   0x00000024   Code   RO         4143    i.nrf_gpio_cfg      nrfx_uarte.o
    0x0002c44c   0x0002c44c   0x00000012   Code   RO         3955    i.nrf_gpio_cfg_default  nrfx_uart.o
    0x0002c45e   0x0002c45e   0x00000012   Code   RO         4144    i.nrf_gpio_cfg_default  nrfx_uarte.o
    0x0002c470   0x0002c470   0x00000012   Code   RO         3956    i.nrf_gpio_cfg_input  nrfx_uart.o
    0x0002c482   0x0002c482   0x00000012   Code   RO         4145    i.nrf_gpio_cfg_input  nrfx_uarte.o
    0x0002c494   0x0002c494   0x00000014   Code   RO         3957    i.nrf_gpio_cfg_output  nrfx_uart.o
    0x0002c4a8   0x0002c4a8   0x00000014   Code   RO         4146    i.nrf_gpio_cfg_output  nrfx_uarte.o
    0x0002c4bc   0x0002c4bc   0x00000022   Code   RO         3638    i.nrf_gpio_cfg_sense_set  nrfx_gpiote.o
    0x0002c4de   0x0002c4de   0x00000016   Code   RO          472    i.nrf_gpio_pin_write  boards.o
    0x0002c4f4   0x0002c4f4   0x00000028   Code   RO         3639    i.nrf_gpio_ports_read  nrfx_gpiote.o
    0x0002c51c   0x0002c51c   0x00000014   Code   RO         3640    i.nrf_gpiote_event_clear  nrfx_gpiote.o
    0x0002c530   0x0002c530   0x00000010   Code   RO         3641    i.nrf_gpiote_event_is_set  nrfx_gpiote.o
    0x0002c540   0x0002c540   0x0000005c   Code   RO         6193    i.nrf_log_backend_add  nrf_log_frontend.o
    0x0002c59c   0x0002c59c   0x000000c8   Code   RO         6032    i.nrf_log_backend_serial_put  nrf_log_backend_serial.o
    0x0002c664   0x0002c664   0x00000002   Code   RO         6072    i.nrf_log_backend_uart_flush  nrf_log_backend_uart.o
    0x0002c666   0x0002c666   0x00000006   Code   RO         6073    i.nrf_log_backend_uart_init  nrf_log_backend_uart.o
    0x0002c66c   0x0002c66c   0x0000002c   Code   RO         6074    i.nrf_log_backend_uart_panic_set  nrf_log_backend_uart.o
    0x0002c698   0x0002c698   0x00000018   Code   RO         6075    i.nrf_log_backend_uart_put  nrf_log_backend_uart.o
    0x0002c6b0   0x0002c6b0   0x00000030   Code   RO         6195    i.nrf_log_color_id_get  nrf_log_frontend.o
    0x0002c6e0   0x0002c6e0   0x0000001c   Code   RO         6151    i.nrf_log_default_backends_init  nrf_log_default_backends.o
    0x0002c6fc   0x0002c6fc   0x00000234   Code   RO         6196    i.nrf_log_frontend_dequeue  nrf_log_frontend.o
    0x0002c930   0x0002c930   0x00000008   Code   RO         6198    i.nrf_log_frontend_std_0  nrf_log_frontend.o
    0x0002c938   0x0002c938   0x0000000e   Code   RO         6199    i.nrf_log_frontend_std_1  nrf_log_frontend.o
    0x0002c946   0x0002c946   0x00000010   Code   RO         6200    i.nrf_log_frontend_std_2  nrf_log_frontend.o
    0x0002c956   0x0002c956   0x00000012   Code   RO         6201    i.nrf_log_frontend_std_3  nrf_log_frontend.o
    0x0002c968   0x0002c968   0x00000014   Code   RO         6202    i.nrf_log_frontend_std_4  nrf_log_frontend.o
    0x0002c97c   0x0002c97c   0x000000b0   Code   RO         6373    i.nrf_log_hexdump_entry_process  nrf_log_str_formatter.o
    0x0002ca2c   0x0002ca2c   0x0000003c   Code   RO         6205    i.nrf_log_init      nrf_log_frontend.o
    0x0002ca68   0x0002ca68   0x00000014   Code   RO         6206    i.nrf_log_module_cnt_get  nrf_log_frontend.o
    0x0002ca7c   0x0002ca7c   0x0000001c   Code   RO         6209    i.nrf_log_module_name_get  nrf_log_frontend.o
    0x0002ca98   0x0002ca98   0x0000002c   Code   RO         6210    i.nrf_log_panic     nrf_log_frontend.o
    0x0002cac4   0x0002cac4   0x000000b6   Code   RO         6374    i.nrf_log_std_entry_process  nrf_log_str_formatter.o
    0x0002cb7a   0x0002cb7a   0x00000060   Code   RO         5736    i.nrf_memobj_alloc  nrf_memobj.o
    0x0002cbda   0x0002cbda   0x00000032   Code   RO         5737    i.nrf_memobj_free   nrf_memobj.o
    0x0002cc0c   0x0002cc0c   0x00000008   Code   RO         5738    i.nrf_memobj_get    nrf_memobj.o
    0x0002cc14   0x0002cc14   0x00000004   Code   RO         5739    i.nrf_memobj_pool_init  nrf_memobj.o
    0x0002cc18   0x0002cc18   0x0000001e   Code   RO         5740    i.nrf_memobj_put    nrf_memobj.o
    0x0002cc36   0x0002cc36   0x00000010   Code   RO         5741    i.nrf_memobj_read   nrf_memobj.o
    0x0002cc46   0x0002cc46   0x00000010   Code   RO         5742    i.nrf_memobj_write  nrf_memobj.o
    0x0002cc56   0x0002cc56   0x00000002   PAD
    0x0002cc58   0x0002cc58   0x00000028   Code   RO         5814    i.nrf_pwr_mgmt_init  nrf_pwr_mgmt.o
    0x0002cc80   0x0002cc80   0x00000044   Code   RO         5815    i.nrf_pwr_mgmt_run  nrf_pwr_mgmt.o
    0x0002ccc4   0x0002ccc4   0x00000004   Code   RO           18    i.nrf_qwr_error_handler  main.o
    0x0002ccc8   0x0002ccc8   0x0000001c   Code   RO         5888    i.nrf_ringbuf_init  nrf_ringbuf.o
    0x0002cce4   0x0002cce4   0x00000014   Code   RO         6908    i.nrf_sdh_ble_app_ram_start_get  nrf_sdh_ble.o
    0x0002ccf8   0x0002ccf8   0x00000100   Code   RO         6909    i.nrf_sdh_ble_default_cfg_set  nrf_sdh_ble.o
    0x0002cdf8   0x0002cdf8   0x000001a0   Code   RO         6910    i.nrf_sdh_ble_enable  nrf_sdh_ble.o
    0x0002cf98   0x0002cf98   0x0000005c   Code   RO         6911    i.nrf_sdh_ble_evts_poll  nrf_sdh_ble.o
    0x0002cff4   0x0002cff4   0x00000054   Code   RO         6789    i.nrf_sdh_disable_request  nrf_sdh.o
    0x0002d048   0x0002d048   0x00000074   Code   RO         6790    i.nrf_sdh_enable_request  nrf_sdh.o
    0x0002d0bc   0x0002d0bc   0x00000024   Code   RO         6791    i.nrf_sdh_evts_poll  nrf_sdh.o
    0x0002d0e0   0x0002d0e0   0x0000000c   Code   RO         6792    i.nrf_sdh_is_enabled  nrf_sdh.o
    0x0002d0ec   0x0002d0ec   0x0000001c   Code   RO         6794    i.nrf_sdh_request_continue  nrf_sdh.o
    0x0002d108   0x0002d108   0x0000003c   Code   RO         6967    i.nrf_sdh_soc_evts_poll  nrf_sdh_soc.o
    0x0002d144   0x0002d144   0x0000000a   Code   RO         5946    i.nrf_section_iter_init  nrf_section_iter.o
    0x0002d14e   0x0002d14e   0x00000024   Code   RO         5947    i.nrf_section_iter_item_set  nrf_section_iter.o
    0x0002d172   0x0002d172   0x00000020   Code   RO         5948    i.nrf_section_iter_next  nrf_section_iter.o
    0x0002d192   0x0002d192   0x00000002   PAD
    0x0002d194   0x0002d194   0x00000038   Code   RO         5981    i.nrf_strerror_find  nrf_strerror.o
    0x0002d1cc   0x0002d1cc   0x00000014   Code   RO         5982    i.nrf_strerror_get  nrf_strerror.o
    0x0002d1e0   0x0002d1e0   0x0000000a   Code   RO         3958    i.nrf_uart_event_check  nrfx_uart.o
    0x0002d1ea   0x0002d1ea   0x0000000c   Code   RO         3959    i.nrf_uart_event_clear  nrfx_uart.o
    0x0002d1f6   0x0002d1f6   0x0000000c   Code   RO         3960    i.nrf_uart_int_enable_check  nrfx_uart.o
    0x0002d202   0x0002d202   0x0000000a   Code   RO         4147    i.nrf_uarte_event_check  nrfx_uarte.o
    0x0002d20c   0x0002d20c   0x0000000c   Code   RO         4148    i.nrf_uarte_event_clear  nrfx_uarte.o
    0x0002d218   0x0002d218   0x0000002c   Code   RO         3499    i.nrfx_clock_enable  nrfx_clock.o
    0x0002d244   0x0002d244   0x00000020   Code   RO         3502    i.nrfx_clock_init   nrfx_clock.o
    0x0002d264   0x0002d264   0x0000001c   Code   RO         3505    i.nrfx_clock_lfclk_stop  nrfx_clock.o
    0x0002d280   0x0002d280   0x00000010   Code   RO         4533    i.nrfx_coredep_delay_us  app_timer.o
    0x0002d290   0x0002d290   0x000000a4   Code   RO         3646    i.nrfx_gpiote_in_event_enable  nrfx_gpiote.o
    0x0002d334   0x0002d334   0x000000d0   Code   RO         3647    i.nrfx_gpiote_in_init  nrfx_gpiote.o
    0x0002d404   0x0002d404   0x00000014   Code   RO         3648    i.nrfx_gpiote_in_is_set  nrfx_gpiote.o
    0x0002d418   0x0002d418   0x0000006c   Code   RO         3650    i.nrfx_gpiote_init  nrfx_gpiote.o
    0x0002d484   0x0002d484   0x00000014   Code   RO         3651    i.nrfx_gpiote_is_init  nrfx_gpiote.o
    0x0002d498   0x0002d498   0x00000010   Code   RO         4149    i.nrfx_is_in_ram    nrfx_uarte.o
    0x0002d4a8   0x0002d4a8   0x0000003a   Code   RO         3900    i.nrfx_prs_acquire  nrfx_prs.o
    0x0002d4e2   0x0002d4e2   0x00000012   Code   RO         3901    i.nrfx_prs_release  nrfx_prs.o
    0x0002d4f4   0x0002d4f4   0x00000010   Code   RO         3961    i.nrfx_uart_0_irq_handler  nrfx_uart.o
    0x0002d504   0x0002d504   0x000000d0   Code   RO         3963    i.nrfx_uart_init    nrfx_uart.o
    0x0002d5d4   0x0002d5d4   0x000000a4   Code   RO         3969    i.nrfx_uart_tx      nrfx_uart.o
    0x0002d678   0x0002d678   0x00000020   Code   RO         3971    i.nrfx_uart_tx_in_progress  nrfx_uart.o
    0x0002d698   0x0002d698   0x000000b4   Code   RO         3972    i.nrfx_uart_uninit  nrfx_uart.o
    0x0002d74c   0x0002d74c   0x00000010   Code   RO         4150    i.nrfx_uarte_0_irq_handler  nrfx_uarte.o
    0x0002d75c   0x0002d75c   0x0000006c   Code   RO         4152    i.nrfx_uarte_init   nrfx_uarte.o
    0x0002d7c8   0x0002d7c8   0x00000090   Code   RO         4156    i.nrfx_uarte_tx     nrfx_uarte.o
    0x0002d858   0x0002d858   0x0000001c   Code   RO         4158    i.nrfx_uarte_tx_in_progress  nrfx_uarte.o
    0x0002d874   0x0002d874   0x000000b0   Code   RO         4159    i.nrfx_uarte_uninit  nrfx_uarte.o
    0x0002d924   0x0002d924   0x00000054   Code   RO           19    i.on_adv_evt        main.o
    0x0002d978   0x0002d978   0x0000001c   Code   RO           20    i.on_conn_params_evt  main.o
    0x0002d994   0x0002d994   0x000000a8   Code   RO         1874    i.on_connected_evt  nrf_ble_gatt.o
    0x0002da3c   0x0002da3c   0x000000ac   Code   RO         1875    i.on_exchange_mtu_request_evt  nrf_ble_gatt.o
    0x0002dae8   0x0002dae8   0x000000a4   Code   RO         1972    i.on_execute_write  nrf_ble_qwr.o
    0x0002db8c   0x0002db8c   0x0000007e   Code   RO         1973    i.on_prepare_write  nrf_ble_qwr.o
    0x0002dc0a   0x0002dc0a   0x00000002   PAD
    0x0002dc0c   0x0002dc0c   0x00000078   Code   RO         1773    i.on_qwr_auth_req   nrf_ble_bms.o
    0x0002dc84   0x0002dc84   0x00000090   Code   RO         1774    i.on_qwr_exec_write  nrf_ble_bms.o
    0x0002dd14   0x0002dd14   0x000000a8   Code   RO         1775    i.on_rw_auth_req    nrf_ble_bms.o
    0x0002ddbc   0x0002ddbc   0x00000024   Code   RO         4816    i.page_identify     fds.o
    0x0002dde0   0x0002dde0   0x0000001c   Code   RO         4817    i.page_offsets_update  fds.o
    0x0002ddfc   0x0002ddfc   0x0000006c   Code   RO         4818    i.page_scan         fds.o
    0x0002de68   0x0002de68   0x0000001c   Code   RO         4819    i.page_tag_write_data  fds.o
    0x0002de84   0x0002de84   0x00000024   Code   RO         4820    i.page_tag_write_swap  fds.o
    0x0002dea8   0x0002dea8   0x0000011c   Code   RO         4821    i.pages_init        fds.o
    0x0002dfc4   0x0002dfc4   0x0000000c   Code   RO         2827    i.pairing           security_dispatcher.o
    0x0002dfd0   0x0002dfd0   0x00000074   Code   RO         2828    i.pairing_failure   security_dispatcher.o
    0x0002e044   0x0002e044   0x0000002e   Code   RO         2829    i.pairing_success_evt_send  security_dispatcher.o
    0x0002e072   0x0002e072   0x00000006   Code   RO         2968    i.params_reply_pending_handle  security_manager.o
    0x0002e078   0x0002e078   0x00000028   Code   RO         2969    i.params_req_send   security_manager.o
    0x0002e0a0   0x0002e0a0   0x0000001c   Code   RO         2170    i.pdb_evt_send      peer_database.o
    0x0002e0bc   0x0002e0bc   0x00000090   Code   RO         2171    i.pdb_init          peer_database.o
    0x0002e14c   0x0002e14c   0x0000007c   Code   RO         2172    i.pdb_pds_evt_handler  peer_database.o
    0x0002e1c8   0x0002e1c8   0x00000006   Code   RO         2173    i.pdb_peer_data_ptr_get  peer_database.o
    0x0002e1ce   0x0002e1ce   0x00000002   PAD
    0x0002e1d0   0x0002e1d0   0x0000008c   Code   RO         2174    i.pdb_peer_free     peer_database.o
    0x0002e25c   0x0002e25c   0x000000dc   Code   RO         2175    i.pdb_write_buf_get  peer_database.o
    0x0002e338   0x0002e338   0x00000014   Code   RO         2176    i.pdb_write_buf_release  peer_database.o
    0x0002e34c   0x0002e34c   0x00000036   Code   RO         2177    i.pdb_write_buf_store  peer_database.o
    0x0002e382   0x0002e382   0x00000002   PAD
    0x0002e384   0x0002e384   0x00000010   Code   RO         2032    i.pds_evt_send      peer_data_storage.o
    0x0002e394   0x0002e394   0x000000dc   Code   RO         2033    i.pds_init          peer_data_storage.o
    0x0002e470   0x0002e470   0x00000004   Code   RO         2034    i.pds_next_deleted_peer_id_get  peer_data_storage.o
    0x0002e474   0x0002e474   0x00000004   Code   RO         2035    i.pds_next_peer_id_get  peer_data_storage.o
    0x0002e478   0x0002e478   0x00000058   Code   RO         2038    i.pds_peer_data_iterate  peer_data_storage.o
    0x0002e4d0   0x0002e4d0   0x00000010   Code   RO         2039    i.pds_peer_data_iterate_prepare  peer_data_storage.o
    0x0002e4e0   0x0002e4e0   0x00000072   Code   RO         2040    i.pds_peer_data_read  peer_data_storage.o
    0x0002e552   0x0002e552   0x00000002   PAD
    0x0002e554   0x0002e554   0x000000a0   Code   RO         2041    i.pds_peer_data_store  peer_data_storage.o
    0x0002e5f4   0x0002e5f4   0x00000008   Code   RO         2042    i.pds_peer_id_allocate  peer_data_storage.o
    0x0002e5fc   0x0002e5fc   0x00000016   Code   RO         2043    i.pds_peer_id_free  peer_data_storage.o
    0x0002e612   0x0002e612   0x00000004   Code   RO         2044    i.pds_peer_id_is_allocated  peer_data_storage.o
    0x0002e616   0x0002e616   0x00000004   Code   RO         2045    i.pds_peer_id_is_deleted  peer_data_storage.o
    0x0002e61a   0x0002e61a   0x00000002   PAD
    0x0002e61c   0x0002e61c   0x0000009c   Code   RO         2046    i.peer_data_delete_process  peer_data_storage.o
    0x0002e6b8   0x0002e6b8   0x00000030   Code   RO         2047    i.peer_data_find    peer_data_storage.o
    0x0002e6e8   0x0002e6e8   0x00000024   Code   RO         2048    i.peer_data_id_is_valid  peer_data_storage.o
    0x0002e70c   0x0002e70c   0x0000001a   Code   RO         2178    i.peer_data_point_to_buffer  peer_database.o
    0x0002e726   0x0002e726   0x00000002   PAD
    0x0002e728   0x0002e728   0x0000000c   Code   RO         2291    i.peer_id_allocate  peer_id.o
    0x0002e734   0x0002e734   0x00000024   Code   RO         2292    i.peer_id_delete    peer_id.o
    0x0002e758   0x0002e758   0x0000001c   Code   RO         2293    i.peer_id_free      peer_id.o
    0x0002e774   0x0002e774   0x0000000c   Code   RO         2294    i.peer_id_get_next_deleted  peer_id.o
    0x0002e780   0x0002e780   0x00000030   Code   RO         2295    i.peer_id_get_next_used  peer_id.o
    0x0002e7b0   0x0002e7b0   0x0000000c   Code   RO         2296    i.peer_id_init      peer_id.o
    0x0002e7bc   0x0002e7bc   0x00000014   Code   RO         2297    i.peer_id_is_allocated  peer_id.o
    0x0002e7d0   0x0002e7d0   0x00000014   Code   RO         2298    i.peer_id_is_deleted  peer_id.o
    0x0002e7e4   0x0002e7e4   0x0000006c   Code   RO           21    i.peer_manager_init  main.o
    0x0002e850   0x0002e850   0x00000012   Code   RO          954    i.phy_is_valid      ble_advertising.o
    0x0002e862   0x0002e862   0x00000002   PAD
    0x0002e864   0x0002e864   0x00000018   Code   RO         3667    i.pin_in_use_by_port  nrfx_gpiote.o
    0x0002e87c   0x0002e87c   0x00000018   Code   RO         3668    i.pin_in_use_by_te  nrfx_gpiote.o
    0x0002e894   0x0002e894   0x00000064   Code   RO         2774    i.pm_buffer_block_acquire  pm_buffer.o
    0x0002e8f8   0x0002e8f8   0x00000024   Code   RO         2775    i.pm_buffer_init    pm_buffer.o
    0x0002e91c   0x0002e91c   0x00000028   Code   RO         2776    i.pm_buffer_ptr_get  pm_buffer.o
    0x0002e944   0x0002e944   0x00000032   Code   RO         2777    i.pm_buffer_release  pm_buffer.o
    0x0002e976   0x0002e976   0x00000002   PAD
    0x0002e978   0x0002e978   0x00000024   Code   RO         2382    i.pm_conn_handle_get  peer_manager.o
    0x0002e99c   0x0002e99c   0x00000078   Code   RO         2385    i.pm_conn_sec_status_get  peer_manager.o
    0x0002ea14   0x0002ea14   0x0000001c   Code   RO         2386    i.pm_conn_secure    peer_manager.o
    0x0002ea30   0x0002ea30   0x00000020   Code   RO           22    i.pm_evt_handler    main.o
    0x0002ea50   0x0002ea50   0x00000004   Code   RO         2388    i.pm_gcm_evt_handler  peer_manager.o
    0x0002ea54   0x0002ea54   0x00000004   Code   RO         2389    i.pm_gscm_evt_handler  peer_manager.o
    0x0002ea58   0x0002ea58   0x00000210   Code   RO         2683    i.pm_handler_flash_clean  peer_manager_handler.o
    0x0002ec68   0x0002ec68   0x0000001c   Code   RO         2684    i.pm_handler_flash_clean_on_return  peer_manager_handler.o
    0x0002ec84   0x0002ec84   0x00000054   Code   RO         2685    i.pm_handler_on_pm_evt  peer_manager_handler.o
    0x0002ecd8   0x0002ecd8   0x000002dc   Code   RO         2686    i.pm_handler_pm_evt_log  peer_manager_handler.o
    0x0002efb4   0x0002efb4   0x00000034   Code   RO         2687    i.pm_handler_secure_on_connection  peer_manager_handler.o
    0x0002efe8   0x0002efe8   0x00000004   Code   RO         2392    i.pm_im_evt_handler  peer_manager.o
    0x0002efec   0x0002efec   0x000001bc   Code   RO         2393    i.pm_init           peer_manager.o
    0x0002f1a8   0x0002f1a8   0x00000028   Code   RO         2396    i.pm_next_peer_id_get  peer_manager.o
    0x0002f1d0   0x0002f1d0   0x00000120   Code   RO         2397    i.pm_pdb_evt_handler  peer_manager.o
    0x0002f2f0   0x0002f2f0   0x00000014   Code   RO         2408    i.pm_peer_delete    peer_manager.o
    0x0002f304   0x0002f304   0x00000024   Code   RO         2409    i.pm_peer_id_get    peer_manager.o
    0x0002f328   0x0002f328   0x0000011c   Code   RO         2412    i.pm_peer_rank_highest  peer_manager.o
    0x0002f444   0x0002f444   0x000000ec   Code   RO         2413    i.pm_peer_ranks_get  peer_manager.o
    0x0002f530   0x0002f530   0x00000094   Code   RO         2414    i.pm_peers_delete   peer_manager.o
    0x0002f5c4   0x0002f5c4   0x0000002c   Code   RO         2417    i.pm_register       peer_manager.o
    0x0002f5f0   0x0002f5f0   0x00000014   Code   RO         2418    i.pm_sec_params_set  peer_manager.o
    0x0002f604   0x0002f604   0x0000000a   Code   RO         2419    i.pm_sm_evt_handler  peer_manager.o
    0x0002f60e   0x0002f60e   0x00000034   Code   RO         3116    i.pnp_id_encode     ble_dis.o
    0x0002f642   0x0002f642   0x00000002   PAD
    0x0002f644   0x0002f644   0x0000003c   Code   RO         6376    i.postfix_process   nrf_log_str_formatter.o
    0x0002f680   0x0002f680   0x00000098   Code   RO         6377    i.prefix_process    nrf_log_str_formatter.o
    0x0002f718   0x0002f718   0x00000018   Code   RO         3902    i.prs_box_get       nrfx_prs.o
    0x0002f730   0x0002f730   0x0000001c   Code   RO         4822    i.queue_buf_get     fds.o
    0x0002f74c   0x0002f74c   0x00000010   Code   RO         4823    i.queue_buf_store   fds.o
    0x0002f75c   0x0002f75c   0x00000014   Code   RO         5630    i.queue_free        nrf_fstorage_sd.o
    0x0002f770   0x0002f770   0x000000a0   Code   RO         4824    i.queue_process     fds.o
    0x0002f810   0x0002f810   0x000000a0   Code   RO         5631    i.queue_process     nrf_fstorage_sd.o
    0x0002f8b0   0x0002f8b0   0x0000001c   Code   RO         4825    i.queue_start       fds.o
    0x0002f8cc   0x0002f8cc   0x00000024   Code   RO         5632    i.queue_start       nrf_fstorage_sd.o
    0x0002f8f0   0x0002f8f0   0x00000010   Code   RO           23    i.qwr_evt_handler   main.o
    0x0002f900   0x0002f900   0x00000010   Code   RO         6912    i.ram_end_address_get  nrf_sdh_ble.o
    0x0002f910   0x0002f910   0x0000001c   Code   RO         2689    i.rank_highest      peer_manager_handler.o
    0x0002f92c   0x0002f92c   0x00000028   Code   RO         2422    i.rank_vars_update  peer_manager.o
    0x0002f954   0x0002f954   0x0000000e   Code   RO         5633    i.read              nrf_fstorage_sd.o
    0x0002f962   0x0002f962   0x00000002   PAD
    0x0002f964   0x0002f964   0x000000b0   Code   RO         2179    i.reattempt_previous_operations  peer_database.o
    0x0002fa14   0x0002fa14   0x00000088   Code   RO         4826    i.record_find       fds.o
    0x0002fa9c   0x0002fa9c   0x000000a0   Code   RO         4827    i.record_find_by_desc  fds.o
    0x0002fb3c   0x0002fb3c   0x0000005c   Code   RO         4828    i.record_find_next  fds.o
    0x0002fb98   0x0002fb98   0x00000038   Code   RO         4829    i.record_header_flag_dirty  fds.o
    0x0002fbd0   0x0002fbd0   0x00000010   Code   RO         2300    i.release           peer_id.o
    0x0002fbe0   0x0002fbe0   0x00000004   Code   RO         5634    i.rmap              nrf_fstorage_sd.o
    0x0002fbe4   0x0002fbe4   0x0000003c   Code   RO         4534    i.rtc1_stop         app_timer.o
    0x0002fc20   0x0002fc20   0x00000032   Code   RO         3973    i.rx_byte           nrfx_uart.o
    0x0002fc52   0x0002fc52   0x00000016   Code   RO         3974    i.rx_done_event     nrfx_uart.o
    0x0002fc68   0x0002fc68   0x00000016   Code   RO         4160    i.rx_done_event     nrfx_uarte.o
    0x0002fc7e   0x0002fc7e   0x00000002   PAD
    0x0002fc80   0x0002fc80   0x00000024   Code   RO         1345    i.sc_send_pending_handle  gatt_cache_manager.o
    0x0002fca4   0x0002fca4   0x00000050   Code   RO         3170    i.sd_state_evt_handler  nrf_drv_clock.o
    0x0002fcf4   0x0002fcf4   0x00000030   Code   RO         6797    i.sdh_request_observer_notify  nrf_sdh.o
    0x0002fd24   0x0002fd24   0x0000002c   Code   RO         6798    i.sdh_state_observer_notify  nrf_sdh.o
    0x0002fd50   0x0002fd50   0x000000d8   Code   RO         2830    i.sec_info_request_process  security_dispatcher.o
    0x0002fe28   0x0002fe28   0x000000f4   Code   RO         2831    i.sec_keyset_fill   security_dispatcher.o
    0x0002ff1c   0x0002ff1c   0x00000076   Code   RO         2970    i.sec_params_verify  security_manager.o
    0x0002ff92   0x0002ff92   0x00000002   PAD
    0x0002ff94   0x0002ff94   0x00000060   Code   RO         2832    i.sec_proc_start    security_dispatcher.o
    0x0002fff4   0x0002fff4   0x00000022   Code   RO         2833    i.send_config_req   security_dispatcher.o
    0x00030016   0x00030016   0x00000002   PAD
    0x00030018   0x00030018   0x00000010   Code   RO         1043    i.send_error_evt    ble_conn_params.o
    0x00030028   0x00030028   0x00000028   Code   RO         1346    i.send_unexpected_error  gatt_cache_manager.o
    0x00030050   0x00030050   0x00000028   Code   RO         2834    i.send_unexpected_error  security_dispatcher.o
    0x00030078   0x00030078   0x00000040   Code   RO         6076    i.serial_tx         nrf_log_backend_uart.o
    0x000300b8   0x000300b8   0x00000070   Code   RO         1347    i.service_changed_cccd  gatt_cache_manager.o
    0x00030128   0x00030128   0x00000014   Code   RO         1348    i.service_changed_pending_flags_check  gatt_cache_manager.o
    0x0003013c   0x0003013c   0x00000094   Code   RO         1511    i.service_changed_pending_set  gatts_cache_manager.o
    0x000301d0   0x000301d0   0x00000104   Code   RO         1349    i.service_changed_send_in_evt  gatt_cache_manager.o
    0x000302d4   0x000302d4   0x00000088   Code   RO          847    i.service_data_encode  ble_advdata.o
    0x0003035c   0x0003035c   0x00000004   Code   RO           24    i.service_error_handler  main.o
    0x00030360   0x00030360   0x000000dc   Code   RO           25    i.services_init     main.o
    0x0003043c   0x0003043c   0x00000030   Code   RO         1275    i.set_security_req  ble_srv_common.o
    0x0003046c   0x0003046c   0x00000028   Code   RO           26    i.sleep_mode_enter  main.o
    0x00030494   0x00030494   0x0000002c   Code   RO         2971    i.sm_ble_evt_handler  security_manager.o
    0x000304c0   0x000304c0   0x00000058   Code   RO         2973    i.sm_init           security_manager.o
    0x00030518   0x00030518   0x0000000a   Code   RO         2975    i.sm_link_secure    security_manager.o
    0x00030522   0x00030522   0x00000002   PAD
    0x00030524   0x00030524   0x00000044   Code   RO         2976    i.sm_pdb_evt_handler  security_manager.o
    0x00030568   0x00030568   0x00000034   Code   RO         2978    i.sm_sec_params_set  security_manager.o
    0x0003059c   0x0003059c   0x00000060   Code   RO         2979    i.sm_smd_evt_handler  security_manager.o
    0x000305fc   0x000305fc   0x000000f4   Code   RO         2835    i.smd_ble_evt_handler  security_dispatcher.o
    0x000306f0   0x000306f0   0x00000068   Code   RO         2837    i.smd_init          security_dispatcher.o
    0x00030758   0x00030758   0x00000028   Code   RO         2838    i.smd_link_secure   security_dispatcher.o
    0x00030780   0x00030780   0x000000b0   Code   RO         2839    i.smd_params_reply  security_dispatcher.o
    0x00030830   0x00030830   0x00000040   Code   RO         2980    i.smd_params_reply_perform  security_manager.o
    0x00030870   0x00030870   0x00000018   Code   RO         3171    i.soc_evt_handler   nrf_drv_clock.o
    0x00030888   0x00030888   0x00000038   Code   RO         6799    i.softdevice_evt_irq_disable  nrf_sdh.o
    0x000308c0   0x000308c0   0x00000058   Code   RO         6800    i.softdevices_evt_irq_enable  nrf_sdh.o
    0x00030918   0x00030918   0x0000008c   Code   RO         6212    i.std_n             nrf_log_frontend.o
    0x000309a4   0x000309a4   0x0000006c   Code   RO         1350    i.store_car_value   gatt_cache_manager.o
    0x00030a10   0x00030a10   0x00000042   Code   RO         3117    i.sys_id_encode     ble_dis.o
    0x00030a52   0x00030a52   0x00000002   PAD
    0x00030a54   0x00030a54   0x00000080   Code   RO         4535    i.timer_list_handler  app_timer.o
    0x00030ad4   0x00030ad4   0x0000003c   Code   RO         4536    i.timer_list_insert  app_timer.o
    0x00030b10   0x00030b10   0x00000060   Code   RO         4537    i.timer_list_remove  app_timer.o
    0x00030b70   0x00030b70   0x00000048   Code   RO         4538    i.timer_stop_op_schedule  app_timer.o
    0x00030bb8   0x00030bb8   0x00000074   Code   RO         4539    i.timer_timeouts_check  app_timer.o
    0x00030c2c   0x00030c2c   0x00000020   Code   RO         3976    i.tx_byte           nrfx_uart.o
    0x00030c4c   0x00030c4c   0x0000001a   Code   RO         3977    i.tx_done_event     nrfx_uart.o
    0x00030c66   0x00030c66   0x00000002   PAD
    0x00030c68   0x00030c68   0x00000030   Code   RO         3302    i.uart_evt_handler  nrf_drv_uart.o
    0x00030c98   0x00030c98   0x0000000c   Code   RO         6077    i.uart_evt_handler  nrf_log_backend_uart.o
    0x00030ca4   0x00030ca4   0x00000050   Code   RO         6078    i.uart_init         nrf_log_backend_uart.o
    0x00030cf4   0x00030cf4   0x00000128   Code   RO         3978    i.uart_irq_handler  nrfx_uart.o
    0x00030e1c   0x00030e1c   0x00000030   Code   RO         3303    i.uarte_evt_handler  nrf_drv_uart.o
    0x00030e4c   0x00030e4c   0x000000f2   Code   RO         4161    i.uarte_irq_handler  nrfx_uarte.o
    0x00030f3e   0x00030f3e   0x0000000a   Code   RO          848    i.uint16_encode     ble_advdata.o
    0x00030f48   0x00030f48   0x00000020   Code   RO         5635    i.uninit            nrf_fstorage_sd.o
    0x00030f68   0x00030f68   0x000000b4   Code   RO         5499    i.unsigned_print    nrf_fprintf_format.o
    0x0003101c   0x0003101c   0x00000030   Code   RO         1351    i.update_pending_flags_check  gatt_cache_manager.o
    0x0003104c   0x0003104c   0x00000068   Code   RO         1044    i.update_timeout_handler  ble_conn_params.o
    0x000310b4   0x000310b4   0x00000018   Code   RO          955    i.use_whitelist     ble_advertising.o
    0x000310cc   0x000310cc   0x0000000c   Code   RO         1129    i.user_flag_is_acquired  ble_conn_state.o
    0x000310d8   0x000310d8   0x00000026   Code   RO         1974    i.user_mem_reply    nrf_ble_qwr.o
    0x000310fe   0x000310fe   0x00000002   PAD
    0x00031100   0x00031100   0x00000030   Code   RO         4540    i.user_op_alloc     app_timer.o
    0x00031130   0x00031130   0x00000030   Code   RO          849    i.uuid_list_encode  ble_advdata.o
    0x00031160   0x00031160   0x0000009e   Code   RO          850    i.uuid_list_sized_encode  ble_advdata.o
    0x000311fe   0x000311fe   0x0000003a   Code   RO          609    i.wakeup_button_cfg  bsp.o
    0x00031238   0x00031238   0x00000004   Code   RO         5636    i.wmap              nrf_fstorage_sd.o
    0x0003123c   0x0003123c   0x00000050   Code   RO         5637    i.write             nrf_fstorage_sd.o
    0x0003128c   0x0003128c   0x0000014c   Code   RO         2180    i.write_buf_store   peer_database.o
    0x000313d8   0x000313d8   0x00000034   Code   RO         2181    i.write_buffer_record_find  peer_database.o
    0x0003140c   0x0003140c   0x00000030   Code   RO         2182    i.write_buffer_record_find_next  peer_database.o
    0x0003143c   0x0003143c   0x0000001c   Code   RO         2183    i.write_buffer_record_invalidate  peer_database.o
    0x00031458   0x00031458   0x0000002c   Code   RO         2184    i.write_buffer_record_release  peer_database.o
    0x00031484   0x00031484   0x000000e8   Code   RO         4831    i.write_enqueue     fds.o
    0x0003156c   0x0003156c   0x000000f4   Code   RO         4832    i.write_execute     fds.o
    0x00031660   0x00031660   0x00000018   Code   RO         4833    i.write_space_free  fds.o
    0x00031678   0x00031678   0x0000005c   Code   RO         4834    i.write_space_reserve  fds.o
    0x000316d4   0x000316d4   0x00000008   Data   RO          473    .constdata          boards.o
    0x000316dc   0x000316dc   0x0000002c   Data   RO          614    .constdata          bsp.o
    0x00031708   0x00031708   0x0000007c   Data   RO         1352    .constdata          gatt_cache_manager.o
    0x00031784   0x00031784   0x00000004   Data   RO         1512    .constdata          gatts_cache_manager.o
    0x00031788   0x00031788   0x00000010   Data   RO         1513    .constdata          gatts_cache_manager.o
    0x00031798   0x00031798   0x00000004   Data   RO         1514    .constdata          gatts_cache_manager.o
    0x0003179c   0x0003179c   0x00000008   Data   RO         1621    .constdata          id_manager.o
    0x000317a4   0x000317a4   0x00000016   Data   RO         1876    .constdata          nrf_ble_gatt.o
    0x000317ba   0x000317ba   0x00000002   PAD
    0x000317bc   0x000317bc   0x0000001c   Data   RO         2049    .constdata          peer_data_storage.o
    0x000317d8   0x000317d8   0x00000010   Data   RO         2186    .constdata          peer_database.o
    0x000317e8   0x000317e8   0x0000002c   Data   RO         2424    .constdata          peer_manager.o
    0x00031814   0x00031814   0x0000001c   Data   RO         2691    .constdata          peer_manager_handler.o
    0x00031830   0x00031830   0x0000008c   Data   RO         2841    .constdata          security_dispatcher.o
    0x000318bc   0x000318bc   0x00000004   Data   RO         2981    .constdata          security_manager.o
    0x000318c0   0x000318c0   0x00000004   Data   RO         3670    .constdata          nrfx_gpiote.o
    0x000318c4   0x000318c4   0x00000004   Data   RO         3981    .constdata          nrfx_uart.o
    0x000318c8   0x000318c8   0x00000004   Data   RO         4164    .constdata          nrfx_uarte.o
    0x000318cc   0x000318cc   0x00000008   Data   RO         4303    .constdata          app_button.o
    0x000318d4   0x000318d4   0x0000000c   PAD
    0x000318e0   0x000318e0   0x00000006   Data   RO         4542    .constdata          app_timer.o
    0x000318e6   0x000318e6   0x00000002   PAD
    0x000318e8   0x000318e8   0x00000018   Data   RO         4837    .constdata          fds.o
    0x00031900   0x00031900   0x00000010   Data   RO         5500    .constdata          nrf_fprintf_format.o
    0x00031910   0x00031910   0x0000005e   Data   RO         5546    .constdata          nrf_fstorage.o
    0x0003196e   0x0003196e   0x00000002   PAD
    0x00031970   0x00031970   0x00000010   Data   RO         5640    .constdata          nrf_fstorage_sd.o
    0x00031980   0x00031980   0x00000020   Data   RO         5641    .constdata          nrf_fstorage_sd.o
    0x000319a0   0x000319a0   0x00000018   Data   RO         5819    .constdata          nrf_pwr_mgmt.o
    0x000319b8   0x000319b8   0x0000000c   Data   RO         5820    .constdata          nrf_pwr_mgmt.o
    0x000319c4   0x000319c4   0x0000013c   Data   RO         5983    .constdata          nrf_strerror.o
    0x00031b00   0x00031b00   0x0000000c   Data   RO         6080    .constdata          nrf_log_backend_uart.o
    0x00031b0c   0x00031b0c   0x00000020   Data   RO         6081    .constdata          nrf_log_backend_uart.o
    0x00031b2c   0x00031b2c   0x0000000c   Data   RO         6217    .constdata          nrf_log_frontend.o
    0x00031b38   0x00031b38   0x00000010   Data   RO         6742    .constdata          segger_rtt_printf.o
    0x00031b48   0x00031b48   0x00000010   Data   RO         6801    .constdata          nrf_sdh.o
    0x00031b58   0x00031b58   0x00000028   Data   RO         6802    .constdata          nrf_sdh.o
    0x00031b80   0x00031b80   0x00000010   Data   RO         6803    .constdata          nrf_sdh.o
    0x00031b90   0x00031b90   0x00000010   Data   RO         6804    .constdata          nrf_sdh.o
    0x00031ba0   0x00031ba0   0x00000020   Data   RO         6913    .constdata          nrf_sdh_ble.o
    0x00031bc0   0x00031bc0   0x00000010   Data   RO         6914    .constdata          nrf_sdh_ble.o
    0x00031bd0   0x00031bd0   0x00000010   Data   RO         6968    .constdata          nrf_sdh_soc.o
    0x00031be0   0x00031be0   0x0000000c   Data   RO         6969    .constdata          nrf_sdh_soc.o
    0x00031bec   0x00031bec   0x00000081   Data   RO         7055    .constdata          mc_w.l(ctype_o.o)
    0x00031c6d   0x00031c6d   0x00000003   PAD
    0x00031c70   0x00031c70   0x00000004   Data   RO         7056    .constdata          mc_w.l(ctype_o.o)
    0x00031c74   0x00031c74   0x000001a4   Data   RO         1353    .conststring        gatt_cache_manager.o
    0x00031e18   0x00031e18   0x0000019c   Data   RO         1515    .conststring        gatts_cache_manager.o
    0x00031fb4   0x00031fb4   0x000000a2   Data   RO         1877    .conststring        nrf_ble_gatt.o
    0x00032056   0x00032056   0x00000002   PAD
    0x00032058   0x00032058   0x000000e8   Data   RO         2050    .conststring        peer_data_storage.o
    0x00032140   0x00032140   0x00000180   Data   RO         2187    .conststring        peer_database.o
    0x000322c0   0x000322c0   0x00000090   Data   RO         2425    .conststring        peer_manager.o
    0x00032350   0x00032350   0x000002ca   Data   RO         2692    .conststring        peer_manager_handler.o
    0x0003261a   0x0003261a   0x00000002   PAD
    0x0003261c   0x0003261c   0x000002b2   Data   RO         2842    .conststring        security_dispatcher.o
    0x000328ce   0x000328ce   0x00000002   PAD
    0x000328d0   0x000328d0   0x0000017b   Data   RO         2982    .conststring        security_manager.o
    0x00032a4b   0x00032a4b   0x00000001   PAD
    0x00032a4c   0x00032a4c   0x0000004f   Data   RO         5547    .conststring        nrf_fstorage.o
    0x00032a9b   0x00032a9b   0x00000001   PAD
    0x00032a9c   0x00032a9c   0x000003eb   Data   RO         5984    .conststring        nrf_strerror.o
    0x00032e87   0x00032e87   0x00000001   PAD
    0x00032e88   0x00032e88   0x00000066   Data   RO         6378    .conststring        nrf_log_str_formatter.o
    0x00032eee   0x00032eee   0x00000002   PAD
    0x00032ef0   0x00032ef0   0x00000188   Data   RO         6915    .conststring        nrf_sdh_ble.o
    0x00033078   0x00033078   0x00000011   Data   RO         1354    .conststrlit        gatt_cache_manager.o
    0x00033089   0x00033089   0x00000003   PAD
    0x0003308c   0x0003308c   0x00000012   Data   RO         1516    .conststrlit        gatts_cache_manager.o
    0x0003309e   0x0003309e   0x00000002   PAD
    0x000330a0   0x000330a0   0x00000010   Data   RO         1623    .conststrlit        id_manager.o
    0x000330b0   0x000330b0   0x00000008   Data   RO         1776    .conststrlit        nrf_ble_bms.o
    0x000330b8   0x000330b8   0x0000000d   Data   RO         1878    .conststrlit        nrf_ble_gatt.o
    0x000330c5   0x000330c5   0x00000003   PAD
    0x000330c8   0x000330c8   0x00000011   Data   RO         2051    .conststrlit        peer_data_storage.o
    0x000330d9   0x000330d9   0x00000003   PAD
    0x000330dc   0x000330dc   0x00000011   Data   RO         2188    .conststrlit        peer_database.o
    0x000330ed   0x000330ed   0x00000003   PAD
    0x000330f0   0x000330f0   0x0000000d   Data   RO         2426    .conststrlit        peer_manager.o
    0x000330fd   0x000330fd   0x00000003   PAD
    0x00033100   0x00033100   0x00000015   Data   RO         2694    .conststrlit        peer_manager_handler.o
    0x00033115   0x00033115   0x00000003   PAD
    0x00033118   0x00033118   0x00000011   Data   RO         2843    .conststrlit        security_dispatcher.o
    0x00033129   0x00033129   0x00000003   PAD
    0x0003312c   0x0003312c   0x00000010   Data   RO         2983    .conststrlit        security_manager.o
    0x0003313c   0x0003313c   0x00000006   Data   RO         3177    .conststrlit        nrf_drv_clock.o
    0x00033142   0x00033142   0x00000002   PAD
    0x00033144   0x00033144   0x00000006   Data   RO         3509    .conststrlit        nrfx_clock.o
    0x0003314a   0x0003314a   0x00000002   PAD
    0x0003314c   0x0003314c   0x00000007   Data   RO         3674    .conststrlit        nrfx_gpiote.o
    0x00033153   0x00033153   0x00000001   PAD
    0x00033154   0x00033154   0x00000004   Data   RO         3904    .conststrlit        nrfx_prs.o
    0x00033158   0x00033158   0x00000005   Data   RO         3984    .conststrlit        nrfx_uart.o
    0x0003315d   0x0003315d   0x00000003   PAD
    0x00033160   0x00033160   0x00000006   Data   RO         4167    .conststrlit        nrfx_uarte.o
    0x00033166   0x00033166   0x00000002   PAD
    0x00033168   0x00033168   0x0000000d   Data   RO         5548    .conststrlit        nrf_fstorage.o
    0x00033175   0x00033175   0x00000003   PAD
    0x00033178   0x00033178   0x00000009   Data   RO         5821    .conststrlit        nrf_pwr_mgmt.o
    0x00033181   0x00033181   0x00000003   PAD
    0x00033184   0x00033184   0x00000011   Data   RO         6152    .conststrlit        nrf_log_default_backends.o
    0x00033195   0x00033195   0x00000003   PAD
    0x00033198   0x00033198   0x00000004   Data   RO         6218    .conststrlit        nrf_log_frontend.o
    0x0003319c   0x0003319c   0x00000008   Data   RO         6805    .conststrlit        nrf_sdh.o
    0x000331a4   0x000331a4   0x0000000c   Data   RO         6916    .conststrlit        nrf_sdh_ble.o
    0x000331b0   0x000331b0   0x0000000c   Data   RO         6970    .conststrlit        nrf_sdh_soc.o
    0x000331bc   0x000331bc   0x00000020   Data   RO         7116    Region$$Table       anon$$obj.o
    0x000331dc   0x000331dc   0x00000010   Data   RO         6154    log_backends        nrf_log_default_backends.o
    0x000331ec   0x000331ec   0x00000008   Data   RO         1356    log_const_data      gatt_cache_manager.o
    0x000331f4   0x000331f4   0x00000008   Data   RO         1518    log_const_data      gatts_cache_manager.o
    0x000331fc   0x000331fc   0x00000008   Data   RO         1625    log_const_data      id_manager.o
    0x00033204   0x00033204   0x00000008   Data   RO         1777    log_const_data      nrf_ble_bms.o
    0x0003320c   0x0003320c   0x00000008   Data   RO         1879    log_const_data      nrf_ble_gatt.o
    0x00033214   0x00033214   0x00000008   Data   RO         2053    log_const_data      peer_data_storage.o
    0x0003321c   0x0003321c   0x00000008   Data   RO         2190    log_const_data      peer_database.o
    0x00033224   0x00033224   0x00000008   Data   RO         2428    log_const_data      peer_manager.o
    0x0003322c   0x0003322c   0x00000008   Data   RO         2697    log_const_data      peer_manager_handler.o
    0x00033234   0x00033234   0x00000008   Data   RO         2845    log_const_data      security_dispatcher.o
    0x0003323c   0x0003323c   0x00000008   Data   RO         2985    log_const_data      security_manager.o
    0x00033244   0x00033244   0x00000008   Data   RO         3178    log_const_data      nrf_drv_clock.o
    0x0003324c   0x0003324c   0x00000008   Data   RO         3511    log_const_data      nrfx_clock.o
    0x00033254   0x00033254   0x00000008   Data   RO         3675    log_const_data      nrfx_gpiote.o
    0x0003325c   0x0003325c   0x00000008   Data   RO         3906    log_const_data      nrfx_prs.o
    0x00033264   0x00033264   0x00000008   Data   RO         3985    log_const_data      nrfx_uart.o
    0x0003326c   0x0003326c   0x00000008   Data   RO         4168    log_const_data      nrfx_uarte.o
    0x00033274   0x00033274   0x00000008   Data   RO         5549    log_const_data      nrf_fstorage.o
    0x0003327c   0x0003327c   0x00000008   Data   RO         5823    log_const_data      nrf_pwr_mgmt.o
    0x00033284   0x00033284   0x00000008   Data   RO         6221    log_const_data      nrf_log_frontend.o
    0x0003328c   0x0003328c   0x00000008   Data   RO         6807    log_const_data      nrf_sdh.o
    0x00033294   0x00033294   0x00000008   Data   RO         6918    log_const_data      nrf_sdh_ble.o
    0x0003329c   0x0003329c   0x00000008   Data   RO         6971    log_const_data      nrf_sdh_soc.o
    0x000332a4   0x000332a4   0x00000014   Data   RO         6222    nrf_balloc          nrf_log_frontend.o
    0x000332b8   0x000332b8   0x00000008   Data   RO         1131    sdh_ble_observers0  ble_conn_state.o
    0x000332c0   0x000332c0   0x00000010   Data   RO           29    sdh_ble_observers1  main.o
    0x000332d0   0x000332d0   0x00000008   Data   RO          717    sdh_ble_observers1  bsp_btn_ble.o
    0x000332d8   0x000332d8   0x00000008   Data   RO         1047    sdh_ble_observers1  ble_conn_params.o
    0x000332e0   0x000332e0   0x00000008   Data   RO         2429    sdh_ble_observers1  peer_manager.o
    0x000332e8   0x000332e8   0x00000010   Data   RO           30    sdh_ble_observers2  main.o
    0x000332f8   0x000332f8   0x00000008   Data   RO           31    sdh_ble_observers3  main.o
    0x00033300   0x00033300   0x00000008   Data   RO         5643    sdh_req_observers0  nrf_fstorage_sd.o
    0x00033308   0x00033308   0x00000008   Data   RO         3179    sdh_soc_observers0  nrf_drv_clock.o
    0x00033310   0x00033310   0x00000008   Data   RO         5644    sdh_soc_observers0  nrf_fstorage_sd.o
    0x00033318   0x00033318   0x00000008   Data   RO           32    sdh_soc_observers1  main.o
    0x00033320   0x00033320   0x00000008   Data   RO         6919    sdh_stack_observers0  nrf_sdh_ble.o
    0x00033328   0x00033328   0x00000008   Data   RO         6972    sdh_stack_observers0  nrf_sdh_soc.o
    0x00033330   0x00033330   0x00000008   Data   RO         3180    sdh_state_observers0  nrf_drv_clock.o
    0x00033338   0x00033338   0x00000008   Data   RO         5645    sdh_state_observers0  nrf_fstorage_sd.o


    Execution Region RW_IRAM1 (Exec base: 0x20002218, Load base: 0x00033340, Size: 0x00003738, Max: 0x0000dde8, ABSOLUTE, COMPRESSED[0x00000094])

    Exec Addr    Load Addr    Size         Type   Attr      Idx    E Section Name        Object

    0x20002218   COMPRESSED   0x00000010   Data   RW           28    .data               main.o
    0x20002228   COMPRESSED   0x00000010   Data   RW          615    .data               bsp.o
    0x20002238   COMPRESSED   0x00000008   Data   RW          716    .data               bsp_btn_ble.o
    0x20002240   COMPRESSED   0x00000008   Data   RW         1046    .data               ble_conn_params.o
    0x20002248   COMPRESSED   0x00000010   Data   RW         1355    .data               gatt_cache_manager.o
    0x20002258   COMPRESSED   0x0000000c   Data   RW         1517    .data               gatts_cache_manager.o
    0x20002264   COMPRESSED   0x0000000c   Data   RW         2052    .data               peer_data_storage.o
    0x20002270   COMPRESSED   0x00000008   Data   RW         2189    .data               peer_database.o
    0x20002278   COMPRESSED   0x00000010   Data   RW         2427    .data               peer_manager.o
    0x20002288   COMPRESSED   0x00000060   Data   RW         2695    .data               peer_manager_handler.o
    0x200022e8   COMPRESSED   0x00000005   Data   RW         2844    .data               security_dispatcher.o
    0x200022ed   COMPRESSED   0x00000003   PAD
    0x200022f0   COMPRESSED   0x00000015   Data   RW         2984    .data               security_manager.o
    0x20002305   COMPRESSED   0x00000001   PAD
    0x20002306   COMPRESSED   0x0000004a   Data   RW         3118    .data               ble_dis.o
    0x20002350   COMPRESSED   0x0000000c   Data   RW         3304    .data               nrf_drv_uart.o
    0x2000235c   COMPRESSED   0x00000008   Data   RW         3510    .data               nrfx_clock.o
    0x20002364   COMPRESSED   0x00000008   Data   RW         3905    .data               nrfx_prs.o
    0x2000236c   COMPRESSED   0x00000004   PAD
    0x20002370   COMPRESSED   0x00000020   Data   RW         4304    .data               app_button.o
    0x20002390   COMPRESSED   0x00000014   Data   RW         4543    .data               app_timer.o
    0x200023a4   COMPRESSED   0x00000030   Data   RW         4838    .data               fds.o
    0x200023d4   COMPRESSED   0x00000008   Data   RW         5642    .data               nrf_fstorage_sd.o
    0x200023dc   COMPRESSED   0x00000008   Data   RW         5822    .data               nrf_pwr_mgmt.o
    0x200023e4   COMPRESSED   0x00000018   Data   RW         6082    .data               nrf_log_backend_uart.o
    0x200023fc   COMPRESSED   0x00000008   Data   RW         6153    .data               nrf_log_default_backends.o
    0x20002404   COMPRESSED   0x00000008   Data   RW         6219    .data               nrf_log_frontend.o
    0x2000240c   COMPRESSED   0x00000008   Data   RW         6220    .data               nrf_log_frontend.o
    0x20002414   COMPRESSED   0x00000040   Data   RW         6379    .data               nrf_log_str_formatter.o
    0x20002454   COMPRESSED   0x00000003   Data   RW         6806    .data               nrf_sdh.o
    0x20002457   COMPRESSED   0x00000001   Data   RW         6917    .data               nrf_sdh_ble.o
    0x20002458   COMPRESSED   0x00000004   Data   RW         7011    .data               system_nrf52.o
    0x2000245c   COMPRESSED   0x00000014   Data   RW         4839    fs_data             fds.o
    0x20002470        -       0x000004bc   Zero   RW           27    .bss                main.o
    0x2000292c        -       0x00000020   Zero   RW          610    .bss                bsp.o
    0x2000294c        -       0x00000020   Zero   RW          611    .bss                bsp.o
    0x2000296c        -       0x0000000c   Zero   RW          612    .bss                bsp.o
    0x20002978        -       0x00000020   Zero   RW          613    .bss                bsp.o
    0x20002998        -       0x00000050   Zero   RW         1045    .bss                ble_conn_params.o
    0x200029e8        -       0x00000078   Zero   RW         1130    .bss                ble_conn_state.o
    0x20002a60        -       0x000000d8   Zero   RW         1620    .bss                id_manager.o
    0x20002b38        -       0x00000180   Zero   RW         2185    .bss                peer_database.o
    0x20002cb8        -       0x00000040   Zero   RW         2301    .bss                peer_id.o
    0x20002cf8        -       0x0000000c   Zero   RW         2423    .bss                peer_manager.o
    0x20002d04        -       0x00000020   Zero   RW         2690    .bss                peer_manager_handler.o
    0x20002d24        -       0x00000040   Zero   RW         2840    .bss                security_dispatcher.o
    0x20002d64        -       0x00000014   Zero   RW         3172    .bss                nrf_drv_clock.o
    0x20002d78        -       0x0000005c   Zero   RW         3669    .bss                nrfx_gpiote.o
    0x20002dd4        -       0x0000002c   Zero   RW         3979    .bss                nrfx_uart.o
    0x20002e00        -       0x00000024   Zero   RW         4162    .bss                nrfx_uarte.o
    0x20002e24        -       0x00000020   Zero   RW         4302    .bss                app_button.o
    0x20002e44        -       0x0000010c   Zero   RW         4541    .bss                app_timer.o
    0x20002f50        -       0x0000000c   Zero   RW         4694    .bss                app_util_platform.o
    0x20002f5c        -       0x00000010   Zero   RW         4835    .bss                fds.o
    0x20002f6c        -       0x000000e0   Zero   RW         4836    .bss                fds.o
    0x2000304c        -       0x00000010   Zero   RW         5638    .bss                nrf_fstorage_sd.o
    0x2000305c        -       0x000000a0   Zero   RW         5639    .bss                nrf_fstorage_sd.o
    0x200030fc        -       0x0000000c   Zero   RW         5818    .bss                nrf_pwr_mgmt.o
    0x20003108        -       0x00000040   Zero   RW         6079    .bss                nrf_log_backend_uart.o
    0x20003148        -       0x000000c0   Zero   RW         6213    .bss                nrf_log_frontend.o
    0x20003208        -       0x00000080   Zero   RW         6214    .bss                nrf_log_frontend.o
    0x20003288        -       0x00000018   Zero   RW         6215    .bss                nrf_log_frontend.o
    0x200032a0        -       0x00000424   Zero   RW         6216    .bss                nrf_log_frontend.o
    0x200036c4        -       0x00000288   Zero   RW         6455    .bss                segger_rtt.o
    0x2000394c   COMPRESSED   0x00000004   PAD
    0x20003950        -       0x00002000   Zero   RW         6999    STACK               arm_startup_nrf52.o


==============================================================================

Image component sizes


      Code (inc. data)   RO Data    RW Data    ZI Data      Debug   Object Name

       444         38          8         32         32      13406   app_button.o
        22          0          0          0          0       2513   app_error.o
       132         46          0          0          0      30637   app_error_weak.o
         0          0          0          0          0      37134   app_scheduler.o
      1510        118          6         20        268      49227   app_timer.o
       124         14          0          0         12       9746   app_util_platform.o
        36          8        512          0       8192        956   arm_startup_nrf52.o
      1324          0          0          0          0      53684   ble_advdata.o
      1022          6          0          0          0      10388   ble_advertising.o
       636         44          8          8         80       9515   ble_conn_params.o
       718         56          8          0        120      14643   ble_conn_state.o
       530         12          0         74          0       5759   ble_dis.o
       474          6          0          0          0       4267   ble_srv_common.o
       358         40          8          0          0      49447   boards.o
       998         84         44         16        108      16095   bsp.o
       252         10          8          8          0       4984   bsp_btn_ble.o
      3442        316         24         68        240      51575   fds.o
      2164        556        569         16          0      35259   gatt_cache_manager.o
       686         84        462         12          0      16871   gatts_cache_manager.o
       946         34         32          0        216      15572   id_manager.o
      1920        486         48         16       1212     206030   main.o
       342          0          0          0          0       6958   nrf_atfifo.o
       170          0          0          0          0       4932   nrf_atflags.o
       332          0          0          0          0      10526   nrf_atomic.o
       164          0          0          0          0       3752   nrf_balloc.o
      1460        294         16          0          0      52059   nrf_ble_bms.o
       922        272        205          0          0      36955   nrf_ble_gatt.o
       800          0          0          0          0       9473   nrf_ble_qwr.o
       276         34         30          0         20      38072   nrf_drv_clock.o
       200         26          0         12          0      18164   nrf_drv_uart.o
        50          0          0          0          0       3653   nrf_fprintf.o
       866          4         16          0          0       5658   nrf_fprintf_format.o
       972        432        194          0          0       8300   nrf_fstorage.o
       798         82         72          8        176      16555   nrf_fstorage_sd.o
       200          0          0          0          0      11701   nrf_log_backend_serial.o
       232         44         44         24         64      21506   nrf_log_backend_uart.o
        28          4         33          8          0       3437   nrf_log_default_backends.o
      1512        114         44         16       1404      32060   nrf_log_frontend.o
       570        108        102         64          0       5836   nrf_log_str_formatter.o
       346          0          0          0          0       9839   nrf_memobj.o
       108         16         53          8         12      35606   nrf_pwr_mgmt.o
        28          0          0          0          0       2459   nrf_ringbuf.o
       552         60        104          3          0      42188   nrf_sdh.o
       800        342        468          1          0       6669   nrf_sdh_ble.o
        60          4         56          0          0       2560   nrf_sdh_soc.o
        78          0          0          0          0       2900   nrf_section_iter.o
        76         10       1319          0          0       2863   nrf_strerror.o
       222         30         14          8          0      44046   nrfx_clock.o
      1222         92         19          0         92      60099   nrfx_gpiote.o
       112         16         12          8          0       4676   nrfx_prs.o
      1288         40         17          0         44      30849   nrfx_uart.o
      1126         44         18          0         36      25387   nrfx_uarte.o
      1156        144        285         12          0      17327   peer_data_storage.o
      1442        260        425          8        384      20014   peer_database.o
       314         38          0          0         64       9551   peer_id.o
      1890        472        217         16         12      23189   peer_manager.o
      1858        840        771         96         32      11254   peer_manager_handler.o
       234          0          0          0          0       5627   pm_buffer.o
      1948        266        855          5         64      27495   security_dispatcher.o
      1108        114        407         21          0      50522   security_manager.o
       434         40          0          0        648       9582   segger_rtt.o
       900          6         16          0          0       6613   segger_rtt_printf.o
       796         70          0          4          0       3035   system_nrf52.o

    ----------------------------------------------------------------------
     45818       6276       7652        600      13536    1381655   Object Totals
         0          0         32          0          0          0   (incl. Generated)
        88          0         71          8          4          0   (incl. Padding)

    ----------------------------------------------------------------------

      Code (inc. data)   RO Data    RW Data    ZI Data      Debug   Library Member Name

        86          0          0          0          0          0   __dczerorl2.o
         8          4        133          0          0         68   ctype_o.o
         0          0          0          0          0          0   entry.o
         0          0          0          0          0          0   entry10a.o
         0          0          0          0          0          0   entry11a.o
         8          4          0          0          0          0   entry2.o
         4          0          0          0          0          0   entry5.o
         0          0          0          0          0          0   entry7b.o
         0          0          0          0          0          0   entry8b.o
         8          4          0          0          0          0   entry9a.o
        30          0          0          0          0          0   handlers.o
        36          8          0          0          0         68   init.o
        30          0          0          0          0         68   llshl.o
        32          0          0          0          0         68   llushr.o
        26          0          0          0          0         80   memcmp.o
        36          0          0          0          0         68   memcpya.o
        36          0          0          0          0        108   memseta.o
        18          0          0          0          0         68   strcpy.o
        14          0          0          0          0         68   strlen.o
        98          0          0          0          0         92   uldiv.o

    ----------------------------------------------------------------------
       474         20        136          0          0        756   Library Totals
         4          0          3          0          0          0   (incl. Padding)

    ----------------------------------------------------------------------

      Code (inc. data)   RO Data    RW Data    ZI Data      Debug   Library Name

       470         20        133          0          0        756   mc_w.l

    ----------------------------------------------------------------------
       474         20        136          0          0        756   Library Totals

    ----------------------------------------------------------------------

==============================================================================


      Code (inc. data)   RO Data    RW Data    ZI Data      Debug   

     46292       6296       7788        600      13536    1327635   Grand Totals
     46292       6296       7788        148      13536    1327635   ELF Image Totals (compressed)
     46292       6296       7788        148          0          0   ROM Totals

==============================================================================

    Total RO  Size (Code + RO Data)                54080 (  52.81kB)
    Total RW  Size (RW Data + ZI Data)             14136 (  13.80kB)
    Total ROM Size (Code + RO Data + RW Data)      54228 (  52.96kB)

==============================================================================

