Component: ARM Compiler 5.06 update 6 (build 750) Tool: armlink [4d35ed]

==============================================================================

Section Cross References

    main.o(i.advertising_start) refers to nrf_log_frontend.o(i.nrf_log_frontend_std_0) for nrf_log_frontend_std_0
    main.o(i.advertising_start) refers to peer_manager.o(i.pm_peers_delete) for pm_peers_delete
    main.o(i.advertising_start) refers to ble_advertising.o(i.ble_advertising_start) for ble_advertising_start
    main.o(i.advertising_start) refers to app_error.o(i.app_error_handler_bare) for app_error_handler_bare
    main.o(i.advertising_start) refers to nrf_log_frontend.o(log_const_data) for m_nrf_log_app_logs_data_const
    main.o(i.advertising_start) refers to main.o(.bss) for .bss
    main.o(i.assert_nrf_callback) refers to app_error_handler_keil.o(.emb_text) for app_error_handler
    main.o(i.ble_evt_handler) refers to nrf_log_frontend.o(i.nrf_log_frontend_std_0) for nrf_log_frontend_std_0
    main.o(i.ble_evt_handler) refers to bsp.o(i.bsp_indication_set) for bsp_indication_set
    main.o(i.ble_evt_handler) refers to app_error.o(i.app_error_handler_bare) for app_error_handler_bare
    main.o(i.ble_evt_handler) refers to nrf_ble_qwr.o(i.nrf_ble_qwr_conn_handle_assign) for nrf_ble_qwr_conn_handle_assign
    main.o(i.ble_evt_handler) refers to nrf_log_frontend.o(log_const_data) for m_nrf_log_app_logs_data_const
    main.o(i.ble_evt_handler) refers to main.o(.data) for .data
    main.o(i.ble_evt_handler) refers to main.o(.bss) for .bss
    main.o(i.bsp_event_handler) refers to main.o(i.sleep_mode_enter) for sleep_mode_enter
    main.o(i.bsp_event_handler) refers to app_error.o(i.app_error_handler_bare) for app_error_handler_bare
    main.o(i.bsp_event_handler) refers to ble_advertising.o(i.ble_advertising_restart_without_whitelist) for ble_advertising_restart_without_whitelist
    main.o(i.bsp_event_handler) refers to main.o(.data) for .data
    main.o(i.bsp_event_handler) refers to main.o(.bss) for .bss
    main.o(i.conn_params_error_handler) refers to app_error.o(i.app_error_handler_bare) for app_error_handler_bare
    main.o(i.main) refers to nrf_log_frontend.o(i.nrf_log_init) for nrf_log_init
    main.o(i.main) refers to app_error.o(i.app_error_handler_bare) for app_error_handler_bare
    main.o(i.main) refers to nrf_log_default_backends.o(i.nrf_log_default_backends_init) for nrf_log_default_backends_init
    main.o(i.main) refers to nrf_log_frontend.o(i.nrf_log_frontend_std_1) for nrf_log_frontend_std_1
    main.o(i.main) refers to nn_header.o(i.autoencode) for autoencode
    main.o(i.main) refers to nn_header.o(i.cn) for cn
    main.o(i.main) refers to nn_header.o(i.pc_attn) for pc_attn
    main.o(i.main) refers to app_timer.o(i.app_timer_init) for app_timer_init
    main.o(i.main) refers to bsp.o(i.bsp_init) for bsp_init
    main.o(i.main) refers to bsp_btn_ble.o(i.bsp_btn_ble_init) for bsp_btn_ble_init
    main.o(i.main) refers to nrf_pwr_mgmt.o(i.nrf_pwr_mgmt_init) for nrf_pwr_mgmt_init
    main.o(i.main) refers to nrf_sdh.o(i.nrf_sdh_enable_request) for nrf_sdh_enable_request
    main.o(i.main) refers to nrf_sdh_ble.o(i.nrf_sdh_ble_default_cfg_set) for nrf_sdh_ble_default_cfg_set
    main.o(i.main) refers to nrf_sdh_ble.o(i.nrf_sdh_ble_enable) for nrf_sdh_ble_enable
    main.o(i.main) refers to nrf_ble_gatt.o(i.nrf_ble_gatt_init) for nrf_ble_gatt_init
    main.o(i.main) refers to memseta.o(.text) for __aeabi_memclr4
    main.o(i.main) refers to ble_advertising.o(i.ble_advertising_init) for ble_advertising_init
    main.o(i.main) refers to ble_advertising.o(i.ble_advertising_conn_cfg_tag_set) for ble_advertising_conn_cfg_tag_set
    main.o(i.main) refers to nrf_ble_qwr.o(i.nrf_ble_qwr_init) for nrf_ble_qwr_init
    main.o(i.main) refers to ble_conn_params.o(i.ble_conn_params_init) for ble_conn_params_init
    main.o(i.main) refers to main.o(i.peer_manager_init) for peer_manager_init
    main.o(i.main) refers to nrf_log_frontend.o(i.nrf_log_frontend_std_0) for nrf_log_frontend_std_0
    main.o(i.main) refers to main.o(i.advertising_start) for advertising_start
    main.o(i.main) refers to nrf_log_frontend.o(i.nrf_log_frontend_dequeue) for nrf_log_frontend_dequeue
    main.o(i.main) refers to nrf_pwr_mgmt.o(i.nrf_pwr_mgmt_run) for nrf_pwr_mgmt_run
    main.o(i.main) refers to main.o(.data) for .data
    main.o(i.main) refers to nrf_log_frontend.o(log_const_data) for m_nrf_log_app_logs_data_const
    main.o(i.main) refers to main.o(i.bsp_event_handler) for bsp_event_handler
    main.o(i.main) refers to main.o(.bss) for .bss
    main.o(i.main) refers to main.o(i.on_adv_evt) for on_adv_evt
    main.o(i.main) refers to main.o(i.nrf_qwr_error_handler) for nrf_qwr_error_handler
    main.o(i.main) refers to main.o(i.on_conn_params_evt) for on_conn_params_evt
    main.o(i.main) refers to main.o(i.conn_params_error_handler) for conn_params_error_handler
[...]
    0x000274c8   0x000274c8   0x00000024   Code   RO         4135    i.app_button_enable  app_button.o
    0x000274ec   0x000274ec   0x00000078   Code   RO         4136    i.app_button_init   app_button.o
    0x00027564   0x00027564   0x00000084   Code   RO         4259    i.app_error_fault_handler  app_error_weak.o
    0x000275e8   0x000275e8   0x00000016   Code   RO         4199    i.app_error_handler_bare  app_error.o
    0x000275fe   0x000275fe   0x00000002   PAD
    0x00027600   0x00027600   0x00000028   Code   RO         4361    i.app_timer_create  app_timer.o
    0x00027628   0x00027628   0x00000054   Code   RO         4362    i.app_timer_init    app_timer.o
    0x0002767c   0x0002767c   0x00000088   Code   RO         4365    i.app_timer_start   app_timer.o
    0x00027704   0x00027704   0x00000020   Code   RO         4366    i.app_timer_stop    app_timer.o
    0x00027724   0x00027724   0x00000048   Code   RO         4526    i.app_util_critical_region_enter  app_util_platform.o
    0x0002776c   0x0002776c   0x00000034   Code   RO         4527    i.app_util_critical_region_exit  app_util_platform.o
    0x000277a0   0x000277a0   0x00000004   Code   RO         1294    i.apply_pending_handle  gatt_cache_manager.o
    0x000277a4   0x000277a4   0x00000180   Code   RO         2660    i.auth_status_success_process  security_dispatcher.o
    0x00027924   0x00027924   0x000002a4   Code   RO         6846    i.autoencode        nn_header.o
    0x00027bc8   0x00027bc8   0x00000182   Code   RO          800    i.ble_advdata_encode  ble_advdata.o
    0x00027d4a   0x00027d4a   0x00000020   Code   RO          802    i.ble_advdata_parse  ble_advdata.o
    0x00027d6a   0x00027d6a   0x00000038   Code   RO          803    i.ble_advdata_search  ble_advdata.o
    0x00027da2   0x00027da2   0x00000006   Code   RO          907    i.ble_advertising_conn_cfg_tag_set  ble_advertising.o
    0x00027da8   0x00027da8   0x000000fe   Code   RO          908    i.ble_advertising_init  ble_advertising.o
    0x00027ea6   0x00027ea6   0x0000006a   Code   RO          910    i.ble_advertising_on_ble_evt  ble_advertising.o
    0x00027f10   0x00027f10   0x00000002   Code   RO          911    i.ble_advertising_on_sys_evt  ble_advertising.o
    0x00027f12   0x00027f12   0x0000003a   Code   RO          913    i.ble_advertising_restart_without_whitelist  ble_advertising.o
    0x00027f4c   0x00027f4c   0x0000022c   Code   RO          914    i.ble_advertising_start  ble_advertising.o
    0x00028178   0x00028178   0x00000068   Code   RO         1000    i.ble_conn_params_init  ble_conn_params.o
    0x000281e0   0x000281e0   0x00000020   Code   RO         1076    i.ble_conn_state_encrypted  ble_conn_state.o
    0x00028200   0x00028200   0x0000002c   Code   RO         1078    i.ble_conn_state_for_each_set_user_flag  ble_conn_state.o
    0x0002822c   0x0002822c   0x00000020   Code   RO         1080    i.ble_conn_state_mitm_protected  ble_conn_state.o
    0x0002824c   0x0002824c   0x00000024   Code   RO         1083    i.ble_conn_state_role  ble_conn_state.o
    0x00028270   0x00028270   0x00000024   Code   RO         1084    i.ble_conn_state_status  ble_conn_state.o
    0x00028294   0x00028294   0x00000018   Code   RO         1085    i.ble_conn_state_user_flag_acquire  ble_conn_state.o
    0x000282ac   0x000282ac   0x00000030   Code   RO         1086    i.ble_conn_state_user_flag_get  ble_conn_state.o
    0x000282dc   0x000282dc   0x00000040   Code   RO         1087    i.ble_conn_state_user_flag_set  ble_conn_state.o
    0x0002831c   0x0002831c   0x00000014   Code   RO         1088    i.ble_conn_state_valid  ble_conn_state.o
    0x00028330   0x00028330   0x00000060   Code   RO          806    i.ble_device_addr_encode  ble_advdata.o
    0x00028390   0x00028390   0x000000b4   Code   RO            6    i.ble_evt_handler   main.o
    0x00028444   0x00028444   0x00000070   Code   RO          676    i.ble_evt_handler   bsp_btn_ble.o
    0x000284b4   0x000284b4   0x000000fc   Code   RO         1002    i.ble_evt_handler   ble_conn_params.o
    0x000285b0   0x000285b0   0x00000104   Code   RO         1089    i.ble_evt_handler   ble_conn_state.o
    0x000286b4   0x000286b4   0x00000028   Code   RO         2224    i.ble_evt_handler   peer_manager.o
    0x000286dc   0x000286dc   0x00000008   Code   RO         1234    i.ble_srv_is_notification_enabled  ble_srv_common.o
    0x000286e4   0x000286e4   0x0000000c   Code   RO          417    i.bsp_board_button_idx_to_pin  boards.o
    0x000286f0   0x000286f0   0x00000028   Code   RO          418    i.bsp_board_button_state_get  boards.o
    0x00028718   0x00028718   0x00000054   Code   RO          419    i.bsp_board_init    boards.o
    0x0002876c   0x0002876c   0x0000002c   Code   RO          421    i.bsp_board_led_invert  boards.o
    0x00028798   0x00028798   0x00000010   Code   RO          422    i.bsp_board_led_off  boards.o
    0x000287a8   0x000287a8   0x00000010   Code   RO          423    i.bsp_board_led_on  boards.o
    0x000287b8   0x000287b8   0x00000028   Code   RO          424    i.bsp_board_led_state_get  boards.o
    0x000287e0   0x000287e0   0x00000012   Code   RO          425    i.bsp_board_leds_off  boards.o
    0x000287f2   0x000287f2   0x00000012   Code   RO          426    i.bsp_board_leds_on  boards.o
    0x00028804   0x00028804   0x00000024   Code   RO          427    i.bsp_board_pin_to_button_idx  boards.o
    0x00028828   0x00028828   0x00000038   Code   RO          677    i.bsp_btn_ble_init  bsp_btn_ble.o
    0x00028860   0x00028860   0x0000001e   Code   RO          678    i.bsp_btn_ble_sleep_mode_prepare  bsp_btn_ble.o
    0x0002887e   0x0002887e   0x00000002   PAD
    0x00028880   0x00028880   0x00000090   Code   RO          559    i.bsp_button_event_handler  bsp.o
    0x00028910   0x00028910   0x0000000c   Code   RO          560    i.bsp_button_is_pressed  bsp.o
    0x0002891c   0x0002891c   0x0000004c   Code   RO            7    i.bsp_event_handler  main.o
    0x00028968   0x00028968   0x00000044   Code   RO          563    i.bsp_event_to_button_action_assign  bsp.o
    0x000289ac   0x000289ac   0x00000018   Code   RO          564    i.bsp_indication_set  bsp.o
    0x000289c4   0x000289c4   0x00000094   Code   RO          565    i.bsp_init          bsp.o
    0x00028a58   0x00028a58   0x000001c8   Code   RO          566    i.bsp_led_indication  bsp.o
    0x00028c20   0x00028c20   0x00000006   Code   RO          568    i.bsp_wakeup_button_enable  bsp.o
    0x00028c26   0x00028c26   0x00000002   PAD
    0x00028c28   0x00028c28   0x00000090   Code   RO         6038    i.buf_prealloc      nrf_log_frontend.o
    0x00028cb8   0x00028cb8   0x0000002e   Code   RO         5334    i.buffer_add        nrf_fprintf_format.o
    0x00028ce6   0x00028ce6   0x00000002   PAD
    0x00028ce8   0x00028ce8   0x00000014   Code   RO         6039    i.buffer_is_empty   nrf_log_frontend.o
    0x00028cfc   0x00028cfc   0x00000008   Code   RO          569    i.button_timer_handler  bsp.o
    0x00028d04   0x00028d04   0x00000028   Code   RO         1295    i.car_update_needed  gatt_cache_manager.o
    0x00028d2c   0x00028d2c   0x00000040   Code   RO         1296    i.car_update_pending_handle  gatt_cache_manager.o
    0x00028d6c   0x00028d6c   0x0000001c   Code   RO         3429    i.channel_free      nrfx_gpiote.o
    0x00028d88   0x00028d88   0x00000048   Code   RO         3430    i.channel_port_alloc  nrfx_gpiote.o
    0x00028dd0   0x00028dd0   0x00000010   Code   RO         3431    i.channel_port_get  nrfx_gpiote.o
    0x00028de0   0x00028de0   0x0000003e   Code   RO         2134    i.claim             peer_id.o
    0x00028e1e   0x00028e1e   0x00000002   PAD
    0x00028e20   0x00028e20   0x00000028   Code   RO         2953    i.clock_clk_started_notify  nrf_drv_clock.o
    0x00028e48   0x00028e48   0x0000001c   Code   RO         2954    i.clock_irq_handler  nrf_drv_clock.o
    0x00028e64   0x00028e64   0x000001dc   Code   RO         6847    i.cn                nn_header.o
    0x00029040   0x00029040   0x000000ac   Code   RO         4368    i.compare_reg_update  app_timer.o
    0x000290ec   0x000290ec   0x0000003e   Code   RO         1090    i.conn_handle_list_get  ble_conn_state.o
    0x0002912a   0x0002912a   0x00000088   Code   RO          807    i.conn_int_encode   ble_advdata.o
    0x000291b2   0x000291b2   0x00000004   Code   RO            8    i.conn_params_error_handler  main.o
    0x000291b6   0x000291b6   0x00000002   PAD
    0x000291b8   0x000291b8   0x00000048   Code   RO         1003    i.conn_params_negotiation  ble_conn_params.o
    0x00029200   0x00029200   0x00000044   Code   RO         2661    i.conn_sec_failure  security_dispatcher.o
    0x00029244   0x00029244   0x00000004   Code   RO         2525    i.conn_secure       peer_manager_handler.o
    0x00029248   0x00029248   0x000000c0   Code   RO         1729    i.data_length_update  nrf_ble_gatt.o
    0x00029308   0x00029308   0x00000030   Code   RO         1297    i.db_update_pending_handle  gatt_cache_manager.o
    0x00029338   0x00029338   0x00000030   Code   RO         8396    i.dbg_init          RTX_CM4.lib(hal_cm.o)
    0x00029368   0x00029368   0x00000020   Code   RO         8397    i.dbg_task_notify   RTX_CM4.lib(hal_cm.o)
    0x00029388   0x00029388   0x00000010   Code   RO         8398    i.dbg_task_switch   RTX_CM4.lib(hal_cm.o)
    0x00029398   0x00029398   0x00000080   Code   RO         4621    i.delete_execute    fds.o
    0x00029418   0x00029418   0x0000009c   Code   RO         4138    i.detection_delay_timeout_handler  app_button.o
    0x000294b4   0x000294b4   0x00000014   Code   RO         6040    i.dropped_sat16_get  nrf_log_frontend.o
    0x000294c8   0x000294c8   0x00000040   Code   RO         4369    i.elapsed_ticks_acquire  app_timer.o
    0x00029508   0x00029508   0x0000000a   Code   RO         2662    i.encryption_failure  security_dispatcher.o
    0x00029512   0x00029512   0x00000002   PAD
    0x00029514   0x00029514   0x0000004c   Code   RO         5461    i.erase             nrf_fstorage_sd.o
    0x00029560   0x00029560   0x00000074   Code   RO         4622    i.event_prepare     fds.o
    0x000295d4   0x000295d4   0x00000020   Code   RO         4623    i.event_send        fds.o
    0x000295f4   0x000295f4   0x00000054   Code   RO         5462    i.event_send        nrf_fstorage_sd.o
    0x00029648   0x00029648   0x000000ac   Code   RO         2800    i.events_send_from_err_code  security_manager.o
    0x000296f4   0x000296f4   0x0000001c   Code   RO         1298    i.evt_send          gatt_cache_manager.o
    0x00029710   0x00029710   0x0000001c   Code   RO         1465    i.evt_send          gatts_cache_manager.o
    0x0002972c   0x0002972c   0x0000002c   Code   RO         2225    i.evt_send          peer_manager.o
    0x00029758   0x00029758   0x0000001c   Code   RO         2663    i.evt_send          security_dispatcher.o
    0x00029774   0x00029774   0x0000000c   Code   RO         2801    i.evt_send          security_manager.o
    0x00029780   0x00029780   0x000000ec   Code   RO         1872    i.fds_evt_handler   peer_data_storage.o
    0x0002986c   0x0002986c   0x00000044   Code   RO         4625    i.fds_file_delete   fds.o
    0x000298b0   0x000298b0   0x0000003c   Code   RO         4626    i.fds_gc            fds.o
    0x000298ec   0x000298ec   0x000000e0   Code   RO         4627    i.fds_init          fds.o
    0x000299cc   0x000299cc   0x00000040   Code   RO         4628    i.fds_record_close  fds.o
    0x00029a0c   0x00029a0c   0x0000000e   Code   RO         4630    i.fds_record_find   fds.o
    0x00029a1a   0x00029a1a   0x00000010   Code   RO         4631    i.fds_record_find_by_key  fds.o
    0x00029a2a   0x00029a2a   0x00000010   Code   RO         4632    i.fds_record_find_in_file  fds.o
    0x00029a3a   0x00029a3a   0x00000010   Code   RO         4633    i.fds_record_id_from_desc  fds.o
    0x00029a4a   0x00029a4a   0x00000002   PAD
    0x00029a4c   0x00029a4c   0x00000048   Code   RO         4635    i.fds_record_open   fds.o
    0x00029a94   0x00029a94   0x0000000e   Code   RO         4636    i.fds_record_update  fds.o
    0x00029aa2   0x00029aa2   0x00000008   Code   RO         4637    i.fds_record_write  fds.o
    0x00029aaa   0x00029aaa   0x00000002   PAD
    0x00029aac   0x00029aac   0x0000002c   Code   RO         4639    i.fds_register      fds.o
    0x00029ad8   0x00029ad8   0x00000014   Code   RO         1873    i.file_id_within_pm_range  peer_data_storage.o
    0x00029aec   0x00029aec   0x00000012   Code   RO         2664    i.flag_id_init      security_dispatcher.o
    0x00029afe   0x00029afe   0x00000012   Code   RO         2802    i.flag_id_init      security_manager.o
    0x00029b10   0x00029b10   0x00000028   Code   RO          916    i.flags_set         ble_advertising.o
    0x00029b38   0x00029b38   0x00000030   Code   RO         2803    i.flags_set_from_err_code  security_manager.o
    0x00029b68   0x00029b68   0x00000030   Code   RO         1091    i.for_each_set_flag  ble_conn_state.o
    0x00029b98   0x00029b98   0x00000050   Code   RO         8563    i.free              mc_w.l(malloc.o)
    0x00029be8   0x00029be8   0x00000006   Code   RO         4643    i.fs_event_handler  fds.o
    0x00029bee   0x00029bee   0x00000002   PAD
    0x00029bf0   0x00029bf0   0x0000007c   Code   RO         4644    i.gc_execute        fds.o
    0x00029c6c   0x00029c6c   0x0000004c   Code   RO         4645    i.gc_next_page      fds.o
    0x00029cb8   0x00029cb8   0x00000040   Code   RO         4646    i.gc_page_erase     fds.o
    0x00029cf8   0x00029cf8   0x00000034   Code   RO         4647    i.gc_record_copy    fds.o
    0x00029d2c   0x00029d2c   0x00000024   Code   RO         4648    i.gc_record_find_next  fds.o
    0x00029d50   0x00029d50   0x00000088   Code   RO         4649    i.gc_state_advance  fds.o
    0x00029dd8   0x00029dd8   0x00000230   Code   RO         1299    i.gcm_ble_evt_handler  gatt_cache_manager.o
    0x0002a008   0x0002a008   0x0000003c   Code   RO         1300    i.gcm_im_evt_handler  gatt_cache_manager.o
    0x0002a044   0x0002a044   0x00000094   Code   RO         1301    i.gcm_init          gatt_cache_manager.o
    0x0002a0d8   0x0002a0d8   0x00000088   Code   RO         1304    i.gcm_pdb_evt_handler  gatt_cache_manager.o
    0x0002a160   0x0002a160   0x00000084   Code   RO         4139    i.gpiote_event_handler  app_button.o
    0x0002a1e4   0x0002a1e4   0x0000001c   Code   RO         1466    i.gscm_db_change_notification_done  gatts_cache_manager.o
    0x0002a200   0x0002a200   0x00000014   Code   RO         1467    i.gscm_init         gatts_cache_manager.o
    0x0002a214   0x0002a214   0x00000090   Code   RO         1469    i.gscm_local_db_cache_apply  gatts_cache_manager.o
    0x0002a2a4   0x0002a2a4   0x000000ac   Code   RO         1470    i.gscm_local_db_cache_update  gatts_cache_manager.o
    0x0002a350   0x0002a350   0x00000018   Code   RO         1471    i.gscm_pdb_evt_handler  gatts_cache_manager.o
    0x0002a368   0x0002a368   0x0000001e   Code   RO         1472    i.gscm_service_changed_ind_needed  gatts_cache_manager.o
    0x0002a386   0x0002a386   0x00000002   PAD
    0x0002a388   0x0002a388   0x0000005c   Code   RO         1473    i.gscm_service_changed_ind_send  gatts_cache_manager.o
    0x0002a3e4   0x0002a3e4   0x00000026   Code   RO         4650    i.header_check      fds.o
    0x0002a40a   0x0002a40a   0x00000012   Code   RO         4651    i.header_has_next   fds.o
    0x0002a41c   0x0002a41c   0x00000046   Code   RO         1562    i.im_address_resolve  id_manager.o
    0x0002a462   0x0002a462   0x00000002   PAD
    0x0002a464   0x0002a464   0x00000038   Code   RO         1563    i.im_ble_addr_get   id_manager.o
    0x0002a49c   0x0002a49c   0x000000dc   Code   RO         1564    i.im_ble_evt_handler  id_manager.o
    0x0002a578   0x0002a578   0x00000040   Code   RO         1565    i.im_conn_handle_get  id_manager.o
    0x0002a5b8   0x0002a5b8   0x00000038   Code   RO         1567    i.im_find_duplicate_bonding_data  id_manager.o
    0x0002a5f0   0x0002a5f0   0x00000072   Code   RO         1570    i.im_is_duplicate_bonding_data  id_manager.o
    0x0002a662   0x0002a662   0x00000018   Code   RO         1571    i.im_master_id_is_valid  id_manager.o
    0x0002a67a   0x0002a67a   0x0000002a   Code   RO         1572    i.im_master_ids_compare  id_manager.o
    0x0002a6a4   0x0002a6a4   0x00000014   Code   RO         1573    i.im_new_peer_id    id_manager.o
    0x0002a6b8   0x0002a6b8   0x0000002c   Code   RO         1574    i.im_peer_free      id_manager.o
    0x0002a6e4   0x0002a6e4   0x00000024   Code   RO         1575    i.im_peer_id_get_by_conn_handle  id_manager.o
    0x0002a708   0x0002a708   0x0000003c   Code   RO         1576    i.im_peer_id_get_by_master_id  id_manager.o
    0x0002a744   0x0002a744   0x00000034   Code   RO         5463    i.init              nrf_fstorage_sd.o
    0x0002a778   0x0002a778   0x000000c8   Code   RO         4652    i.init_execute      fds.o
    0x0002a840   0x0002a840   0x00000014   Code   RO         1004    i.instance_get      ble_conn_params.o
    0x0002a854   0x0002a854   0x000000a6   Code   RO         5335    i.int_print         nrf_fprintf_format.o
    0x0002a8fa   0x0002a8fa   0x00000034   Code   RO         6041    i.invalid_packets_omit  nrf_log_frontend.o
    0x0002a92e   0x0002a92e   0x00000002   PAD
    0x0002a930   0x0002a930   0x00000010   Code   RO         5464    i.is_busy           nrf_fstorage_sd.o
    0x0002a940   0x0002a940   0x00000044   Code   RO         1005    i.is_conn_params_ok  ble_conn_params.o
    0x0002a984   0x0002a984   0x00000014   Code   RO         1581    i.is_valid_irk      id_manager.o
    0x0002a998   0x0002a998   0x0000000c   Code   RO         4653    i.is_word_aligned   fds.o
    0x0002a9a4   0x0002a9a4   0x0000002a   Code   RO         7267    i.isrMessageGet     RTX_CM4.lib(rt_cmsis.o)
    0x0002a9ce   0x0002a9ce   0x0000002c   Code   RO         7268    i.isrMessagePut     RTX_CM4.lib(rt_cmsis.o)
    0x0002a9fa   0x0002a9fa   0x00000002   PAD
    0x0002a9fc   0x0002a9fc   0x00000052   Code   RO         8189    i.isr_mbx_receive   RTX_CM4.lib(rt_mailbox.o)
    0x0002aa4e   0x0002aa4e   0x0000000e   Code   RO         8190    i.isr_mbx_send      RTX_CM4.lib(rt_mailbox.o)
    0x0002aa5c   0x0002aa5c   0x00000030   Code   RO          570    i.leds_off          bsp.o
    0x0002aa8c   0x0002aa8c   0x00000014   Code   RO          571    i.leds_timer_handler  bsp.o
    0x0002aaa0   0x0002aaa0   0x00000014   Code   RO         1730    i.link_init         nrf_ble_gatt.o
    0x0002aab4   0x0002aab4   0x000000d0   Code   RO         2804    i.link_secure       security_manager.o
    0x0002ab84   0x0002ab84   0x0000003c   Code   RO         2665    i.link_secure_failure  security_dispatcher.o
    0x0002abc0   0x0002abc0   0x0000002c   Code   RO         2805    i.link_secure_pending_handle  security_manager.o
    0x0002abec   0x0002abec   0x000000f8   Code   RO         4370    i.list_insertions_handler  app_timer.o
    0x0002ace4   0x0002ace4   0x000000a8   Code   RO         1305    i.local_db_apply_in_evt  gatt_cache_manager.o
    0x0002ad8c   0x0002ad8c   0x00000010   Code   RO         1306    i.local_db_update   gatt_cache_manager.o
    0x0002ad9c   0x0002ad9c   0x0000010c   Code   RO         1307    i.local_db_update_in_evt  gatt_cache_manager.o
    0x0002aea8   0x0002aea8   0x0000009c   Code   RO         6042    i.log_skip          nrf_log_frontend.o
    0x0002af44   0x0002af44   0x00000314   Code   RO            9    i.main              main.o
    0x0002b258   0x0002b258   0x0000006c   Code   RO         8564    i.malloc            mc_w.l(malloc.o)
    0x0002b2c4   0x0002b2c4   0x00000064   Code   RO          808    i.manuf_specific_data_encode  ble_advdata.o
    0x0002b328   0x0002b328   0x0000007e   Code   RO         5573    i.memobj_op         nrf_memobj.o
    0x0002b3a6   0x0002b3a6   0x00000002   PAD
    0x0002b3a8   0x0002b3a8   0x00000030   Code   RO         6043    i.module_idx_get    nrf_log_frontend.o
    0x0002b3d8   0x0002b3d8   0x0000002c   Code   RO         6849    i.multiply          nn_header.o
    0x0002b404   0x0002b404   0x00000008   Code   RO         2612    i.mutex_lock_status_get  pm_buffer.o
    0x0002b40c   0x0002b40c   0x000000a6   Code   RO          809    i.name_encode       ble_advdata.o
    0x0002b4b2   0x0002b4b2   0x00000002   PAD
    0x0002b4b4   0x0002b4b4   0x00000014   Code   RO         2806    i.new_context_get   security_manager.o
    0x0002b4c8   0x0002b4c8   0x00000030   Code   RO         2135    i.next_id_get       peer_id.o
    0x0002b4f8   0x0002b4f8   0x00000010   Code   RO         4988    i.nrf_atfifo_clear  nrf_atfifo.o
    0x0002b508   0x0002b508   0x00000026   Code   RO         4990    i.nrf_atfifo_init   nrf_atfifo.o
    0x0002b52e   0x0002b52e   0x00000016   Code   RO         4991    i.nrf_atfifo_item_alloc  nrf_atfifo.o
    0x0002b544   0x0002b544   0x00000016   Code   RO         4992    i.nrf_atfifo_item_free  nrf_atfifo.o
    0x0002b55a   0x0002b55a   0x00000016   Code   RO         4993    i.nrf_atfifo_item_get  nrf_atfifo.o
    0x0002b570   0x0002b570   0x00000016   Code   RO         4994    i.nrf_atfifo_item_put  nrf_atfifo.o
    0x0002b586   0x0002b586   0x00000016   Code   RO         5056    i.nrf_atflags_clear  nrf_atflags.o
    0x0002b59c   0x0002b59c   0x00000020   Code   RO         5058    i.nrf_atflags_fetch_set  nrf_atflags.o
    0x0002b5bc   0x0002b5bc   0x0000004a   Code   RO         5060    i.nrf_atflags_find_and_set_flag  nrf_atflags.o
    0x0002b606   0x0002b606   0x00000016   Code   RO         5061    i.nrf_atflags_get   nrf_atflags.o
    0x0002b61c   0x0002b61c   0x00000014   Code   RO         5063    i.nrf_atflags_set   nrf_atflags.o
    0x0002b630   0x0002b630   0x00000006   Code   RO         5124    i.nrf_atomic_flag_clear_fetch  nrf_atomic.o
    0x0002b636   0x0002b636   0x00000006   Code   RO         5125    i.nrf_atomic_flag_set  nrf_atomic.o
    0x0002b63c   0x0002b63c   0x00000006   Code   RO         5126    i.nrf_atomic_flag_set_fetch  nrf_atomic.o
    0x0002b642   0x0002b642   0x0000000c   Code   RO         5127    i.nrf_atomic_u32_add  nrf_atomic.o
    0x0002b64e   0x0002b64e   0x0000000c   Code   RO         5128    i.nrf_atomic_u32_and  nrf_atomic.o
    0x0002b65a   0x0002b65a   0x0000000a   Code   RO         5130    i.nrf_atomic_u32_fetch_add  nrf_atomic.o
    0x0002b664   0x0002b664   0x0000000a   Code   RO         5131    i.nrf_atomic_u32_fetch_and  nrf_atomic.o
    0x0002b66e   0x0002b66e   0x0000000a   Code   RO         5132    i.nrf_atomic_u32_fetch_or  nrf_atomic.o
    0x0002b678   0x0002b678   0x0000000a   Code   RO         5133    i.nrf_atomic_u32_fetch_store  nrf_atomic.o
    0x0002b682   0x0002b682   0x0000000c   Code   RO         5137    i.nrf_atomic_u32_or  nrf_atomic.o
    0x0002b68e   0x0002b68e   0x0000000c   Code   RO         5139    i.nrf_atomic_u32_sub  nrf_atomic.o
    0x0002b69a   0x0002b69a   0x00000044   Code   RO         5258    i.nrf_balloc_alloc  nrf_balloc.o
    0x0002b6de   0x0002b6de   0x00000030   Code   RO         5259    i.nrf_balloc_free   nrf_balloc.o
    0x0002b70e   0x0002b70e   0x00000030   Code   RO         5260    i.nrf_balloc_init   nrf_balloc.o
    0x0002b73e   0x0002b73e   0x00000010   Code   RO         3432    i.nrf_bitmask_bit_is_set  nrfx_gpiote.o
    0x0002b74e   0x0002b74e   0x00000014   Code   RO         3433    i.nrf_bitmask_bit_set  nrfx_gpiote.o
    0x0002b762   0x0002b762   0x00000022   Code   RO         1736    i.nrf_ble_gatt_init  nrf_ble_gatt.o
    0x0002b784   0x0002b784   0x00000150   Code   RO         1737    i.nrf_ble_gatt_on_ble_evt  nrf_ble_gatt.o
    0x0002b8d4   0x0002b8d4   0x00000016   Code   RO         1831    i.nrf_ble_qwr_conn_handle_assign  nrf_ble_qwr.o
    0x0002b8ea   0x0002b8ea   0x00000024   Code   RO         1832    i.nrf_ble_qwr_init  nrf_ble_qwr.o
    0x0002b90e   0x0002b90e   0x000000b6   Code   RO         1833    i.nrf_ble_qwr_on_ble_evt  nrf_ble_qwr.o
    0x0002b9c4   0x0002b9c4   0x0000000e   Code   RO         3291    i.nrf_clock_event_check  nrfx_clock.o
    0x0002b9d2   0x0002b9d2   0x00000010   Code   RO         3292    i.nrf_clock_event_clear  nrfx_clock.o
    0x0002b9e2   0x0002b9e2   0x00000002   PAD
    0x0002b9e4   0x0002b9e4   0x00000038   Code   RO         2961    i.nrf_drv_clock_init  nrf_drv_clock.o
    0x0002ba1c   0x0002ba1c   0x00000030   Code   RO         2965    i.nrf_drv_clock_lfclk_release  nrf_drv_clock.o
    0x0002ba4c   0x0002ba4c   0x0000001a   Code   RO         5295    i.nrf_fprintf       nrf_fprintf.o
    0x0002ba66   0x0002ba66   0x00000018   Code   RO         5296    i.nrf_fprintf_buffer_flush  nrf_fprintf.o
    0x0002ba7e   0x0002ba7e   0x000001da   Code   RO         5336    i.nrf_fprintf_fmt   nrf_fprintf_format.o
    0x0002bc58   0x0002bc58   0x00000138   Code   RO         5376    i.nrf_fstorage_erase  nrf_fstorage.o
    0x0002bd90   0x0002bd90   0x00000094   Code   RO         5377    i.nrf_fstorage_init  nrf_fstorage.o
    0x0002be24   0x0002be24   0x00000018   Code   RO         5465    i.nrf_fstorage_sdh_req_handler  nrf_fstorage_sd.o
    0x0002be3c   0x0002be3c   0x00000020   Code   RO         5466    i.nrf_fstorage_sdh_state_handler  nrf_fstorage_sd.o
    0x0002be5c   0x0002be5c   0x000000a4   Code   RO         5467    i.nrf_fstorage_sys_evt_handler  nrf_fstorage_sd.o
    0x0002bf00   0x0002bf00   0x000001dc   Code   RO         5383    i.nrf_fstorage_write  nrf_fstorage.o
    0x0002c0dc   0x0002c0dc   0x00000032   Code   RO          429    i.nrf_gpio_cfg      boards.o
    0x0002c10e   0x0002c10e   0x00000032   Code   RO         3434    i.nrf_gpio_cfg      nrfx_gpiote.o
    0x0002c140   0x0002c140   0x00000030   Code   RO         3436    i.nrf_gpio_cfg_sense_set  nrfx_gpiote.o
    0x0002c170   0x0002c170   0x0000001c   Code   RO          430    i.nrf_gpio_pin_port_decode  boards.o
    0x0002c18c   0x0002c18c   0x0000001c   Code   RO         3438    i.nrf_gpio_pin_port_decode  nrfx_gpiote.o
    0x0002c1a8   0x0002c1a8   0x00000016   Code   RO         3439    i.nrf_gpio_pin_read  nrfx_gpiote.o
    0x0002c1be   0x0002c1be   0x00000026   Code   RO          431    i.nrf_gpio_pin_write  boards.o
    0x0002c1e4   0x0002c1e4   0x0000002c   Code   RO         3441    i.nrf_gpio_ports_read  nrfx_gpiote.o
    0x0002c210   0x0002c210   0x00000014   Code   RO         3442    i.nrf_gpiote_event_clear  nrfx_gpiote.o
    0x0002c224   0x0002c224   0x00000010   Code   RO         3443    i.nrf_gpiote_event_is_set  nrfx_gpiote.o
    0x0002c234   0x0002c234   0x0000005c   Code   RO         6044    i.nrf_log_backend_add  nrf_log_frontend.o
    0x0002c290   0x0002c290   0x00000002   Code   RO         5881    i.nrf_log_backend_rtt_flush  nrf_log_backend_rtt.o
    0x0002c292   0x0002c292   0x00000004   Code   RO         5882    i.nrf_log_backend_rtt_init  nrf_log_backend_rtt.o
    0x0002c296   0x0002c296   0x00000002   Code   RO         5883    i.nrf_log_backend_rtt_panic_set  nrf_log_backend_rtt.o
    0x0002c298   0x0002c298   0x0000001c   Code   RO         5884    i.nrf_log_backend_rtt_put  nrf_log_backend_rtt.o
    0x0002c2b4   0x0002c2b4   0x000000c8   Code   RO         5950    i.nrf_log_backend_serial_put  nrf_log_backend_serial.o
    0x0002c37c   0x0002c37c   0x00000030   Code   RO         6046    i.nrf_log_color_id_get  nrf_log_frontend.o
    0x0002c3ac   0x0002c3ac   0x0000001c   Code   RO         6002    i.nrf_log_default_backends_init  nrf_log_default_backends.o
    0x0002c3c8   0x0002c3c8   0x00000234   Code   RO         6047    i.nrf_log_frontend_dequeue  nrf_log_frontend.o
    0x0002c5fc   0x0002c5fc   0x00000008   Code   RO         6049    i.nrf_log_frontend_std_0  nrf_log_frontend.o
    0x0002c604   0x0002c604   0x0000000e   Code   RO         6050    i.nrf_log_frontend_std_1  nrf_log_frontend.o
    0x0002c612   0x0002c612   0x00000010   Code   RO         6051    i.nrf_log_frontend_std_2  nrf_log_frontend.o
    0x0002c622   0x0002c622   0x00000012   Code   RO         6052    i.nrf_log_frontend_std_3  nrf_log_frontend.o
    0x0002c634   0x0002c634   0x00000014   Code   RO         6053    i.nrf_log_frontend_std_4  nrf_log_frontend.o
    0x0002c648   0x0002c648   0x000000b0   Code   RO         6224    i.nrf_log_hexdump_entry_process  nrf_log_str_formatter.o
    0x0002c6f8   0x0002c6f8   0x0000003c   Code   RO         6056    i.nrf_log_init      nrf_log_frontend.o
    0x0002c734   0x0002c734   0x00000014   Code   RO         6057    i.nrf_log_module_cnt_get  nrf_log_frontend.o
    0x0002c748   0x0002c748   0x0000001c   Code   RO         6060    i.nrf_log_module_name_get  nrf_log_frontend.o
    0x0002c764   0x0002c764   0x0000002c   Code   RO         6061    i.nrf_log_panic     nrf_log_frontend.o
    0x0002c790   0x0002c790   0x000000b6   Code   RO         6225    i.nrf_log_std_entry_process  nrf_log_str_formatter.o
    0x0002c846   0x0002c846   0x00000060   Code   RO         5574    i.nrf_memobj_alloc  nrf_memobj.o
    0x0002c8a6   0x0002c8a6   0x00000032   Code   RO         5575    i.nrf_memobj_free   nrf_memobj.o
    0x0002c8d8   0x0002c8d8   0x00000008   Code   RO         5576    i.nrf_memobj_get    nrf_memobj.o
    0x0002c8e0   0x0002c8e0   0x00000004   Code   RO         5577    i.nrf_memobj_pool_init  nrf_memobj.o
    0x0002c8e4   0x0002c8e4   0x0000001e   Code   RO         5578    i.nrf_memobj_put    nrf_memobj.o
    0x0002c902   0x0002c902   0x00000010   Code   RO         5579    i.nrf_memobj_read   nrf_memobj.o
    0x0002c912   0x0002c912   0x00000010   Code   RO         5580    i.nrf_memobj_write  nrf_memobj.o
    0x0002c922   0x0002c922   0x00000002   PAD
    0x0002c924   0x0002c924   0x00000028   Code   RO         5652    i.nrf_pwr_mgmt_init  nrf_pwr_mgmt.o
    0x0002c94c   0x0002c94c   0x00000044   Code   RO         5653    i.nrf_pwr_mgmt_run  nrf_pwr_mgmt.o
    0x0002c990   0x0002c990   0x00000004   Code   RO           10    i.nrf_qwr_error_handler  main.o
    0x0002c994   0x0002c994   0x0000001c   Code   RO         5726    i.nrf_ringbuf_init  nrf_ringbuf.o
    0x0002c9b0   0x0002c9b0   0x00000014   Code   RO         6752    i.nrf_sdh_ble_app_ram_start_get  nrf_sdh_ble.o
    0x0002c9c4   0x0002c9c4   0x00000100   Code   RO         6753    i.nrf_sdh_ble_default_cfg_set  nrf_sdh_ble.o
    0x0002cac4   0x0002cac4   0x000001bc   Code   RO         6754    i.nrf_sdh_ble_enable  nrf_sdh_ble.o
    0x0002cc80   0x0002cc80   0x0000005c   Code   RO         6755    i.nrf_sdh_ble_evts_poll  nrf_sdh_ble.o
    0x0002ccdc   0x0002ccdc   0x00000054   Code   RO         6633    i.nrf_sdh_disable_request  nrf_sdh.o
    0x0002cd30   0x0002cd30   0x00000074   Code   RO         6634    i.nrf_sdh_enable_request  nrf_sdh.o
    0x0002cda4   0x0002cda4   0x00000024   Code   RO         6635    i.nrf_sdh_evts_poll  nrf_sdh.o
    0x0002cdc8   0x0002cdc8   0x0000000c   Code   RO         6636    i.nrf_sdh_is_enabled  nrf_sdh.o
    0x0002cdd4   0x0002cdd4   0x0000001c   Code   RO         6638    i.nrf_sdh_request_continue  nrf_sdh.o
    0x0002cdf0   0x0002cdf0   0x0000003c   Code   RO         6811    i.nrf_sdh_soc_evts_poll  nrf_sdh_soc.o
    0x0002ce2c   0x0002ce2c   0x0000000a   Code   RO         5784    i.nrf_section_iter_init  nrf_section_iter.o
    0x0002ce36   0x0002ce36   0x00000024   Code   RO         5785    i.nrf_section_iter_item_set  nrf_section_iter.o
    0x0002ce5a   0x0002ce5a   0x00000020   Code   RO         5786    i.nrf_section_iter_next  nrf_section_iter.o
    0x0002ce7a   0x0002ce7a   0x00000002   PAD
    0x0002ce7c   0x0002ce7c   0x00000038   Code   RO         5819    i.nrf_strerror_find  nrf_strerror.o
    0x0002ceb4   0x0002ceb4   0x00000014   Code   RO         5820    i.nrf_strerror_get  nrf_strerror.o
    0x0002cec8   0x0002cec8   0x0000002c   Code   RO         3297    i.nrfx_clock_enable  nrfx_clock.o
    0x0002cef4   0x0002cef4   0x00000020   Code   RO         3300    i.nrfx_clock_init   nrfx_clock.o
    0x0002cf14   0x0002cf14   0x0000001c   Code   RO         3303    i.nrfx_clock_lfclk_stop  nrfx_clock.o
    0x0002cf30   0x0002cf30   0x00000010   Code   RO         4371    i.nrfx_coredep_delay_us  app_timer.o
    0x0002cf40   0x0002cf40   0x00000098   Code   RO         3448    i.nrfx_gpiote_in_event_enable  nrfx_gpiote.o
    0x0002cfd8   0x0002cfd8   0x000000d4   Code   RO         3449    i.nrfx_gpiote_in_init  nrfx_gpiote.o
    0x0002d0ac   0x0002d0ac   0x0000000e   Code   RO         3450    i.nrfx_gpiote_in_is_set  nrfx_gpiote.o
    0x0002d0ba   0x0002d0ba   0x00000002   PAD
    0x0002d0bc   0x0002d0bc   0x00000070   Code   RO         3452    i.nrfx_gpiote_init  nrfx_gpiote.o
    0x0002d12c   0x0002d12c   0x00000014   Code   RO         3453    i.nrfx_gpiote_is_init  nrfx_gpiote.o
    0x0002d140   0x0002d140   0x00000054   Code   RO           11    i.on_adv_evt        main.o
    0x0002d194   0x0002d194   0x0000001c   Code   RO           12    i.on_conn_params_evt  main.o
    0x0002d1b0   0x0002d1b0   0x000000a8   Code   RO         1738    i.on_connected_evt  nrf_ble_gatt.o
    0x0002d258   0x0002d258   0x000000ac   Code   RO         1739    i.on_exchange_mtu_request_evt  nrf_ble_gatt.o
    0x0002d304   0x0002d304   0x00000024   Code   RO         7272    i.osKernelInitialize  RTX_CM4.lib(rt_cmsis.o)
    0x0002d328   0x0002d328   0x0000006c   Code   RO         7274    i.osKernelStart     RTX_CM4.lib(rt_cmsis.o)
    0x0002d394   0x0002d394   0x00000018   Code   RO         7283    i.osMessageGet      RTX_CM4.lib(rt_cmsis.o)
    0x0002d3ac   0x0002d3ac   0x00000030   Code   RO         7300    i.osThreadCreate    RTX_CM4.lib(rt_cmsis.o)
    0x0002d3dc   0x0002d3dc   0x00000018   Code   RO         7301    i.osThreadExit      RTX_CM4.lib(rt_cmsis.o)
    0x0002d3f4   0x0002d3f4   0x0000000c   Code   RO         7307    i.osTimerCall       RTX_CM4.lib(rt_cmsis.o)
    0x0002d400   0x0002d400   0x0000002c   Code   RO         7312    i.osTimerThread     RTX_CM4.lib(rt_cmsis.o)
    0x0002d42c   0x0002d42c   0x00000002   Code   RO         7063    i.os_error          rtx_conf_cm.o
    0x0002d42e   0x0002d42e   0x00000002   Code   RO         7064    i.os_idle_demon     rtx_conf_cm.o
    0x0002d430   0x0002d430   0x00000028   Code   RO         7977    i.os_tick_init      RTX_CM4.lib(rt_system.o)
    0x0002d458   0x0002d458   0x00000002   Code   RO         7978    i.os_tick_irqack    RTX_CM4.lib(rt_system.o)
    0x0002d45a   0x0002d45a   0x00000002   PAD
    0x0002d45c   0x0002d45c   0x00000024   Code   RO         4654    i.page_identify     fds.o
    0x0002d480   0x0002d480   0x0000001c   Code   RO         4655    i.page_offsets_update  fds.o
    0x0002d49c   0x0002d49c   0x0000006c   Code   RO         4656    i.page_scan         fds.o
    0x0002d508   0x0002d508   0x0000001c   Code   RO         4657    i.page_tag_write_data  fds.o
    0x0002d524   0x0002d524   0x00000024   Code   RO         4658    i.page_tag_write_swap  fds.o
    0x0002d548   0x0002d548   0x0000011c   Code   RO         4659    i.pages_init        fds.o
    0x0002d664   0x0002d664   0x0000000c   Code   RO         2666    i.pairing           security_dispatcher.o
    0x0002d670   0x0002d670   0x00000074   Code   RO         2667    i.pairing_failure   security_dispatcher.o
    0x0002d6e4   0x0002d6e4   0x0000002e   Code   RO         2668    i.pairing_success_evt_send  security_dispatcher.o
    0x0002d712   0x0002d712   0x00000006   Code   RO         2807    i.params_reply_pending_handle  security_manager.o
    0x0002d718   0x0002d718   0x00000028   Code   RO         2808    i.params_req_send   security_manager.o
    0x0002d740   0x0002d740   0x000002f4   Code   RO         6850    i.pc_attn           nn_header.o
    0x0002da34   0x0002da34   0x0000001c   Code   RO         2015    i.pdb_evt_send      peer_database.o
    0x0002da50   0x0002da50   0x00000090   Code   RO         2016    i.pdb_init          peer_database.o
    0x0002dae0   0x0002dae0   0x0000007c   Code   RO         2017    i.pdb_pds_evt_handler  peer_database.o
    0x0002db5c   0x0002db5c   0x00000006   Code   RO         2018    i.pdb_peer_data_ptr_get  peer_database.o
    0x0002db62   0x0002db62   0x00000002   PAD
    0x0002db64   0x0002db64   0x0000008c   Code   RO         2019    i.pdb_peer_free     peer_database.o
    0x0002dbf0   0x0002dbf0   0x000000dc   Code   RO         2020    i.pdb_write_buf_get  peer_database.o
    0x0002dccc   0x0002dccc   0x00000014   Code   RO         2021    i.pdb_write_buf_release  peer_database.o
    0x0002dce0   0x0002dce0   0x00000036   Code   RO         2022    i.pdb_write_buf_store  peer_database.o
    0x0002dd16   0x0002dd16   0x00000002   PAD
    0x0002dd18   0x0002dd18   0x00000010   Code   RO         1874    i.pds_evt_send      peer_data_storage.o
    0x0002dd28   0x0002dd28   0x000000dc   Code   RO         1875    i.pds_init          peer_data_storage.o
    0x0002de04   0x0002de04   0x00000004   Code   RO         1876    i.pds_next_deleted_peer_id_get  peer_data_storage.o
    0x0002de08   0x0002de08   0x00000004   Code   RO         1877    i.pds_next_peer_id_get  peer_data_storage.o
    0x0002de0c   0x0002de0c   0x00000058   Code   RO         1880    i.pds_peer_data_iterate  peer_data_storage.o
    0x0002de64   0x0002de64   0x00000010   Code   RO         1881    i.pds_peer_data_iterate_prepare  peer_data_storage.o
    0x0002de74   0x0002de74   0x00000072   Code   RO         1882    i.pds_peer_data_read  peer_data_storage.o
    0x0002dee6   0x0002dee6   0x00000002   PAD
    0x0002dee8   0x0002dee8   0x000000a0   Code   RO         1883    i.pds_peer_data_store  peer_data_storage.o
    0x0002df88   0x0002df88   0x00000008   Code   RO         1884    i.pds_peer_id_allocate  peer_data_storage.o
    0x0002df90   0x0002df90   0x00000016   Code   RO         1885    i.pds_peer_id_free  peer_data_storage.o
    0x0002dfa6   0x0002dfa6   0x00000004   Code   RO         1886    i.pds_peer_id_is_allocated  peer_data_storage.o
    0x0002dfaa   0x0002dfaa   0x00000002   PAD
    0x0002dfac   0x0002dfac   0x0000009c   Code   RO         1888    i.peer_data_delete_process  peer_data_storage.o
    0x0002e048   0x0002e048   0x00000030   Code   RO         1889    i.peer_data_find    peer_data_storage.o
    0x0002e078   0x0002e078   0x00000024   Code   RO         1890    i.peer_data_id_is_valid  peer_data_storage.o
    0x0002e09c   0x0002e09c   0x0000001a   Code   RO         2023    i.peer_data_point_to_buffer  peer_database.o
    0x0002e0b6   0x0002e0b6   0x00000002   PAD
    0x0002e0b8   0x0002e0b8   0x0000000c   Code   RO         2136    i.peer_id_allocate  peer_id.o
    0x0002e0c4   0x0002e0c4   0x00000024   Code   RO         2137    i.peer_id_delete    peer_id.o
    0x0002e0e8   0x0002e0e8   0x0000001c   Code   RO         2138    i.peer_id_free      peer_id.o
    0x0002e104   0x0002e104   0x0000000c   Code   RO         2139    i.peer_id_get_next_deleted  peer_id.o
    0x0002e110   0x0002e110   0x00000030   Code   RO         2140    i.peer_id_get_next_used  peer_id.o
    0x0002e140   0x0002e140   0x0000000c   Code   RO         2141    i.peer_id_init      peer_id.o
    0x0002e14c   0x0002e14c   0x00000014   Code   RO         2142    i.peer_id_is_allocated  peer_id.o
    0x0002e160   0x0002e160   0x00000014   Code   RO         2143    i.peer_id_is_deleted  peer_id.o
    0x0002e174   0x0002e174   0x0000006c   Code   RO           13    i.peer_manager_init  main.o
    0x0002e1e0   0x0002e1e0   0x00000016   Code   RO          917    i.phy_is_valid      ble_advertising.o
    0x0002e1f6   0x0002e1f6   0x00000002   PAD
    0x0002e1f8   0x0002e1f8   0x00000018   Code   RO         3469    i.pin_in_use_by_port  nrfx_gpiote.o
    0x0002e210   0x0002e210   0x00000018   Code   RO         3470    i.pin_in_use_by_te  nrfx_gpiote.o
    0x0002e228   0x0002e228   0x00000064   Code   RO         2613    i.pm_buffer_block_acquire  pm_buffer.o
    0x0002e28c   0x0002e28c   0x00000024   Code   RO         2614    i.pm_buffer_init    pm_buffer.o
    0x0002e2b0   0x0002e2b0   0x00000028   Code   RO         2615    i.pm_buffer_ptr_get  pm_buffer.o
    0x0002e2d8   0x0002e2d8   0x00000032   Code   RO         2616    i.pm_buffer_release  pm_buffer.o
    0x0002e30a   0x0002e30a   0x00000002   PAD
    0x0002e30c   0x0002e30c   0x00000078   Code   RO         2230    i.pm_conn_sec_status_get  peer_manager.o
    0x0002e384   0x0002e384   0x0000001c   Code   RO         2231    i.pm_conn_secure    peer_manager.o
    0x0002e3a0   0x0002e3a0   0x00000020   Code   RO           14    i.pm_evt_handler    main.o
    0x0002e3c0   0x0002e3c0   0x00000004   Code   RO         2233    i.pm_gcm_evt_handler  peer_manager.o
    0x0002e3c4   0x0002e3c4   0x00000004   Code   RO         2234    i.pm_gscm_evt_handler  peer_manager.o
    0x0002e3c8   0x0002e3c8   0x00000210   Code   RO         2527    i.pm_handler_flash_clean  peer_manager_handler.o
    0x0002e5d8   0x0002e5d8   0x0000001c   Code   RO         2528    i.pm_handler_flash_clean_on_return  peer_manager_handler.o
    0x0002e5f4   0x0002e5f4   0x00000054   Code   RO         2529    i.pm_handler_on_pm_evt  peer_manager_handler.o
    0x0002e648   0x0002e648   0x000002dc   Code   RO         2530    i.pm_handler_pm_evt_log  peer_manager_handler.o
    0x0002e924   0x0002e924   0x00000004   Code   RO         2237    i.pm_im_evt_handler  peer_manager.o
    0x0002e928   0x0002e928   0x000001bc   Code   RO         2238    i.pm_init           peer_manager.o
    0x0002eae4   0x0002eae4   0x00000120   Code   RO         2242    i.pm_pdb_evt_handler  peer_manager.o
    0x0002ec04   0x0002ec04   0x00000014   Code   RO         2253    i.pm_peer_delete    peer_manager.o
    0x0002ec18   0x0002ec18   0x0000011c   Code   RO         2257    i.pm_peer_rank_highest  peer_manager.o
    0x0002ed34   0x0002ed34   0x000000ec   Code   RO         2258    i.pm_peer_ranks_get  peer_manager.o
    0x0002ee20   0x0002ee20   0x00000094   Code   RO         2259    i.pm_peers_delete   peer_manager.o
    0x0002eeb4   0x0002eeb4   0x0000002c   Code   RO         2262    i.pm_register       peer_manager.o
    0x0002eee0   0x0002eee0   0x00000014   Code   RO         2263    i.pm_sec_params_set  peer_manager.o
    0x0002eef4   0x0002eef4   0x0000000a   Code   RO         2264    i.pm_sm_evt_handler  peer_manager.o
    0x0002eefe   0x0002eefe   0x00000002   PAD
    0x0002ef00   0x0002ef00   0x0000003c   Code   RO         6227    i.postfix_process   nrf_log_str_formatter.o
    0x0002ef3c   0x0002ef3c   0x00000098   Code   RO         6228    i.prefix_process    nrf_log_str_formatter.o
    0x0002efd4   0x0002efd4   0x0000001c   Code   RO         4660    i.queue_buf_get     fds.o
    0x0002eff0   0x0002eff0   0x00000010   Code   RO         4661    i.queue_buf_store   fds.o
    0x0002f000   0x0002f000   0x00000014   Code   RO         5468    i.queue_free        nrf_fstorage_sd.o
    0x0002f014   0x0002f014   0x000000a0   Code   RO         4662    i.queue_process     fds.o
    0x0002f0b4   0x0002f0b4   0x000000a0   Code   RO         5469    i.queue_process     nrf_fstorage_sd.o
    0x0002f154   0x0002f154   0x0000001c   Code   RO         4663    i.queue_start       fds.o
    0x0002f170   0x0002f170   0x00000024   Code   RO         5470    i.queue_start       nrf_fstorage_sd.o
    0x0002f194   0x0002f194   0x00000010   Code   RO         6756    i.ram_end_address_get  nrf_sdh_ble.o
    0x0002f1a4   0x0002f1a4   0x0000001c   Code   RO         2533    i.rank_highest      peer_manager_handler.o
    0x0002f1c0   0x0002f1c0   0x00000028   Code   RO         2267    i.rank_vars_update  peer_manager.o
    0x0002f1e8   0x0002f1e8   0x0000000e   Code   RO         5471    i.read              nrf_fstorage_sd.o
    0x0002f1f6   0x0002f1f6   0x00000002   PAD
    0x0002f1f8   0x0002f1f8   0x000000b0   Code   RO         2024    i.reattempt_previous_operations  peer_database.o
    0x0002f2a8   0x0002f2a8   0x00000088   Code   RO         4664    i.record_find       fds.o
    0x0002f330   0x0002f330   0x000000a0   Code   RO         4665    i.record_find_by_desc  fds.o
    0x0002f3d0   0x0002f3d0   0x0000005c   Code   RO         4666    i.record_find_next  fds.o
    0x0002f42c   0x0002f42c   0x00000038   Code   RO         4667    i.record_header_flag_dirty  fds.o
    0x0002f464   0x0002f464   0x00000010   Code   RO         2145    i.release           peer_id.o
    0x0002f474   0x0002f474   0x0000002c   Code   RO         6852    i.relu              nn_header.o
    0x0002f4a0   0x0002f4a0   0x00000004   Code   RO         5472    i.rmap              nrf_fstorage_sd.o
    0x0002f4a4   0x0002f4a4   0x0000001a   Code   RO         8344    i.rt_alloc_box      RTX_CM4.lib(rt_membox.o)
    0x0002f4be   0x0002f4be   0x0000003e   Code   RO         8372    i.rt_alloc_mem      RTX_CM4.lib(rt_memory.o)
    0x0002f4fc   0x0002f4fc   0x00000038   Code   RO         7892    i.rt_block          RTX_CM4.lib(rt_task.o)
    0x0002f534   0x0002f534   0x00000048   Code   RO         8449    i.rt_chk_robin      RTX_CM4.lib(rt_robin.o)
    0x0002f57c   0x0002f57c   0x00000070   Code   RO         8113    i.rt_dec_dly        RTX_CM4.lib(rt_list.o)
    0x0002f5ec   0x0002f5ec   0x00000044   Code   RO         7893    i.rt_dispatch       RTX_CM4.lib(rt_task.o)
    0x0002f630   0x0002f630   0x00000050   Code   RO         8070    i.rt_evt_psh        RTX_CM4.lib(rt_event.o)
    0x0002f680   0x0002f680   0x0000002c   Code   RO         8345    i.rt_free_box       RTX_CM4.lib(rt_membox.o)
    0x0002f6ac   0x0002f6ac   0x00000028   Code   RO         8373    i.rt_free_mem       RTX_CM4.lib(rt_memory.o)
    0x0002f6d4   0x0002f6d4   0x00000028   Code   RO         8114    i.rt_get_first      RTX_CM4.lib(rt_list.o)
    0x0002f6fc   0x0002f6fc   0x00000008   Code   RO         7317    i.rt_id2obj         RTX_CM4.lib(rt_cmsis.o)
    0x0002f704   0x0002f704   0x00000048   Code   RO         7894    i.rt_init_context   RTX_CM4.lib(rt_task.o)
    0x0002f74c   0x0002f74c   0x0000001a   Code   RO         8374    i.rt_init_mem       RTX_CM4.lib(rt_memory.o)
    0x0002f766   0x0002f766   0x00000002   PAD
    0x0002f768   0x0002f768   0x00000018   Code   RO         8450    i.rt_init_robin     RTX_CM4.lib(rt_robin.o)
    0x0002f780   0x0002f780   0x00000080   Code   RO         8399    i.rt_init_stack     RTX_CM4.lib(hal_cm.o)
    0x0002f800   0x0002f800   0x00000008   Code   RO         8191    i.rt_mbx_check      RTX_CM4.lib(rt_mailbox.o)
    0x0002f808   0x0002f808   0x0000001a   Code   RO         8192    i.rt_mbx_init       RTX_CM4.lib(rt_mailbox.o)
    0x0002f822   0x0002f822   0x00000002   PAD
    0x0002f824   0x0002f824   0x000000f0   Code   RO         8193    i.rt_mbx_psh        RTX_CM4.lib(rt_mailbox.o)
    0x0002f914   0x0002f914   0x000000b4   Code   RO         8195    i.rt_mbx_wait       RTX_CM4.lib(rt_mailbox.o)
    0x0002f9c8   0x0002f9c8   0x00000044   Code   RO         7318    i.rt_ms2tick        RTX_CM4.lib(rt_cmsis.o)
    0x0002fa0c   0x0002fa0c   0x0000007c   Code   RO         7981    i.rt_pop_req        RTX_CM4.lib(rt_system.o)
    0x0002fa88   0x0002fa88   0x00000020   Code   RO         7982    i.rt_psh_req        RTX_CM4.lib(rt_system.o)
    0x0002faa8   0x0002faa8   0x0000005c   Code   RO         8116    i.rt_psq_enq        RTX_CM4.lib(rt_list.o)
    0x0002fb04   0x0002fb04   0x00000048   Code   RO         8117    i.rt_put_dly        RTX_CM4.lib(rt_list.o)
    0x0002fb4c   0x0002fb4c   0x00000036   Code   RO         8118    i.rt_put_prio       RTX_CM4.lib(rt_list.o)
    0x0002fb82   0x0002fb82   0x00000002   PAD
    0x0002fb84   0x0002fb84   0x00000014   Code   RO         8119    i.rt_put_rdy_first  RTX_CM4.lib(rt_list.o)
    0x0002fb98   0x0002fb98   0x00000034   Code   RO         8120    i.rt_resort_prio    RTX_CM4.lib(rt_list.o)
    0x0002fbcc   0x0002fbcc   0x00000010   Code   RO         8400    i.rt_ret_regs       RTX_CM4.lib(hal_cm.o)
    0x0002fbdc   0x0002fbdc   0x0000000c   Code   RO         8401    i.rt_ret_val        RTX_CM4.lib(hal_cm.o)
    0x0002fbe8   0x0002fbe8   0x00000010   Code   RO         8402    i.rt_ret_val2       RTX_CM4.lib(hal_cm.o)
    0x0002fbf8   0x0002fbf8   0x00000028   Code   RO         8121    i.rt_rmv_dly        RTX_CM4.lib(rt_list.o)
    0x0002fc20   0x0002fc20   0x00000030   Code   RO         8122    i.rt_rmv_list       RTX_CM4.lib(rt_list.o)
    0x0002fc50   0x0002fc50   0x00000034   Code   RO         8240    i.rt_sem_psh        RTX_CM4.lib(rt_semaphore.o)
    0x0002fc84   0x0002fc84   0x00000024   Code   RO         7984    i.rt_stk_check      RTX_CM4.lib(rt_system.o)
    0x0002fca8   0x0002fca8   0x00000028   Code   RO         7895    i.rt_switch_req     RTX_CM4.lib(rt_task.o)
    0x0002fcd0   0x0002fcd0   0x000000cc   Code   RO         7896    i.rt_sys_init       RTX_CM4.lib(rt_task.o)
    0x0002fd9c   0x0002fd9c   0x00000078   Code   RO         7897    i.rt_sys_start      RTX_CM4.lib(rt_task.o)
    0x0002fe14   0x0002fe14   0x00000040   Code   RO         7986    i.rt_systick        RTX_CM4.lib(rt_system.o)
    0x0002fe54   0x0002fe54   0x00000012   Code   RO         7319    i.rt_tid2ptcb       RTX_CM4.lib(rt_cmsis.o)
    0x0002fe66   0x0002fe66   0x00000002   PAD
    0x0002fe68   0x0002fe68   0x00000034   Code   RO         7320    i.rt_timer_insert   RTX_CM4.lib(rt_cmsis.o)
    0x0002fe9c   0x0002fe9c   0x00000088   Code   RO         7898    i.rt_tsk_create     RTX_CM4.lib(rt_task.o)
    0x0002ff24   0x0002ff24   0x0000017c   Code   RO         7899    i.rt_tsk_delete     RTX_CM4.lib(rt_task.o)
    0x000300a0   0x000300a0   0x0000007c   Code   RO         7901    i.rt_tsk_prio       RTX_CM4.lib(rt_task.o)
    0x0003011c   0x0003011c   0x00000010   Code   RO         7902    i.rt_tsk_self       RTX_CM4.lib(rt_task.o)
    0x0003012c   0x0003012c   0x0000003c   Code   RO         4372    i.rtc1_stop         app_timer.o
    0x00030168   0x00030168   0x00000024   Code   RO         1308    i.sc_send_pending_handle  gatt_cache_manager.o
    0x0003018c   0x0003018c   0x00000050   Code   RO         2968    i.sd_state_evt_handler  nrf_drv_clock.o
    0x000301dc   0x000301dc   0x00000030   Code   RO         6641    i.sdh_request_observer_notify  nrf_sdh.o
    0x0003020c   0x0003020c   0x0000002c   Code   RO         6642    i.sdh_state_observer_notify  nrf_sdh.o
    0x00030238   0x00030238   0x000000d8   Code   RO         2669    i.sec_info_request_process  security_dispatcher.o
    0x00030310   0x00030310   0x000000f4   Code   RO         2670    i.sec_keyset_fill   security_dispatcher.o
    0x00030404   0x00030404   0x00000076   Code   RO         2809    i.sec_params_verify  security_manager.o
    0x0003047a   0x0003047a   0x00000002   PAD
    0x0003047c   0x0003047c   0x00000060   Code   RO         2671    i.sec_proc_start    security_dispatcher.o
    0x000304dc   0x000304dc   0x00000022   Code   RO         2672    i.send_config_req   security_dispatcher.o
    0x000304fe   0x000304fe   0x00000002   PAD
    0x00030500   0x00030500   0x00000010   Code   RO         1006    i.send_error_evt    ble_conn_params.o
    0x00030510   0x00030510   0x00000028   Code   RO         1309    i.send_unexpected_error  gatt_cache_manager.o
    0x00030538   0x00030538   0x00000028   Code   RO         2673    i.send_unexpected_error  security_dispatcher.o
    0x00030560   0x00030560   0x00000050   Code   RO         5885    i.serial_tx         nrf_log_backend_rtt.o
    0x000305b0   0x000305b0   0x00000070   Code   RO         1310    i.service_changed_cccd  gatt_cache_manager.o
    0x00030620   0x00030620   0x00000014   Code   RO         1311    i.service_changed_pending_flags_check  gatt_cache_manager.o
    0x00030634   0x00030634   0x00000094   Code   RO         1474    i.service_changed_pending_set  gatts_cache_manager.o
    0x000306c8   0x000306c8   0x00000104   Code   RO         1312    i.service_changed_send_in_evt  gatt_cache_manager.o
    0x000307cc   0x000307cc   0x00000088   Code   RO          810    i.service_data_encode  ble_advdata.o
    0x00030854   0x00030854   0x00000046   Code   RO         6853    i.sigmoid           nn_header.o
    0x0003089a   0x0003089a   0x00000028   Code   RO           15    i.sleep_mode_enter  main.o
    0x000308c2   0x000308c2   0x00000002   PAD
    0x000308c4   0x000308c4   0x0000002c   Code   RO         2810    i.sm_ble_evt_handler  security_manager.o
    0x000308f0   0x000308f0   0x00000058   Code   RO         2812    i.sm_init           security_manager.o
    0x00030948   0x00030948   0x0000000a   Code   RO         2814    i.sm_link_secure    security_manager.o
    0x00030952   0x00030952   0x00000002   PAD
    0x00030954   0x00030954   0x00000044   Code   RO         2815    i.sm_pdb_evt_handler  security_manager.o
    0x00030998   0x00030998   0x00000034   Code   RO         2817    i.sm_sec_params_set  security_manager.o
    0x000309cc   0x000309cc   0x00000060   Code   RO         2818    i.sm_smd_evt_handler  security_manager.o
    0x00030a2c   0x00030a2c   0x000000f4   Code   RO         2674    i.smd_ble_evt_handler  security_dispatcher.o
    0x00030b20   0x00030b20   0x00000068   Code   RO         2676    i.smd_init          security_dispatcher.o
    0x00030b88   0x00030b88   0x00000028   Code   RO         2677    i.smd_link_secure   security_dispatcher.o
    0x00030bb0   0x00030bb0   0x000000b0   Code   RO         2678    i.smd_params_reply  security_dispatcher.o
    0x00030c60   0x00030c60   0x00000040   Code   RO         2819    i.smd_params_reply_perform  security_manager.o
    0x00030ca0   0x00030ca0   0x00000018   Code   RO         2969    i.soc_evt_handler   nrf_drv_clock.o
    0x00030cb8   0x00030cb8   0x00000038   Code   RO         6643    i.softdevice_evt_irq_disable  nrf_sdh.o
    0x00030cf0   0x00030cf0   0x00000058   Code   RO         6644    i.softdevices_evt_irq_enable  nrf_sdh.o
    0x00030d48   0x00030d48   0x0000008c   Code   RO         6063    i.std_n             nrf_log_frontend.o
    0x00030dd4   0x00030dd4   0x0000006c   Code   RO         1313    i.store_car_value   gatt_cache_manager.o
    0x00030e40   0x00030e40   0x00000070   Code   RO         7323    i.svcKernelInitialize  RTX_CM4.lib(rt_cmsis.o)
    0x00030eb0   0x00030eb0   0x00000048   Code   RO         7325    i.svcKernelStart    RTX_CM4.lib(rt_cmsis.o)
    0x00030ef8   0x00030ef8   0x00000024   Code   RO         7328    i.svcMessageCreate  RTX_CM4.lib(rt_cmsis.o)
    0x00030f1c   0x00030f1c   0x0000003a   Code   RO         7329    i.svcMessageGet     RTX_CM4.lib(rt_cmsis.o)
    0x00030f56   0x00030f56   0x00000002   PAD
    0x00030f58   0x00030f58   0x00000070   Code   RO         7343    i.svcThreadCreate   RTX_CM4.lib(rt_cmsis.o)
    0x00030fc8   0x00030fc8   0x0000001c   Code   RO         7344    i.svcThreadGetId    RTX_CM4.lib(rt_cmsis.o)
    0x00030fe4   0x00030fe4   0x00000038   Code   RO         7347    i.svcThreadTerminate  RTX_CM4.lib(rt_cmsis.o)
    0x0003101c   0x0003101c   0x00000018   Code   RO         7349    i.svcTimerCall      RTX_CM4.lib(rt_cmsis.o)
    0x00031034   0x00031034   0x0000005c   Code   RO         7358    i.sysTimerTick      RTX_CM4.lib(rt_cmsis.o)
    0x00031090   0x00031090   0x00000080   Code   RO         4373    i.timer_list_handler  app_timer.o
    0x00031110   0x00031110   0x0000003c   Code   RO         4374    i.timer_list_insert  app_timer.o
    0x0003114c   0x0003114c   0x00000060   Code   RO         4375    i.timer_list_remove  app_timer.o
    0x000311ac   0x000311ac   0x00000048   Code   RO         4376    i.timer_stop_op_schedule  app_timer.o
    0x000311f4   0x000311f4   0x00000074   Code   RO         4377    i.timer_timeouts_check  app_timer.o
    0x00031268   0x00031268   0x0000000a   Code   RO          811    i.uint16_encode     ble_advdata.o
    0x00031272   0x00031272   0x00000002   PAD
    0x00031274   0x00031274   0x00000020   Code   RO         5473    i.uninit            nrf_fstorage_sd.o
    0x00031294   0x00031294   0x000000b4   Code   RO         5337    i.unsigned_print    nrf_fprintf_format.o
    0x00031348   0x00031348   0x00000030   Code   RO         1314    i.update_pending_flags_check  gatt_cache_manager.o
    0x00031378   0x00031378   0x00000068   Code   RO         1007    i.update_timeout_handler  ble_conn_params.o
    0x000313e0   0x000313e0   0x00000018   Code   RO          918    i.use_whitelist     ble_advertising.o
    0x000313f8   0x000313f8   0x0000000c   Code   RO         1092    i.user_flag_is_acquired  ble_conn_state.o
    0x00031404   0x00031404   0x00000024   Code   RO         1834    i.user_mem_reply    nrf_ble_qwr.o
    0x00031428   0x00031428   0x00000030   Code   RO         4378    i.user_op_alloc     app_timer.o
    0x00031458   0x00031458   0x00000030   Code   RO          812    i.uuid_list_encode  ble_advdata.o
    0x00031488   0x00031488   0x0000009e   Code   RO          813    i.uuid_list_sized_encode  ble_advdata.o
    0x00031526   0x00031526   0x00000002   PAD
    0x00031528   0x00031528   0x0000004c   Code   RO          572    i.wakeup_button_cfg  bsp.o
    0x00031574   0x00031574   0x00000004   Code   RO         5474    i.wmap              nrf_fstorage_sd.o
    0x00031578   0x00031578   0x00000050   Code   RO         5475    i.write             nrf_fstorage_sd.o
    0x000315c8   0x000315c8   0x0000014c   Code   RO         2025    i.write_buf_store   peer_database.o
    0x00031714   0x00031714   0x00000034   Code   RO         2026    i.write_buffer_record_find  peer_database.o
    0x00031748   0x00031748   0x00000030   Code   RO         2027    i.write_buffer_record_find_next  peer_database.o
    0x00031778   0x00031778   0x0000001c   Code   RO         2028    i.write_buffer_record_invalidate  peer_database.o
    0x00031794   0x00031794   0x0000002c   Code   RO         2029    i.write_buffer_record_release  peer_database.o
    0x000317c0   0x000317c0   0x000000e8   Code   RO         4669    i.write_enqueue     fds.o
    0x000318a8   0x000318a8   0x000000f4   Code   RO         4670    i.write_execute     fds.o
    0x0003199c   0x0003199c   0x00000018   Code   RO         4671    i.write_space_free  fds.o
    0x000319b4   0x000319b4   0x0000005c   Code   RO         4672    i.write_space_reserve  fds.o
    0x00031a10   0x00031a10   0x00000008   Data   RO          432    .constdata          boards.o
    0x00031a18   0x00031a18   0x0000002c   Data   RO          577    .constdata          bsp.o
    0x00031a44   0x00031a44   0x0000007c   Data   RO         1315    .constdata          gatt_cache_manager.o
    0x00031ac0   0x00031ac0   0x00000004   Data   RO         1475    .constdata          gatts_cache_manager.o
    0x00031ac4   0x00031ac4   0x00000010   Data   RO         1476    .constdata          gatts_cache_manager.o
    0x00031ad4   0x00031ad4   0x00000004   Data   RO         1477    .constdata          gatts_cache_manager.o
    0x00031ad8   0x00031ad8   0x00000008   Data   RO         1584    .constdata          id_manager.o
    0x00031ae0   0x00031ae0   0x00000016   Data   RO         1740    .constdata          nrf_ble_gatt.o
    0x00031af6   0x00031af6   0x00000002   PAD
    0x00031af8   0x00031af8   0x0000001c   Data   RO         1891    .constdata          peer_data_storage.o
    0x00031b14   0x00031b14   0x00000010   Data   RO         2031    .constdata          peer_database.o
    0x00031b24   0x00031b24   0x0000002c   Data   RO         2269    .constdata          peer_manager.o
    0x00031b50   0x00031b50   0x00000018   Data   RO         2534    .constdata          peer_manager_handler.o
    0x00031b68   0x00031b68   0x0000008c   Data   RO         2680    .constdata          security_dispatcher.o
    0x00031bf4   0x00031bf4   0x00000004   Data   RO         2820    .constdata          security_manager.o
    0x00031bf8   0x00031bf8   0x00000008   Data   RO         3472    .constdata          nrfx_gpiote.o
    0x00031c00   0x00031c00   0x00000008   Data   RO         4141    .constdata          app_button.o
    0x00031c08   0x00031c08   0x00000008   PAD
    0x00031c10   0x00031c10   0x00000006   Data   RO         4380    .constdata          app_timer.o
    0x00031c16   0x00031c16   0x00000002   PAD
    0x00031c18   0x00031c18   0x00000018   Data   RO         4675    .constdata          fds.o
    0x00031c30   0x00031c30   0x00000010   Data   RO         5338    .constdata          nrf_fprintf_format.o
    0x00031c40   0x00031c40   0x0000005e   Data   RO         5384    .constdata          nrf_fstorage.o
    0x00031c9e   0x00031c9e   0x00000002   PAD
    0x00031ca0   0x00031ca0   0x00000010   Data   RO         5478    .constdata          nrf_fstorage_sd.o
    0x00031cb0   0x00031cb0   0x00000020   Data   RO         5479    .constdata          nrf_fstorage_sd.o
    0x00031cd0   0x00031cd0   0x00000018   Data   RO         5657    .constdata          nrf_pwr_mgmt.o
    0x00031ce8   0x00031ce8   0x0000000c   Data   RO         5658    .constdata          nrf_pwr_mgmt.o
    0x00031cf4   0x00031cf4   0x0000013c   Data   RO         5821    .constdata          nrf_strerror.o
    0x00031e30   0x00031e30   0x0000000c   Data   RO         5887    .constdata          nrf_log_backend_rtt.o
    0x00031e3c   0x00031e3c   0x00000004   PAD
    0x00031e40   0x00031e40   0x00000006   Data   RO         5888    .constdata          nrf_log_backend_rtt.o
    0x00031e46   0x00031e46   0x00000002   PAD
    0x00031e48   0x00031e48   0x0000000c   Data   RO         6068    .constdata          nrf_log_frontend.o
    0x00031e54   0x00031e54   0x00000010   Data   RO         6645    .constdata          nrf_sdh.o
    0x00031e64   0x00031e64   0x00000028   Data   RO         6646    .constdata          nrf_sdh.o
    0x00031e8c   0x00031e8c   0x00000010   Data   RO         6647    .constdata          nrf_sdh.o
    0x00031e9c   0x00031e9c   0x00000010   Data   RO         6648    .constdata          nrf_sdh.o
    0x00031eac   0x00031eac   0x00000020   Data   RO         6757    .constdata          nrf_sdh_ble.o
    0x00031ecc   0x00031ecc   0x00000010   Data   RO         6758    .constdata          nrf_sdh_ble.o
    0x00031edc   0x00031edc   0x00000010   Data   RO         6812    .constdata          nrf_sdh_soc.o
    0x00031eec   0x00031eec   0x0000000c   Data   RO         6813    .constdata          nrf_sdh_soc.o
    0x00031ef8   0x00031ef8   0x00003098   Data   RO         6855    .constdata          nn_header.o
    0x00034f90   0x00034f90   0x00001800   Data   RO         6868    .constdata          nn_header.o
    0x00036790   0x00036790   0x00000080   Data   RO         6869    .constdata          nn_header.o
    0x00036810   0x00036810   0x00000800   Data   RO         6870    .constdata          nn_header.o
    0x00037010   0x00037010   0x00000040   Data   RO         6871    .constdata          nn_header.o
    0x00037050   0x00037050   0x00000600   Data   RO         6872    .constdata          nn_header.o
    0x00037650   0x00037650   0x00000060   Data   RO         6873    .constdata          nn_header.o
    0x000376b0   0x000376b0   0x00000c00   Data   RO         6874    .constdata          nn_header.o
    0x000382b0   0x000382b0   0x00000080   Data   RO         6875    .constdata          nn_header.o
    0x00038330   0x00038330   0x00000c00   Data   RO         6876    .constdata          nn_header.o
    0x00038f30   0x00038f30   0x00000080   Data   RO         6877    .constdata          nn_header.o
    0x00038fb0   0x00038fb0   0x00000800   Data   RO         6878    .constdata          nn_header.o
    0x000397b0   0x000397b0   0x00000040   Data   RO         6879    .constdata          nn_header.o
    0x000397f0   0x000397f0   0x00000800   Data   RO         6880    .constdata          nn_header.o
    0x00039ff0   0x00039ff0   0x00000040   Data   RO         6881    .constdata          nn_header.o
    0x0003a030   0x0003a030   0x00000600   Data   RO         6882    .constdata          nn_header.o
    0x0003a630   0x0003a630   0x00000060   Data   RO         6883    .constdata          nn_header.o
    0x0003a690   0x0003a690   0x00000600   Data   RO         6884    .constdata          nn_header.o
    0x0003ac90   0x0003ac90   0x00000060   Data   RO         6885    .constdata          nn_header.o
    0x0003acf0   0x0003acf0   0x00000002   Data   RO         7071    .constdata          rtx_conf_cm.o
    0x0003acf2   0x0003acf2   0x00000002   PAD
    0x0003acf4   0x0003acf4   0x00000004   Data   RO         7072    .constdata          rtx_conf_cm.o
    0x0003acf8   0x0003acf8   0x00000004   Data   RO         7073    .constdata          rtx_conf_cm.o
    0x0003acfc   0x0003acfc   0x00000004   Data   RO         7077    .constdata          rtx_conf_cm.o
    0x0003ad00   0x0003ad00   0x00000001   Data   RO         7078    .constdata          rtx_conf_cm.o
    0x0003ad01   0x0003ad01   0x00000003   PAD
    0x0003ad04   0x0003ad04   0x00000010   Data   RO         7079    .constdata          rtx_conf_cm.o
    0x0003ad14   0x0003ad14   0x00000002   Data   RO         7080    .constdata          rtx_conf_cm.o
    0x0003ad16   0x0003ad16   0x00000002   PAD
    0x0003ad18   0x0003ad18   0x00000004   Data   RO         7081    .constdata          rtx_conf_cm.o
    0x0003ad1c   0x0003ad1c   0x00000004   Data   RO         7082    .constdata          rtx_conf_cm.o
    0x0003ad20   0x0003ad20   0x00000001   Data   RO         7083    .constdata          rtx_conf_cm.o
    0x0003ad21   0x0003ad21   0x00000003   PAD
    0x0003ad24   0x0003ad24   0x00000010   Data   RO         7084    .constdata          rtx_conf_cm.o
    0x0003ad34   0x0003ad34   0x00000008   Data   RO         7085    .constdata          rtx_conf_cm.o
    0x0003ad3c   0x0003ad3c   0x00000002   Data   RO         7086    .constdata          rtx_conf_cm.o
    0x0003ad3e   0x0003ad3e   0x00000002   PAD
    0x0003ad40   0x0003ad40   0x00000030   Data   RO         8486    .constdata          m_wm.l(expf.o)
    0x0003ad70   0x0003ad70   0x00000081   Data   RO         8522    .constdata          mc_w.l(ctype_o.o)
    0x0003adf1   0x0003adf1   0x00000003   PAD
    0x0003adf4   0x0003adf4   0x00000004   Data   RO         8523    .constdata          mc_w.l(ctype_o.o)
    0x0003adf8   0x0003adf8   0x000001a4   Data   RO         1316    .conststring        gatt_cache_manager.o
    0x0003af9c   0x0003af9c   0x0000019c   Data   RO         1478    .conststring        gatts_cache_manager.o
    0x0003b138   0x0003b138   0x000000a2   Data   RO         1741    .conststring        nrf_ble_gatt.o
    0x0003b1da   0x0003b1da   0x00000002   PAD
    0x0003b1dc   0x0003b1dc   0x000000e8   Data   RO         1892    .conststring        peer_data_storage.o
    0x0003b2c4   0x0003b2c4   0x00000180   Data   RO         2032    .conststring        peer_database.o
    0x0003b444   0x0003b444   0x00000090   Data   RO         2270    .conststring        peer_manager.o
    0x0003b4d4   0x0003b4d4   0x000002ca   Data   RO         2535    .conststring        peer_manager_handler.o
    0x0003b79e   0x0003b79e   0x00000002   PAD
    0x0003b7a0   0x0003b7a0   0x000002b2   Data   RO         2681    .conststring        security_dispatcher.o
    0x0003ba52   0x0003ba52   0x00000002   PAD
    0x0003ba54   0x0003ba54   0x0000017b   Data   RO         2821    .conststring        security_manager.o
    0x0003bbcf   0x0003bbcf   0x00000001   PAD
    0x0003bbd0   0x0003bbd0   0x0000004f   Data   RO         5385    .conststring        nrf_fstorage.o
    0x0003bc1f   0x0003bc1f   0x00000001   PAD
    0x0003bc20   0x0003bc20   0x000003eb   Data   RO         5822    .conststring        nrf_strerror.o
    0x0003c00b   0x0003c00b   0x00000001   PAD
    0x0003c00c   0x0003c00c   0x00000066   Data   RO         6229    .conststring        nrf_log_str_formatter.o
    0x0003c072   0x0003c072   0x00000002   PAD
    0x0003c074   0x0003c074   0x00000188   Data   RO         6759    .conststring        nrf_sdh_ble.o
    0x0003c1fc   0x0003c1fc   0x00000011   Data   RO         1317    .conststrlit        gatt_cache_manager.o
    0x0003c20d   0x0003c20d   0x00000003   PAD
    0x0003c210   0x0003c210   0x00000012   Data   RO         1479    .conststrlit        gatts_cache_manager.o
    0x0003c222   0x0003c222   0x00000002   PAD
    0x0003c224   0x0003c224   0x00000010   Data   RO         1586    .conststrlit        id_manager.o
    0x0003c234   0x0003c234   0x0000000d   Data   RO         1742    .conststrlit        nrf_ble_gatt.o
    0x0003c241   0x0003c241   0x00000003   PAD
    0x0003c244   0x0003c244   0x00000011   Data   RO         1893    .conststrlit        peer_data_storage.o
    0x0003c255   0x0003c255   0x00000003   PAD
    0x0003c258   0x0003c258   0x00000011   Data   RO         2033    .conststrlit        peer_database.o
    0x0003c269   0x0003c269   0x00000003   PAD
    0x0003c26c   0x0003c26c   0x0000000d   Data   RO         2271    .conststrlit        peer_manager.o
    0x0003c279   0x0003c279   0x00000003   PAD
    0x0003c27c   0x0003c27c   0x00000015   Data   RO         2537    .conststrlit        peer_manager_handler.o
    0x0003c291   0x0003c291   0x00000003   PAD
    0x0003c294   0x0003c294   0x00000011   Data   RO         2682    .conststrlit        security_dispatcher.o
    0x0003c2a5   0x0003c2a5   0x00000003   PAD
    0x0003c2a8   0x0003c2a8   0x00000010   Data   RO         2822    .conststrlit        security_manager.o
    0x0003c2b8   0x0003c2b8   0x00000006   Data   RO         2975    .conststrlit        nrf_drv_clock.o
    0x0003c2be   0x0003c2be   0x00000002   PAD
    0x0003c2c0   0x0003c2c0   0x00000006   Data   RO         3307    .conststrlit        nrfx_clock.o
    0x0003c2c6   0x0003c2c6   0x00000002   PAD
    0x0003c2c8   0x0003c2c8   0x00000007   Data   RO         3476    .conststrlit        nrfx_gpiote.o
    0x0003c2cf   0x0003c2cf   0x00000001   PAD
    0x0003c2d0   0x0003c2d0   0x00000004   Data   RO         3722    .conststrlit        nrfx_prs.o
    0x0003c2d4   0x0003c2d4   0x00000005   Data   RO         3804    .conststrlit        nrfx_uart.o
    0x0003c2d9   0x0003c2d9   0x00000003   PAD
    0x0003c2dc   0x0003c2dc   0x00000006   Data   RO         3997    .conststrlit        nrfx_uarte.o
    0x0003c2e2   0x0003c2e2   0x00000002   PAD
    0x0003c2e4   0x0003c2e4   0x0000000d   Data   RO         5386    .conststrlit        nrf_fstorage.o
    0x0003c2f1   0x0003c2f1   0x00000003   PAD
    0x0003c2f4   0x0003c2f4   0x00000009   Data   RO         5659    .conststrlit        nrf_pwr_mgmt.o
    0x0003c2fd   0x0003c2fd   0x00000003   PAD
    0x0003c300   0x0003c300   0x00000010   Data   RO         6003    .conststrlit        nrf_log_default_backends.o
    0x0003c310   0x0003c310   0x00000004   Data   RO         6069    .conststrlit        nrf_log_frontend.o
    0x0003c314   0x0003c314   0x00000008   Data   RO         6649    .conststrlit        nrf_sdh.o
    0x0003c31c   0x0003c31c   0x0000000c   Data   RO         6760    .conststrlit        nrf_sdh_ble.o
    0x0003c328   0x0003c328   0x0000000c   Data   RO         6814    .conststrlit        nrf_sdh_soc.o
    0x0003c334   0x0003c334   0x00000020   Data   RO         8692    Region$$Table       anon$$obj.o
    0x0003c354   0x0003c354   0x00000010   Data   RO         6005    log_backends        nrf_log_default_backends.o
    0x0003c364   0x0003c364   0x00000008   Data   RO         1319    log_const_data      gatt_cache_manager.o
    0x0003c36c   0x0003c36c   0x00000008   Data   RO         1481    log_const_data      gatts_cache_manager.o
    0x0003c374   0x0003c374   0x00000008   Data   RO         1588    log_const_data      id_manager.o
    0x0003c37c   0x0003c37c   0x00000008   Data   RO         1743    log_const_data      nrf_ble_gatt.o
    0x0003c384   0x0003c384   0x00000008   Data   RO         1895    log_const_data      peer_data_storage.o
    0x0003c38c   0x0003c38c   0x00000008   Data   RO         2035    log_const_data      peer_database.o
    0x0003c394   0x0003c394   0x00000008   Data   RO         2273    log_const_data      peer_manager.o
    0x0003c39c   0x0003c39c   0x00000008   Data   RO         2540    log_const_data      peer_manager_handler.o
    0x0003c3a4   0x0003c3a4   0x00000008   Data   RO         2684    log_const_data      security_dispatcher.o
    0x0003c3ac   0x0003c3ac   0x00000008   Data   RO         2824    log_const_data      security_manager.o
    0x0003c3b4   0x0003c3b4   0x00000008   Data   RO         2976    log_const_data      nrf_drv_clock.o
    0x0003c3bc   0x0003c3bc   0x00000008   Data   RO         3309    log_const_data      nrfx_clock.o
    0x0003c3c4   0x0003c3c4   0x00000008   Data   RO         3477    log_const_data      nrfx_gpiote.o
    0x0003c3cc   0x0003c3cc   0x00000008   Data   RO         3724    log_const_data      nrfx_prs.o
    0x0003c3d4   0x0003c3d4   0x00000008   Data   RO         3805    log_const_data      nrfx_uart.o
    0x0003c3dc   0x0003c3dc   0x00000008   Data   RO         3998    log_const_data      nrfx_uarte.o
    0x0003c3e4   0x0003c3e4   0x00000008   Data   RO         5387    log_const_data      nrf_fstorage.o
    0x0003c3ec   0x0003c3ec   0x00000008   Data   RO         5661    log_const_data      nrf_pwr_mgmt.o
    0x0003c3f4   0x0003c3f4   0x00000008   Data   RO         6072    log_const_data      nrf_log_frontend.o
    0x0003c3fc   0x0003c3fc   0x00000008   Data   RO         6651    log_const_data      nrf_sdh.o
    0x0003c404   0x0003c404   0x00000008   Data   RO         6762    log_const_data      nrf_sdh_ble.o
    0x0003c40c   0x0003c40c   0x00000008   Data   RO         6815    log_const_data      nrf_sdh_soc.o
    0x0003c414   0x0003c414   0x00000014   Data   RO         6073    nrf_balloc          nrf_log_frontend.o
    0x0003c428   0x0003c428   0x00000008   Data   RO         1094    sdh_ble_observers0  ble_conn_state.o
    0x0003c430   0x0003c430   0x00000010   Data   RO           22    sdh_ble_observers1  main.o
    0x0003c440   0x0003c440   0x00000008   Data   RO          680    sdh_ble_observers1  bsp_btn_ble.o
    0x0003c448   0x0003c448   0x00000008   Data   RO         1010    sdh_ble_observers1  ble_conn_params.o
    0x0003c450   0x0003c450   0x00000008   Data   RO         2274    sdh_ble_observers1  peer_manager.o
    0x0003c458   0x0003c458   0x00000008   Data   RO           23    sdh_ble_observers2  main.o
    0x0003c460   0x0003c460   0x00000008   Data   RO           24    sdh_ble_observers3  main.o
    0x0003c468   0x0003c468   0x00000008   Data   RO         5481    sdh_req_observers0  nrf_fstorage_sd.o
    0x0003c470   0x0003c470   0x00000008   Data   RO         2977    sdh_soc_observers0  nrf_drv_clock.o
    0x0003c478   0x0003c478   0x00000008   Data   RO         5482    sdh_soc_observers0  nrf_fstorage_sd.o
    0x0003c480   0x0003c480   0x00000008   Data   RO           25    sdh_soc_observers1  main.o
    0x0003c488   0x0003c488   0x00000008   Data   RO         6763    sdh_stack_observers0  nrf_sdh_ble.o
    0x0003c490   0x0003c490   0x00000008   Data   RO         6816    sdh_stack_observers0  nrf_sdh_soc.o
    0x0003c498   0x0003c498   0x00000008   Data   RO         2978    sdh_state_observers0  nrf_drv_clock.o
    0x0003c4a0   0x0003c4a0   0x00000008   Data   RO         5483    sdh_state_observers0  nrf_fstorage_sd.o


    Execution Region RW_IRAM1 (Exec base: 0x20002210, Load base: 0x0003c4a8, Size: 0x000066d0, Max: 0x0003ddf0, ABSOLUTE, COMPRESSED[0x0000039c])

    Exec Addr    Load Addr    Size         Type   Attr      Idx    E Section Name        Object

    0x20002210   COMPRESSED   0x00000550   Data   RW           17    .data               main.o
    0x20002760   COMPRESSED   0x00000010   Data   RW          578    .data               bsp.o
    0x20002770   COMPRESSED   0x00000008   Data   RW          679    .data               bsp_btn_ble.o
    0x20002778   COMPRESSED   0x00000008   Data   RW         1009    .data               ble_conn_params.o
    0x20002780   COMPRESSED   0x00000010   Data   RW         1318    .data               gatt_cache_manager.o
    0x20002790   COMPRESSED   0x0000000c   Data   RW         1480    .data               gatts_cache_manager.o
    0x2000279c   COMPRESSED   0x0000000c   Data   RW         1894    .data               peer_data_storage.o
    0x200027a8   COMPRESSED   0x00000008   Data   RW         2034    .data               peer_database.o
    0x200027b0   COMPRESSED   0x00000010   Data   RW         2272    .data               peer_manager.o
    0x200027c0   COMPRESSED   0x00000060   Data   RW         2538    .data               peer_manager_handler.o
    0x20002820   COMPRESSED   0x00000005   Data   RW         2683    .data               security_dispatcher.o
    0x20002825   COMPRESSED   0x00000003   PAD
    0x20002828   COMPRESSED   0x00000015   Data   RW         2823    .data               security_manager.o
    0x2000283d   COMPRESSED   0x00000003   PAD
    0x20002840   COMPRESSED   0x00000008   Data   RW         3308    .data               nrfx_clock.o
    0x20002848   COMPRESSED   0x00000008   Data   RW         3723    .data               nrfx_prs.o
    0x20002850   COMPRESSED   0x00000020   Data   RW         4142    .data               app_button.o
    0x20002870   COMPRESSED   0x00000014   Data   RW         4381    .data               app_timer.o
    0x20002884   COMPRESSED   0x00000030   Data   RW         4676    .data               fds.o
    0x200028b4   COMPRESSED   0x00000008   Data   RW         5480    .data               nrf_fstorage_sd.o
    0x200028bc   COMPRESSED   0x00000008   Data   RW         5660    .data               nrf_pwr_mgmt.o
    0x200028c4   COMPRESSED   0x00000001   Data   RW         5889    .data               nrf_log_backend_rtt.o
    0x200028c5   COMPRESSED   0x00000003   PAD
    0x200028c8   COMPRESSED   0x00000008   Data   RW         6004    .data               nrf_log_default_backends.o
    0x200028d0   COMPRESSED   0x00000008   Data   RW         6070    .data               nrf_log_frontend.o
    0x200028d8   COMPRESSED   0x00000008   Data   RW         6071    .data               nrf_log_frontend.o
    0x200028e0   COMPRESSED   0x00000040   Data   RW         6230    .data               nrf_log_str_formatter.o
    0x20002920   COMPRESSED   0x00000003   Data   RW         6650    .data               nrf_sdh.o
    0x20002923   COMPRESSED   0x00000001   Data   RW         6761    .data               nrf_sdh_ble.o
    0x20002924   COMPRESSED   0x00000048   Data   RW         6886    .data               nn_header.o
    0x2000296c   COMPRESSED   0x00000004   Data   RW         7088    .data               rtx_conf_cm.o
    0x20002970   COMPRESSED   0x00000010   Data   RW         7089    .data               rtx_conf_cm.o
    0x20002980   COMPRESSED   0x00000004   Data   RW         7090    .data               rtx_conf_cm.o
    0x20002984   COMPRESSED   0x00000004   Data   RW         7091    .data               rtx_conf_cm.o
    0x20002988   COMPRESSED   0x00000004   Data   RW         7133    .data               system_nrf52840.o
    0x2000298c   COMPRESSED   0x00000008   Data   RW         7361    .data               RTX_CM4.lib(rt_cmsis.o)
    0x20002994   COMPRESSED   0x00000008   Data   RW         7904    .data               RTX_CM4.lib(rt_task.o)
    0x2000299c   COMPRESSED   0x00000008   Data   RW         7989    .data               RTX_CM4.lib(rt_system.o)
    0x200029a4   COMPRESSED   0x00000004   Data   RW         8283    .data               RTX_CM4.lib(rt_time.o)
    0x200029a8   COMPRESSED   0x00000001   Data   RW         8403    .data               RTX_CM4.lib(hal_cm.o)
    0x200029a9   COMPRESSED   0x00000003   PAD
    0x200029ac   COMPRESSED   0x00000008   Data   RW         8451    .data               RTX_CM4.lib(rt_robin.o)
    0x200029b4   COMPRESSED   0x00000004   Data   RW         8664    .data               mc_w.l(mvars.o)
    0x200029b8   COMPRESSED   0x00000004   Data   RW         8665    .data               mc_w.l(mvars.o)
    0x200029bc   COMPRESSED   0x00000004   Data   RW         8669    .data               mc_w.l(errno.o)
    0x200029c0   COMPRESSED   0x00000014   Data   RW         4677    fs_data             fds.o
    0x200029d4        -       0x00000278   Zero   RW           16    .bss                main.o
    0x20002c4c        -       0x00000020   Zero   RW          573    .bss                bsp.o
    0x20002c6c        -       0x00000020   Zero   RW          574    .bss                bsp.o
    0x20002c8c        -       0x0000000c   Zero   RW          575    .bss                bsp.o
    0x20002c98        -       0x00000020   Zero   RW          576    .bss                bsp.o
    0x20002cb8        -       0x00000050   Zero   RW         1008    .bss                ble_conn_params.o
    0x20002d08        -       0x00000078   Zero   RW         1093    .bss                ble_conn_state.o
    0x20002d80        -       0x000000d8   Zero   RW         1583    .bss                id_manager.o
    0x20002e58        -       0x00000180   Zero   RW         2030    .bss                peer_database.o
    0x20002fd8        -       0x00000040   Zero   RW         2146    .bss                peer_id.o
    0x20003018        -       0x0000000c   Zero   RW         2268    .bss                peer_manager.o
    0x20003024        -       0x00000040   Zero   RW         2679    .bss                security_dispatcher.o
    0x20003064        -       0x00000014   Zero   RW         2970    .bss                nrf_drv_clock.o
    0x20003078        -       0x0000006c   Zero   RW         3471    .bss                nrfx_gpiote.o
    0x200030e4        -       0x00000020   Zero   RW         4140    .bss                app_button.o
    0x20003104        -       0x0000010c   Zero   RW         4379    .bss                app_timer.o
    0x20003210        -       0x0000000c   Zero   RW         4532    .bss                app_util_platform.o
    0x2000321c        -       0x00000010   Zero   RW         4673    .bss                fds.o
    0x2000322c        -       0x000000e0   Zero   RW         4674    .bss                fds.o
    0x2000330c        -       0x00000010   Zero   RW         5476    .bss                nrf_fstorage_sd.o
    0x2000331c        -       0x000000a0   Zero   RW         5477    .bss                nrf_fstorage_sd.o
    0x200033bc        -       0x0000000c   Zero   RW         5656    .bss                nrf_pwr_mgmt.o
    0x200033c8        -       0x00000400   Zero   RW         5886    .bss                nrf_log_backend_rtt.o
    0x200037c8        -       0x000000c0   Zero   RW         6064    .bss                nrf_log_frontend.o
    0x20003888        -       0x00000080   Zero   RW         6065    .bss                nrf_log_frontend.o
    0x20003908        -       0x00000018   Zero   RW         6066    .bss                nrf_log_frontend.o
    0x20003920        -       0x00000424   Zero   RW         6067    .bss                nrf_log_frontend.o
    0x20003d44        -       0x00000288   Zero   RW         6306    .bss                segger_rtt.o
    0x20003fcc        -       0x00000020   Zero   RW         7065    .bss                rtx_conf_cm.o
    0x20003fec        -       0x00000178   Zero   RW         7066    .bss                rtx_conf_cm.o
    0x20004164   COMPRESSED   0x00000004   PAD
    0x20004168        -       0x000004c0   Zero   RW         7067    .bss                rtx_conf_cm.o
    0x20004628        -       0x000001b0   Zero   RW         7068    .bss                rtx_conf_cm.o
    0x200047d8        -       0x00000084   Zero   RW         7069    .bss                rtx_conf_cm.o
    0x2000485c        -       0x0000001c   Zero   RW         7070    .bss                rtx_conf_cm.o
    0x20004878        -       0x00000034   Zero   RW         7903    .bss                RTX_CM4.lib(rt_task.o)
    0x200048ac        -       0x00000030   Zero   RW         8123    .bss                RTX_CM4.lib(rt_list.o)
    0x200048dc   COMPRESSED   0x00000004   PAD
    0x200048e0        -       0x00002000   Zero   RW         7122    HEAP                arm_startup_nrf52840.o
    0x200068e0        -       0x00002000   Zero   RW         7121    STACK               arm_startup_nrf52840.o


==============================================================================

Image component sizes


      Code (inc. data)   RO Data    RW Data    ZI Data      Debug   Object Name

       444         38          8         32         32      13502   app_button.o
        22          0          0          0          0       2525   app_error.o
       132         46          0          0          0      30661   app_error_weak.o
         0          0          0          0          0      37142   app_scheduler.o
      1510        118          6         20        268      49423   app_timer.o
       124         14          0          0         12       9790   app_util_platform.o
        36          8        512          0      16384        972   arm_startup_nrf52840.o
      1324          0          0          0          0      53796   ble_advdata.o
      1068          6          0          0          0      11384   ble_advertising.o
       636         44          8          8         80       9587   ble_conn_params.o
       718         56          8          0        120      14771   ble_conn_state.o
         8          0          0          0          0       1534   ble_srv_common.o
       440         46          8          0          0      52231   boards.o
      1016         90         44         16        108      16259   bsp.o
       252         10          8          8          0       5032   bsp_btn_ble.o
      3442        316         24         68        240      51975   fds.o
      2164        556        569         16          0      35467   gatt_cache_manager.o
       686         84        462         12          0      16975   gatts_cache_manager.o
       946         34         32          0        216      17744   id_manager.o
      1424        320         40       1360        632     210940   main.o
      2066         50      36344         72          0      14250   nn_header.o
       342          0          0          0          0       7022   nrf_atfifo.o
       170          0          0          0          0       4980   nrf_atflags.o
       332          0          0          0          0      10630   nrf_atomic.o
       164          0          0          0          0       3784   nrf_balloc.o
       922        272        205          0          0      37111   nrf_ble_gatt.o
       276          0          0          0          0       4893   nrf_ble_qwr.o
       276         34         30          0         20      38164   nrf_drv_clock.o
        50          0          0          0          0       3685   nrf_fprintf.o
       866          4         16          0          0       5698   nrf_fprintf_format.o
       972        432        194          0          0       8372   nrf_fstorage.o
       798         82         72          8        176      16699   nrf_fstorage_sd.o
       116         20         18          1       1024       6477   nrf_log_backend_rtt.o
       200          0          0          0          0      11013   nrf_log_backend_serial.o
        28          4         32          8          0       3457   nrf_log_default_backends.o
      1512        114         44         16       1404      32244   nrf_log_frontend.o
       570        108        102         64          0       5884   nrf_log_str_formatter.o
       346          0          0          0          0       9911   nrf_memobj.o
       108         16         53          8         12      35642   nrf_pwr_mgmt.o
        28          0          0          0          0       2483   nrf_ringbuf.o
       552         60        104          3          0      42308   nrf_sdh.o
       828        352        468          1          0       6681   nrf_sdh_ble.o
        60          4         56          0          0       2584   nrf_sdh_soc.o
        78          0          0          0          0       2932   nrf_section_iter.o
        76         10       1319          0          0       2895   nrf_strerror.o
       222         30         14          8          0      43922   nrfx_clock.o
      1374         92         23          0        108      61415   nrfx_gpiote.o
        12          6         12          8          0       2250   nrfx_prs.o
         0          0         13          0          0       7512   nrfx_uart.o
         0          0         14          0          0      10798   nrfx_uarte.o
      1152        144        285         12          0      18962   peer_data_storage.o
      1442        260        425          8        384      20166   peer_database.o
       314         38          0          0         64       9655   peer_id.o
      1778        456        217         16         12      20915   peer_manager.o
      1720        822        767         96          0       9192   peer_manager_handler.o
       234          0          0          0          0       5675   pm_buffer.o
        28          6         68         28       2216       8032   rtx_conf_cm.o
      1948        266        855          5         64      27679   security_dispatcher.o
      1108        114        407         21          0      50774   security_manager.o
       378         34          0          0        648       9341   segger_rtt.o
       476         60          0          4          0       2467   system_nrf52840.o

    ----------------------------------------------------------------------
     40388       5676      44000       1936      24228    1270264   Object Totals
         0          0         32          0          0          0   (incl. Generated)
        74          0         82          9          4          0   (incl. Padding)

    ----------------------------------------------------------------------

      Code (inc. data)   RO Data    RW Data    ZI Data      Debug   Library Member Name

       268         24          0          1          0       4452   hal_cm.o
       408         34          0          0          0        816   hal_cm4.o
      1118        140          0          8          0      33869   rt_cmsis.o
        80          4          0          0          0        701   rt_event.o
       530         34          0          0         48       8597   rt_list.o
       550         10          0          0          0       4185   rt_mailbox.o
       140          0          0          0          0       2045   rt_membox.o
       128          0          0          0          0       2419   rt_memory.o
        96         22          0          8          0       1230   rt_robin.o
        52          4          0          0          0        613   rt_semaphore.o
       298         52          0          8          0       6439   rt_system.o
      1216        174          0          8         52      10025   rt_task.o
         0          0          0          4          0        206   rt_time.o
         4          4          0          0          0        200   svc_table.o
       264          0          0          0          0      18066   arm_mat_add_f32.o
         8          0          0          0          0        931   arm_mat_init_f32.o
       316          4          0          0          0       2303   arm_mat_mult_f32.o
       488         62         48          0          0        236   expf.o
        38          0          0          0          0        116   fpclassifyf.o
        38         12          0          0          0        348   funder.o
        94          0          0          0          0          0   __dclz77c.o
         8          4        133          0          0         68   ctype_o.o
         0          0          0          0          0          0   entry.o
         0          0          0          0          0          0   entry10a.o
         0          0          0          0          0          0   entry11a.o
         8          4          0          0          0          0   entry2.o
         4          0          0          0          0          0   entry5.o
         0          0          0          0          0          0   entry7b.o
         0          0          0          0          0          0   entry8b.o
        12          6          0          4          0         68   errno.o
        30          0          0          0          0          0   handlers.o
        36          8          0          0          0         68   init.o
         0          0          0          0          0          0   iusefp.o
        30          0          0          0          0         68   llshl.o
        32          0          0          0          0         68   llushr.o
       188         20          0          0          0        160   malloc.o
        26          0          0          0          0         80   memcmp.o
        36          0          0          0          0         68   memcpya.o
        36          0          0          0          0        108   memseta.o
         0          0          0          8          0          0   mvars.o
        18          0          0          0          0         68   strcpy.o
        14          0          0          0          0         68   strlen.o
        98          0          0          0          0         92   uldiv.o

    ----------------------------------------------------------------------
      6732        622        184         52        104      98781   Library Totals
        22          0          3          3          4          0   (incl. Padding)

    ----------------------------------------------------------------------

      Code (inc. data)   RO Data    RW Data    ZI Data      Debug   Library Name

      4888        502          0         37        100      75797   RTX_CM4.lib
       588          4          0          0          0      21300   arm_cortexM4lf_math.lib
       564         74         48          0          0        700   m_wm.l
       670         42        133         12          0        984   mc_w.l

    ----------------------------------------------------------------------
      6732        622        184         52        104      98781   Library Totals

    ----------------------------------------------------------------------

==============================================================================


      Code (inc. data)   RO Data    RW Data    ZI Data      Debug   

     47120       6298      44184       1988      24332    1314165   Grand Totals
     47120       6298      44184        924      24332    1314165   ELF Image Totals (compressed)
     47120       6298      44184        924          0          0   ROM Totals

==============================================================================

    Total RO  Size (Code + RO Data)                91304 (  89.16kB)
    Total RW  Size (RW Data + ZI Data)             26320 (  25.70kB)
    Total ROM Size (Code + RO Data + RW Data)      92228 (  90.07kB)

==============================================================================

