<html>
<body>
<pre>
<h1>µVision Build Log</h1>
<h2>Tool Versions:</h2>
IDE-Version: £gVision V5.27.1.0
Copyright (C) 2019 ARM Ltd and ARM Germany GmbH. All rights reserved.
License Information: Simon Wong, CyPhy Media Limited, LIC=ATTHL-0I77F-DXPU3-ATA84-9LM2Z-R7CWU
 
Tool Versions:
Toolchain:       MDK-ARM Plus  Version: 5.27.1.0
Toolchain Path:  E:\Keil_v5\ARM\ARMCC\Bin
C Compiler:      Armcc.exe V5.06 update 6 (build 750)
Assembler:       Armasm.exe V5.06 update 6 (build 750)
Linker/Locator:  ArmLink.exe V5.06 update 6 (build 750)
Library Manager: ArmAr.exe V5.06 update 6 (build 750)
Hex Converter:   FromElf.exe V5.06 update 6 (build 750)
CPU DLL:         
Dialog DLL:      
Target DLL:      Segger\JL2CM3.dll V2.99.35.0
Dialog DLL:      TCM.DLL V1.36.1.0
 
<h2>Project:</h2>
E:\sw-admin\Projects\CyPhy-Beacon-Firmware-nRF52-\nRF5SDK15\nRF5_SDK_15.3.0_59ac345\examples\dfu\secure_bootloader\pca10040_ble_debug\arm5_no_packs\secure_bootloader_ble_s132_pca10040_debug.uvprojx
Project File Date:  03/11/2020

<h2>Output:</h2>
*** Using Compiler 'V5.06 update 6 (build 750)', folder: 'E:\Keil_v5\ARM\ARMCC\Bin'
Build target 'nrf52832_xxaa_s132'
compiling dfu_public_key.c...
compiling nrf_bootloader_app_start.c...
compiling boards.c...
compiling ble_srv_common.c...
compiling nrf_bootloader_app_start_final.c...
compiling main.c...
compiling nrf_bootloader.c...
compiling nrf_bootloader_dfu_timers.c...
compiling nrf_bootloader_info.c...
compiling nrf_bootloader_wdt.c...
compiling nrf_bootloader_fw_activation.c...
compiling nrf_crypto_ecc.c...
compiling nrf_crypto_init.c...
compiling nrf_crypto_hash.c...
compiling nrf_crypto_ecdsa.c...
compiling oberon_backend_ecdh.c...
compiling oberon_backend_ecc.c...
compiling oberon_backend_ecdsa.c...
compiling oberon_backend_eddsa.c...
compiling nrf_crypto_shared.c...
compiling oberon_backend_chacha_poly_aead.c...
compiling oberon_backend_hash.c...
compiling dfu-cc.pb.c...
compiling oberon_backend_hmac.c...
compiling micro_ecc_backend_ecc.c...
compiling micro_ecc_backend_ecdh.c...
compiling nrf_sw_backend_hash.c...
compiling micro_ecc_backend_ecdsa.c...
compiling nrf_dfu.c...
compiling nrf_dfu_flash.c...
compiling nrf_dfu_handling_error.c...
compiling nrf_dfu_ble.c...
compiling nrf_dfu_mbr.c...
compiling nrf_dfu_settings_svci.c...
compiling nrf_dfu_req_handler.c...
compiling nrf_dfu_settings.c...
compiling nrf_dfu_transport.c...
compiling nrf_dfu_utils.c...
compiling nrfx_atomic.c...
compiling nrf_nvmc.c...
compiling app_error_weak.c...
compiling nrf_dfu_ver_validation.c...
compiling nrf_dfu_validation.c...
compiling app_scheduler.c...
compiling nrf_assert.c...
compiling app_util_platform.c...
compiling crc32.c...
compiling nrf_atomic.c...
compiling mem_manager.c...
compiling nrf_balloc.c...
compiling nrf_atfifo.c...
compiling nrf_fprintf.c...
compiling nrf_fprintf_format.c...
compiling nrf_fstorage.c...
compiling nrf_queue.c...
compiling nrf_fstorage_nvmc.c...
compiling nrf_memobj.c...
compiling nrf_fstorage_sd.c...
compiling nrf_ringbuf.c...
compiling nrf_section_iter.c...
compiling nrf_strerror.c...
compiling sha256.c...
compiling nrf_log_default_backends.c...
compiling nrf_log_backend_rtt.c...
compiling nrf_log_backend_serial.c...
compiling nrf_dfu_svci.c...
compiling nrf_log_frontend.c...
compiling nrf_log_str_formatter.c...
compiling nrf_dfu_svci_handler.c...
compiling SEGGER_RTT_Syscalls_KEIL.c...
compiling nrf_svc_handler.c...
compiling pb_common.c...
compiling pb_decode.c...
compiling SEGGER_RTT.c...
compiling nrf_sdh_soc.c...
compiling nrf_sdh_ble.c...
compiling SEGGER_RTT_printf.c...
assembling arm_startup_nrf52.s...
compiling nrf_sdh.c...
compiling system_nrf52.c...
linking...
Program Size: Code=41612 RO-data=6692 RW-data=284 ZI-data=34688  
FromELF: creating hex file...
".\_build\nrf52832_xxaa_s132.axf" - 0 Error(s), 0 Warning(s).

<h2>Software Packages used:</h2>

Package Vendor: ARM
                http://www.keil.com/pack/ARM.CMSIS.4.5.0.pack
                ARM.CMSIS.4.5.0
                CMSIS (Cortex Microcontroller Software Interface Standard)
   * Component: CORE Version: 4.3.0

Package Vendor: NordicSemiconductor
                http://developer.nordicsemi.com/nRF5_SDK/pieces/nRF_DeviceFamilyPack/NordicSemiconductor.nRF_DeviceFamilyPack.8.24.1.pack
                NordicSemiconductor.nRF_DeviceFamilyPack.8.24.1
                Nordic Semiconductor nRF ARM devices Device Family Pack.
   * Component: Startup Version: 8.24.1

<h2>Collection of Component include folders:</h2>
  .\RTE\_nrf52832_xxaa_s132
  E:\Keil_v5\Arm\Packs\ARM\CMSIS\4.5.0\CMSIS\Include
  E:\Keil_v5\Arm\Packs\NordicSemiconductor\nRF_DeviceFamilyPack\8.24.1\Device\Include

<h2>Collection of Component Files used:</h2>

   * Component: ARM::CMSIS:CORE:4.3.0

   * Component: NordicSemiconductor::Device:Startup:8.24.1
      Include file:  Device\Include\system_nrf52.h
      Source file:   Device\Source\system_nrf52.c
      Source file:   Device\Source\arm\arm_startup_nrf52.s
Build Time Elapsed:  00:00:28
</pre>
</body>
</html>
